Copyright 1986-2020 Xilinx, Inc. All Rights Reserved.
-----------------------------------------------------------------------------------------------------------------
| Tool Version : Vivado v.2020.2 (lin64) Build 3064766 Wed Nov 18 09:12:47 MST 2020
| Date         : Sat Nov 22 17:12:17 2025
| Host         : pudim-flan running 64-bit Ubuntu 22.04.5 LTS
| Command      : report_utilization -file reports/iob_soc_iob_aes_ku040_db_g_xcku040-fbva676-1-c_utilization.rpt
| Design       : iob_soc_iob_aes_ku040_db_g
| Device       : xcku040fbva676-1
| Design State : Routed
-----------------------------------------------------------------------------------------------------------------

Utilization Design Information

Table of Contents
-----------------
1. CLB Logic
1.1 Summary of Registers by Type
2. CLB Logic Distribution
3. BLOCKRAM
4. ARITHMETIC
5. I/O
6. CLOCK
7. ADVANCED
8. CONFIGURATION
9. Primitives
10. Black Boxes
11. Instantiated Netlists

1. CLB Logic
------------

+----------------------------+-------+-------+-----------+-------+
|          Site Type         |  Used | Fixed | Available | Util% |
+----------------------------+-------+-------+-----------+-------+
| CLB LUTs                   | 20519 |     0 |    242400 |  8.46 |
|   LUT as Logic             | 20271 |     0 |    242400 |  8.36 |
|   LUT as Memory            |   248 |     0 |    112800 |  0.22 |
|     LUT as Distributed RAM |     0 |     0 |           |       |
|     LUT as Shift Register  |   248 |     0 |           |       |
| CLB Registers              |  9322 |     0 |    484800 |  1.92 |
|   Register as Flip Flop    |  9322 |     0 |    484800 |  1.92 |
|   Register as Latch        |     0 |     0 |    484800 |  0.00 |
| CARRY8                     |   847 |     0 |     30300 |  2.80 |
| F7 Muxes                   |   340 |     0 |    121200 |  0.28 |
| F8 Muxes                   |    34 |     0 |     60600 |  0.06 |
| F9 Muxes                   |     0 |     0 |     30300 |  0.00 |
+----------------------------+-------+-------+-----------+-------+


1.1 Summary of Registers by Type
--------------------------------

+-------+--------------+-------------+--------------+
| Total | Clock Enable | Synchronous | Asynchronous |
+-------+--------------+-------------+--------------+
| 0     |            _ |           - |            - |
| 0     |            _ |           - |          Set |
| 0     |            _ |           - |        Reset |
| 0     |            _ |         Set |            - |
| 0     |            _ |       Reset |            - |
| 0     |          Yes |           - |            - |
| 55    |          Yes |           - |          Set |
| 2601  |          Yes |           - |        Reset |
| 1296  |          Yes |         Set |            - |
| 5370  |          Yes |       Reset |            - |
+-------+--------------+-------------+--------------+


2. CLB Logic Distribution
-------------------------

+--------------------------------------------+-------+-------+-----------+-------+
|                  Site Type                 |  Used | Fixed | Available | Util% |
+--------------------------------------------+-------+-------+-----------+-------+
| CLB                                        |  3589 |     0 |     30300 | 11.84 |
|   CLBL                                     |  1752 |     0 |           |       |
|   CLBM                                     |  1837 |     0 |           |       |
| LUT as Logic                               | 20271 |     0 |    242400 |  8.36 |
|   using O5 output only                     |    53 |       |           |       |
|   using O6 output only                     | 16287 |       |           |       |
|   using O5 and O6                          |  3931 |       |           |       |
| LUT as Memory                              |   248 |     0 |    112800 |  0.22 |
|   LUT as Distributed RAM                   |     0 |     0 |           |       |
|   LUT as Shift Register                    |   248 |     0 |           |       |
|     using O5 output only                   |     0 |       |           |       |
|     using O6 output only                   |    59 |       |           |       |
|     using O5 and O6                        |   189 |       |           |       |
| CLB Registers                              |  9322 |     0 |    484800 |  1.92 |
|   Register driven from within the CLB      |  3710 |       |           |       |
|   Register driven from outside the CLB     |  5612 |       |           |       |
|     LUT in front of the register is unused |  2357 |       |           |       |
|     LUT in front of the register is used   |  3255 |       |           |       |
| Unique Control Sets                        |   245 |       |     60600 |  0.40 |
+--------------------------------------------+-------+-------+-----------+-------+
* * Note: Available Control Sets calculated as Slices * 2, Review the Control Sets Report for more information regarding control sets.


3. BLOCKRAM
-----------

+-------------------+------+-------+-----------+-------+
|     Site Type     | Used | Fixed | Available | Util% |
+-------------------+------+-------+-----------+-------+
| Block RAM Tile    |   13 |     0 |       600 |  2.17 |
|   RAMB36/FIFO*    |   11 |     0 |       600 |  1.83 |
|     RAMB36E2 only |   11 |       |           |       |
|   RAMB18          |    4 |     0 |      1200 |  0.33 |
|     RAMB18E2 only |    4 |       |           |       |
+-------------------+------+-------+-----------+-------+
* Note: Each Block RAM Tile only has one FIFO logic available and therefore can accommodate only one FIFO36E2 or one FIFO18E2. However, if a FIFO18E2 occupies a Block RAM Tile, that tile can still accommodate a RAMB18E2


4. ARITHMETIC
-------------

+-----------+------+-------+-----------+-------+
| Site Type | Used | Fixed | Available | Util% |
+-----------+------+-------+-----------+-------+
| DSPs      |    0 |     0 |      1920 |  0.00 |
+-----------+------+-------+-----------+-------+


5. I/O
------

+------------------+------+-------+-----------+-------+
|     Site Type    | Used | Fixed | Available | Util% |
+------------------+------+-------+-----------+-------+
| Bonded IOB       |    5 |     5 |       312 |  1.60 |
| HPIOB            |    5 |     5 |       208 |  2.40 |
|   INPUT          |    4 |       |           |       |
|   OUTPUT         |    1 |       |           |       |
|   BIDIR          |    0 |       |           |       |
| HRIO             |    0 |     0 |       104 |  0.00 |
| HPIOBDIFFINBUF   |    1 |     1 |       192 |  0.52 |
|   DIFFINBUF      |    1 |     1 |           |       |
| HPIOBDIFFOUTBUF  |    0 |     0 |       192 |  0.00 |
| HRIODIFFINBUF    |    0 |     0 |        48 |  0.00 |
| HRIODIFFOUTBUF   |    0 |     0 |        48 |  0.00 |
| BITSLICE_CONTROL |    0 |     0 |        80 |  0.00 |
| BITSLICE_RX_TX   |    0 |     0 |       520 |  0.00 |
| BITSLICE_TX      |    0 |     0 |        80 |  0.00 |
| RIU_OR           |    0 |     0 |        40 |  0.00 |
+------------------+------+-------+-----------+-------+


6. CLOCK
--------

+----------------------+------+-------+-----------+-------+
|       Site Type      | Used | Fixed | Available | Util% |
+----------------------+------+-------+-----------+-------+
| GLOBAL CLOCK BUFFERs |    3 |     0 |       480 |  0.63 |
|   BUFGCE             |    3 |     0 |       240 |  1.25 |
|   BUFGCE_DIV         |    0 |     0 |        40 |  0.00 |
|   BUFG_GT            |    0 |     0 |       120 |  0.00 |
|   BUFGCTRL*          |    0 |     0 |        80 |  0.00 |
| PLLE3_ADV            |    1 |     0 |        20 |  5.00 |
| MMCME3_ADV           |    0 |     0 |        10 |  0.00 |
+----------------------+------+-------+-----------+-------+
* Note: Each used BUFGCTRL counts as two GLOBAL CLOCK BUFFERs. This table does not include global clocking resources, only buffer cell usage. See the Clock Utilization Report (report_clock_utilization) for detailed accounting of global clocking resource availability.


7. ADVANCED
-----------

+-----------------+------+-------+-----------+-------+
|    Site Type    | Used | Fixed | Available | Util% |
+-----------------+------+-------+-----------+-------+
| GTHE3_CHANNEL   |    0 |     0 |        16 |  0.00 |
| GTHE3_COMMON    |    0 |     0 |         4 |  0.00 |
| IBUFDS_GTE3     |    0 |     0 |         8 |  0.00 |
| OBUFDS_GTE3     |    0 |     0 |         8 |  0.00 |
| OBUFDS_GTE3_ADV |    0 |     0 |         8 |  0.00 |
| PCIE_3_1        |    0 |     0 |         3 |  0.00 |
| SYSMONE1        |    0 |     0 |         1 |  0.00 |
+-----------------+------+-------+-----------+-------+


8. CONFIGURATION
----------------

+-------------+------+-------+-----------+-------+
|  Site Type  | Used | Fixed | Available | Util% |
+-------------+------+-------+-----------+-------+
| BSCANE2     |    0 |     0 |         4 |  0.00 |
| DNA_PORTE2  |    0 |     0 |         1 |  0.00 |
| EFUSE_USR   |    0 |     0 |         1 |  0.00 |
| FRAME_ECCE3 |    0 |     0 |         1 |  0.00 |
| ICAPE3      |    0 |     0 |         2 |  0.00 |
| MASTER_JTAG |    0 |     0 |         1 |  0.00 |
| STARTUPE3   |    0 |     0 |         1 |  0.00 |
+-------------+------+-------+-----------+-------+


9. Primitives
-------------

+-----------+-------+---------------------+
|  Ref Name |  Used | Functional Category |
+-----------+-------+---------------------+
| LUT6      | 11728 |                 CLB |
| LUT4      |  6583 |                 CLB |
| FDRE      |  5370 |            Register |
| LUT5      |  2837 |                 CLB |
| FDCE      |  2601 |            Register |
| LUT3      |  1937 |                 CLB |
| FDSE      |  1296 |            Register |
| LUT2      |  1043 |                 CLB |
| CARRY8    |   847 |                 CLB |
| SRL16E    |   437 |                 CLB |
| MUXF7     |   340 |                 CLB |
| LUT1      |    74 |                 CLB |
| FDPE      |    55 |            Register |
| MUXF8     |    34 |                 CLB |
| RAMB36E2  |    11 |            BLOCKRAM |
| RAMB18E2  |     4 |            BLOCKRAM |
| IBUFCTRL  |     3 |              Others |
| BUFGCE    |     3 |               Clock |
| INBUF     |     2 |                 I/O |
| PLLE3_ADV |     1 |               Clock |
| OBUF      |     1 |                 I/O |
| DIFFINBUF |     1 |                 I/O |
+-----------+-------+---------------------+


10. Black Boxes
---------------

+----------+------+
| Ref Name | Used |
+----------+------+


11. Instantiated Netlists
-------------------------

+----------+------+
| Ref Name | Used |
+----------+------+


