Copyright 1986-2020 Xilinx, Inc. All Rights Reserved.
-----------------------------------------------------------------------------------------------------------------
| Tool Version : Vivado v.2020.2 (lin64) Build 3064766 Wed Nov 18 09:12:47 MST 2020
| Date         : Thu Jan 15 17:35:54 2026
| Host         : sericaia running 64-bit Ubuntu 22.04.5 LTS
| Command      : report_utilization -file reports/iob_soc_iob_aes_ku040_db_g_xcku040-fbva676-1-c_utilization.rpt
| Design       : iob_soc_iob_aes_ku040_db_g
| Device       : xcku040fbva676-1
| Design State : Routed
-----------------------------------------------------------------------------------------------------------------

Utilization Design Information

Table of Contents
-----------------
1. CLB Logic
1.1 Summary of Registers by Type
2. CLB Logic Distribution
3. BLOCKRAM
4. ARITHMETIC
5. I/O
6. CLOCK
7. ADVANCED
8. CONFIGURATION
9. Primitives
10. Black Boxes
11. Instantiated Netlists

1. CLB Logic
------------

+----------------------------+-------+-------+-----------+-------+
|          Site Type         |  Used | Fixed | Available | Util% |
+----------------------------+-------+-------+-----------+-------+
| CLB LUTs                   | 10528 |     0 |    242400 |  4.34 |
|   LUT as Logic             | 10433 |     0 |    242400 |  4.30 |
|   LUT as Memory            |    95 |     0 |    112800 |  0.08 |
|     LUT as Distributed RAM |    64 |     0 |           |       |
|     LUT as Shift Register  |    31 |     0 |           |       |
| CLB Registers              |  6370 |     0 |    484800 |  1.31 |
|   Register as Flip Flop    |  6370 |     0 |    484800 |  1.31 |
|   Register as Latch        |     0 |     0 |    484800 |  0.00 |
| CARRY8                     |   149 |     0 |     30300 |  0.49 |
| F7 Muxes                   |    54 |     0 |    121200 |  0.04 |
| F8 Muxes                   |     2 |     0 |     60600 | <0.01 |
| F9 Muxes                   |     0 |     0 |     30300 |  0.00 |
+----------------------------+-------+-------+-----------+-------+


1.1 Summary of Registers by Type
--------------------------------

+-------+--------------+-------------+--------------+
| Total | Clock Enable | Synchronous | Asynchronous |
+-------+--------------+-------------+--------------+
| 0     |            _ |           - |            - |
| 0     |            _ |           - |          Set |
| 0     |            _ |           - |        Reset |
| 0     |            _ |         Set |            - |
| 0     |            _ |       Reset |            - |
| 0     |          Yes |           - |            - |
| 56    |          Yes |           - |          Set |
| 1419  |          Yes |           - |        Reset |
| 141   |          Yes |         Set |            - |
| 4754  |          Yes |       Reset |            - |
+-------+--------------+-------------+--------------+


2. CLB Logic Distribution
-------------------------

+--------------------------------------------+-------+-------+-----------+-------+
|                  Site Type                 |  Used | Fixed | Available | Util% |
+--------------------------------------------+-------+-------+-----------+-------+
| CLB                                        |  2104 |     0 |     30300 |  6.94 |
|   CLBL                                     |  1133 |     0 |           |       |
|   CLBM                                     |   971 |     0 |           |       |
| LUT as Logic                               | 10433 |     0 |    242400 |  4.30 |
|   using O5 output only                     |    87 |       |           |       |
|   using O6 output only                     |  8476 |       |           |       |
|   using O5 and O6                          |  1870 |       |           |       |
| LUT as Memory                              |    95 |     0 |    112800 |  0.08 |
|   LUT as Distributed RAM                   |    64 |     0 |           |       |
|     using O5 output only                   |     0 |       |           |       |
|     using O6 output only                   |     8 |       |           |       |
|     using O5 and O6                        |    56 |       |           |       |
|   LUT as Shift Register                    |    31 |     0 |           |       |
|     using O5 output only                   |     0 |       |           |       |
|     using O6 output only                   |    31 |       |           |       |
|     using O5 and O6                        |     0 |       |           |       |
| CLB Registers                              |  6370 |     0 |    484800 |  1.31 |
|   Register driven from within the CLB      |  3460 |       |           |       |
|   Register driven from outside the CLB     |  2910 |       |           |       |
|     LUT in front of the register is unused |  1327 |       |           |       |
|     LUT in front of the register is used   |  1583 |       |           |       |
| Unique Control Sets                        |   259 |       |     60600 |  0.43 |
+--------------------------------------------+-------+-------+-----------+-------+
* * Note: Available Control Sets calculated as Slices * 2, Review the Control Sets Report for more information regarding control sets.


3. BLOCKRAM
-----------

+-------------------+------+-------+-----------+-------+
|     Site Type     | Used | Fixed | Available | Util% |
+-------------------+------+-------+-----------+-------+
| Block RAM Tile    |   73 |     0 |       600 | 12.17 |
|   RAMB36/FIFO*    |   71 |     0 |       600 | 11.83 |
|     RAMB36E2 only |   71 |       |           |       |
|   RAMB18          |    4 |     0 |      1200 |  0.33 |
|     RAMB18E2 only |    4 |       |           |       |
+-------------------+------+-------+-----------+-------+
* Note: Each Block RAM Tile only has one FIFO logic available and therefore can accommodate only one FIFO36E2 or one FIFO18E2. However, if a FIFO18E2 occupies a Block RAM Tile, that tile can still accommodate a RAMB18E2


4. ARITHMETIC
-------------

+----------------+------+-------+-----------+-------+
|    Site Type   | Used | Fixed | Available | Util% |
+----------------+------+-------+-----------+-------+
| DSPs           |    2 |     0 |      1920 |  0.10 |
|   DSP48E2 only |    2 |       |           |       |
+----------------+------+-------+-----------+-------+


5. I/O
------

+------------------+------+-------+-----------+-------+
|     Site Type    | Used | Fixed | Available | Util% |
+------------------+------+-------+-----------+-------+
| Bonded IOB       |    7 |     7 |       312 |  2.24 |
| HPIOB            |    7 |     7 |       208 |  3.37 |
|   INPUT          |    5 |       |           |       |
|   OUTPUT         |    2 |       |           |       |
|   BIDIR          |    0 |       |           |       |
| HRIO             |    0 |     0 |       104 |  0.00 |
| HPIOBDIFFINBUF   |    1 |     1 |       192 |  0.52 |
|   DIFFINBUF      |    1 |     1 |           |       |
| HPIOBDIFFOUTBUF  |    0 |     0 |       192 |  0.00 |
| HRIODIFFINBUF    |    0 |     0 |        48 |  0.00 |
| HRIODIFFOUTBUF   |    0 |     0 |        48 |  0.00 |
| BITSLICE_CONTROL |    0 |     0 |        80 |  0.00 |
| BITSLICE_RX_TX   |    0 |     0 |       520 |  0.00 |
| BITSLICE_TX      |    0 |     0 |        80 |  0.00 |
| RIU_OR           |    0 |     0 |        40 |  0.00 |
+------------------+------+-------+-----------+-------+


6. CLOCK
--------

+----------------------+------+-------+-----------+-------+
|       Site Type      | Used | Fixed | Available | Util% |
+----------------------+------+-------+-----------+-------+
| GLOBAL CLOCK BUFFERs |    3 |     0 |       480 |  0.63 |
|   BUFGCE             |    3 |     0 |       240 |  1.25 |
|   BUFGCE_DIV         |    0 |     0 |        40 |  0.00 |
|   BUFG_GT            |    0 |     0 |       120 |  0.00 |
|   BUFGCTRL*          |    0 |     0 |        80 |  0.00 |
| PLLE3_ADV            |    1 |     0 |        20 |  5.00 |
| MMCME3_ADV           |    0 |     0 |        10 |  0.00 |
+----------------------+------+-------+-----------+-------+
* Note: Each used BUFGCTRL counts as two GLOBAL CLOCK BUFFERs. This table does not include global clocking resources, only buffer cell usage. See the Clock Utilization Report (report_clock_utilization) for detailed accounting of global clocking resource availability.


7. ADVANCED
-----------

+-----------------+------+-------+-----------+-------+
|    Site Type    | Used | Fixed | Available | Util% |
+-----------------+------+-------+-----------+-------+
| GTHE3_CHANNEL   |    0 |     0 |        16 |  0.00 |
| GTHE3_COMMON    |    0 |     0 |         4 |  0.00 |
| IBUFDS_GTE3     |    0 |     0 |         8 |  0.00 |
| OBUFDS_GTE3     |    0 |     0 |         8 |  0.00 |
| OBUFDS_GTE3_ADV |    0 |     0 |         8 |  0.00 |
| PCIE_3_1        |    0 |     0 |         3 |  0.00 |
| SYSMONE1        |    0 |     0 |         1 |  0.00 |
+-----------------+------+-------+-----------+-------+


8. CONFIGURATION
----------------

+-------------+------+-------+-----------+--------+
|  Site Type  | Used | Fixed | Available |  Util% |
+-------------+------+-------+-----------+--------+
| BSCANE2     |    1 |     0 |         4 |  25.00 |
| DNA_PORTE2  |    0 |     0 |         1 |   0.00 |
| EFUSE_USR   |    0 |     0 |         1 |   0.00 |
| FRAME_ECCE3 |    1 |     0 |         1 | 100.00 |
| ICAPE3      |    1 |     0 |         2 |  50.00 |
| MASTER_JTAG |    0 |     0 |         1 |   0.00 |
| STARTUPE3   |    0 |     0 |         1 |   0.00 |
+-------------+------+-------+-----------+--------+


9. Primitives
-------------

+-------------+------+---------------------+
|   Ref Name  | Used | Functional Category |
+-------------+------+---------------------+
| LUT6        | 4813 |                 CLB |
| FDRE        | 4754 |            Register |
| LUT4        | 2645 |                 CLB |
| LUT5        | 2207 |                 CLB |
| LUT3        | 1801 |                 CLB |
| FDCE        | 1419 |            Register |
| LUT2        |  753 |                 CLB |
| CARRY8      |  149 |                 CLB |
| FDSE        |  141 |            Register |
| RAMD32      |   94 |                 CLB |
| LUT1        |   84 |                 CLB |
| RAMB36E2    |   71 |            BLOCKRAM |
| FDPE        |   56 |            Register |
| MUXF7       |   54 |                 CLB |
| SRLC32E     |   22 |                 CLB |
| RAMS32      |   18 |                 CLB |
| SRL16E      |    9 |                 CLB |
| RAMD64E     |    8 |                 CLB |
| RAMB18E2    |    4 |            BLOCKRAM |
| IBUFCTRL    |    4 |              Others |
| INBUF       |    3 |                 I/O |
| BUFGCE      |    3 |               Clock |
| OBUF        |    2 |                 I/O |
| MUXF8       |    2 |                 CLB |
| DSP48E2     |    2 |          Arithmetic |
| PLLE3_ADV   |    1 |               Clock |
| ICAPE3      |    1 |       Configuration |
| FRAME_ECCE3 |    1 |       Configuration |
| DIFFINBUF   |    1 |                 I/O |
| BSCANE2     |    1 |       Configuration |
+-------------+------+---------------------+


10. Black Boxes
---------------

+----------+------+
| Ref Name | Used |
+----------+------+


11. Instantiated Netlists
-------------------------

+--------------------------+------+
|         Ref Name         | Used |
+--------------------------+------+
| sem_ultra_0_vio_si1_so5  |    1 |
| sem_ultra_0_vio_si1_so41 |    1 |
| sem_ultra_0_vio_si14     |    1 |
| sem_ultra_0              |    1 |
| dbg_hub                  |    1 |
+--------------------------+------+


