Archive member included to satisfy reference by file (symbol)

/nix/store/vcz79nh29xywisg3qrwqphz9qjm8c5zp-riscv-gnu-toolchain/lib/gcc/riscv64-unknown-elf/11.1.0/../../../../riscv64-unknown-elf/lib/rv32i/ilp32/libc_nano.a(lib_a-malloc.o)
                              /run/user/1015/cchqVQ0B.o (malloc)
/nix/store/vcz79nh29xywisg3qrwqphz9qjm8c5zp-riscv-gnu-toolchain/lib/gcc/riscv64-unknown-elf/11.1.0/../../../../riscv64-unknown-elf/lib/rv32i/ilp32/libc_nano.a(lib_a-memcpy-asm.o)
                              /run/user/1015/cchqVQ0B.o (memcpy)
/nix/store/vcz79nh29xywisg3qrwqphz9qjm8c5zp-riscv-gnu-toolchain/lib/gcc/riscv64-unknown-elf/11.1.0/../../../../riscv64-unknown-elf/lib/rv32i/ilp32/libc_nano.a(lib_a-nano-freer.o)
                              /nix/store/vcz79nh29xywisg3qrwqphz9qjm8c5zp-riscv-gnu-toolchain/lib/gcc/riscv64-unknown-elf/11.1.0/../../../../riscv64-unknown-elf/lib/rv32i/ilp32/libc_nano.a(lib_a-malloc.o) (_free_r)
/nix/store/vcz79nh29xywisg3qrwqphz9qjm8c5zp-riscv-gnu-toolchain/lib/gcc/riscv64-unknown-elf/11.1.0/../../../../riscv64-unknown-elf/lib/rv32i/ilp32/libc_nano.a(lib_a-nano-mallocr.o)
                              /nix/store/vcz79nh29xywisg3qrwqphz9qjm8c5zp-riscv-gnu-toolchain/lib/gcc/riscv64-unknown-elf/11.1.0/../../../../riscv64-unknown-elf/lib/rv32i/ilp32/libc_nano.a(lib_a-malloc.o) (_malloc_r)
/nix/store/vcz79nh29xywisg3qrwqphz9qjm8c5zp-riscv-gnu-toolchain/lib/gcc/riscv64-unknown-elf/11.1.0/../../../../riscv64-unknown-elf/lib/rv32i/ilp32/libc_nano.a(lib_a-sbrkr.o)
                              /nix/store/vcz79nh29xywisg3qrwqphz9qjm8c5zp-riscv-gnu-toolchain/lib/gcc/riscv64-unknown-elf/11.1.0/../../../../riscv64-unknown-elf/lib/rv32i/ilp32/libc_nano.a(lib_a-nano-mallocr.o) (_sbrk_r)
/nix/store/vcz79nh29xywisg3qrwqphz9qjm8c5zp-riscv-gnu-toolchain/lib/gcc/riscv64-unknown-elf/11.1.0/../../../../riscv64-unknown-elf/lib/rv32i/ilp32/libc_nano.a(lib_a-strcmp.o)
                              /run/user/1015/cchqVQ0B.o (strcmp)
/nix/store/vcz79nh29xywisg3qrwqphz9qjm8c5zp-riscv-gnu-toolchain/lib/gcc/riscv64-unknown-elf/11.1.0/../../../../riscv64-unknown-elf/lib/rv32i/ilp32/libc_nano.a(lib_a-strcpy.o)
                              /run/user/1015/cchqVQ0B.o (strcpy)
/nix/store/vcz79nh29xywisg3qrwqphz9qjm8c5zp-riscv-gnu-toolchain/lib/gcc/riscv64-unknown-elf/11.1.0/../../../../riscv64-unknown-elf/lib/rv32i/ilp32/libc_nano.a(lib_a-strlen.o)
                              /run/user/1015/cchqVQ0B.o (strlen)
/nix/store/vcz79nh29xywisg3qrwqphz9qjm8c5zp-riscv-gnu-toolchain/lib/gcc/riscv64-unknown-elf/11.1.0/../../../../riscv64-unknown-elf/lib/rv32i/ilp32/libc_nano.a(lib_a-impure.o)
                              /nix/store/vcz79nh29xywisg3qrwqphz9qjm8c5zp-riscv-gnu-toolchain/lib/gcc/riscv64-unknown-elf/11.1.0/../../../../riscv64-unknown-elf/lib/rv32i/ilp32/libc_nano.a(lib_a-malloc.o) (_impure_ptr)
/nix/store/vcz79nh29xywisg3qrwqphz9qjm8c5zp-riscv-gnu-toolchain/lib/gcc/riscv64-unknown-elf/11.1.0/../../../../riscv64-unknown-elf/lib/rv32i/ilp32/libc_nano.a(lib_a-mlock.o)
                              /nix/store/vcz79nh29xywisg3qrwqphz9qjm8c5zp-riscv-gnu-toolchain/lib/gcc/riscv64-unknown-elf/11.1.0/../../../../riscv64-unknown-elf/lib/rv32i/ilp32/libc_nano.a(lib_a-nano-freer.o) (__malloc_lock)
/nix/store/vcz79nh29xywisg3qrwqphz9qjm8c5zp-riscv-gnu-toolchain/lib/gcc/riscv64-unknown-elf/11.1.0/../../../../riscv64-unknown-elf/lib/rv32i/ilp32/libc_nano.a(lib_a-reent.o)
                              /nix/store/vcz79nh29xywisg3qrwqphz9qjm8c5zp-riscv-gnu-toolchain/lib/gcc/riscv64-unknown-elf/11.1.0/../../../../riscv64-unknown-elf/lib/rv32i/ilp32/libc_nano.a(lib_a-sbrkr.o) (errno)
/nix/store/vcz79nh29xywisg3qrwqphz9qjm8c5zp-riscv-gnu-toolchain/lib/gcc/riscv64-unknown-elf/11.1.0/rv32i/ilp32/libgcc.a(_udivdi3.o)
                              /run/user/1015/ccZ6f7JH.o (__udivdi3)
/nix/store/vcz79nh29xywisg3qrwqphz9qjm8c5zp-riscv-gnu-toolchain/lib/gcc/riscv64-unknown-elf/11.1.0/rv32i/ilp32/libgcc.a(_umoddi3.o)
                              /run/user/1015/ccZ6f7JH.o (__umoddi3)
/nix/store/vcz79nh29xywisg3qrwqphz9qjm8c5zp-riscv-gnu-toolchain/lib/gcc/riscv64-unknown-elf/11.1.0/rv32i/ilp32/libgcc.a(adddf3.o)
                              /run/user/1015/ccZ6f7JH.o (__adddf3)
/nix/store/vcz79nh29xywisg3qrwqphz9qjm8c5zp-riscv-gnu-toolchain/lib/gcc/riscv64-unknown-elf/11.1.0/rv32i/ilp32/libgcc.a(divdf3.o)
                              /run/user/1015/ccZ6f7JH.o (__divdf3)
/nix/store/vcz79nh29xywisg3qrwqphz9qjm8c5zp-riscv-gnu-toolchain/lib/gcc/riscv64-unknown-elf/11.1.0/rv32i/ilp32/libgcc.a(eqdf2.o)
                              /run/user/1015/ccZ6f7JH.o (__nedf2)
/nix/store/vcz79nh29xywisg3qrwqphz9qjm8c5zp-riscv-gnu-toolchain/lib/gcc/riscv64-unknown-elf/11.1.0/rv32i/ilp32/libgcc.a(gedf2.o)
                              /run/user/1015/ccZ6f7JH.o (__gedf2)
/nix/store/vcz79nh29xywisg3qrwqphz9qjm8c5zp-riscv-gnu-toolchain/lib/gcc/riscv64-unknown-elf/11.1.0/rv32i/ilp32/libgcc.a(ledf2.o)
                              /run/user/1015/ccZ6f7JH.o (__ledf2)
/nix/store/vcz79nh29xywisg3qrwqphz9qjm8c5zp-riscv-gnu-toolchain/lib/gcc/riscv64-unknown-elf/11.1.0/rv32i/ilp32/libgcc.a(muldf3.o)
                              /run/user/1015/ccZ6f7JH.o (__muldf3)
/nix/store/vcz79nh29xywisg3qrwqphz9qjm8c5zp-riscv-gnu-toolchain/lib/gcc/riscv64-unknown-elf/11.1.0/rv32i/ilp32/libgcc.a(subdf3.o)
                              /run/user/1015/ccZ6f7JH.o (__subdf3)
/nix/store/vcz79nh29xywisg3qrwqphz9qjm8c5zp-riscv-gnu-toolchain/lib/gcc/riscv64-unknown-elf/11.1.0/rv32i/ilp32/libgcc.a(fixdfsi.o)
                              /run/user/1015/ccZ6f7JH.o (__fixdfsi)
/nix/store/vcz79nh29xywisg3qrwqphz9qjm8c5zp-riscv-gnu-toolchain/lib/gcc/riscv64-unknown-elf/11.1.0/rv32i/ilp32/libgcc.a(fixunsdfsi.o)
                              /run/user/1015/ccZ6f7JH.o (__fixunsdfsi)
/nix/store/vcz79nh29xywisg3qrwqphz9qjm8c5zp-riscv-gnu-toolchain/lib/gcc/riscv64-unknown-elf/11.1.0/rv32i/ilp32/libgcc.a(floatsidf.o)
                              /run/user/1015/ccZ6f7JH.o (__floatsidf)
/nix/store/vcz79nh29xywisg3qrwqphz9qjm8c5zp-riscv-gnu-toolchain/lib/gcc/riscv64-unknown-elf/11.1.0/rv32i/ilp32/libgcc.a(floatunsidf.o)
                              /run/user/1015/ccZ6f7JH.o (__floatunsidf)
/nix/store/vcz79nh29xywisg3qrwqphz9qjm8c5zp-riscv-gnu-toolchain/lib/gcc/riscv64-unknown-elf/11.1.0/rv32i/ilp32/libgcc.a(muldi3.o)
                              /nix/store/vcz79nh29xywisg3qrwqphz9qjm8c5zp-riscv-gnu-toolchain/lib/gcc/riscv64-unknown-elf/11.1.0/rv32i/ilp32/libgcc.a(_udivdi3.o) (__mulsi3)
/nix/store/vcz79nh29xywisg3qrwqphz9qjm8c5zp-riscv-gnu-toolchain/lib/gcc/riscv64-unknown-elf/11.1.0/rv32i/ilp32/libgcc.a(div.o)
                              /run/user/1015/ccZ6f7JH.o (__divsi3)
/nix/store/vcz79nh29xywisg3qrwqphz9qjm8c5zp-riscv-gnu-toolchain/lib/gcc/riscv64-unknown-elf/11.1.0/rv32i/ilp32/libgcc.a(_clz.o)
                              /nix/store/vcz79nh29xywisg3qrwqphz9qjm8c5zp-riscv-gnu-toolchain/lib/gcc/riscv64-unknown-elf/11.1.0/rv32i/ilp32/libgcc.a(_udivdi3.o) (__clz_tab)
/nix/store/vcz79nh29xywisg3qrwqphz9qjm8c5zp-riscv-gnu-toolchain/lib/gcc/riscv64-unknown-elf/11.1.0/rv32i/ilp32/libgcc.a(_clzsi2.o)
                              /nix/store/vcz79nh29xywisg3qrwqphz9qjm8c5zp-riscv-gnu-toolchain/lib/gcc/riscv64-unknown-elf/11.1.0/rv32i/ilp32/libgcc.a(adddf3.o) (__clzsi2)
/nix/store/vcz79nh29xywisg3qrwqphz9qjm8c5zp-riscv-gnu-toolchain/lib/gcc/riscv64-unknown-elf/11.1.0/../../../../riscv64-unknown-elf/lib/rv32i/ilp32/libnosys.a(sbrk.o)
                              /nix/store/vcz79nh29xywisg3qrwqphz9qjm8c5zp-riscv-gnu-toolchain/lib/gcc/riscv64-unknown-elf/11.1.0/../../../../riscv64-unknown-elf/lib/rv32i/ilp32/libc_nano.a(lib_a-sbrkr.o) (_sbrk)

Discarded input sections

 .debug_info    0x0000000000000000      0x944 /nix/store/vcz79nh29xywisg3qrwqphz9qjm8c5zp-riscv-gnu-toolchain/lib/gcc/riscv64-unknown-elf/11.1.0/rv32i/ilp32/libgcc.a(_udivdi3.o)
 .debug_abbrev  0x0000000000000000      0x1d0 /nix/store/vcz79nh29xywisg3qrwqphz9qjm8c5zp-riscv-gnu-toolchain/lib/gcc/riscv64-unknown-elf/11.1.0/rv32i/ilp32/libgcc.a(_udivdi3.o)
 .debug_loclists
                0x0000000000000000      0xb1a /nix/store/vcz79nh29xywisg3qrwqphz9qjm8c5zp-riscv-gnu-toolchain/lib/gcc/riscv64-unknown-elf/11.1.0/rv32i/ilp32/libgcc.a(_udivdi3.o)
 .debug_aranges
                0x0000000000000000       0x20 /nix/store/vcz79nh29xywisg3qrwqphz9qjm8c5zp-riscv-gnu-toolchain/lib/gcc/riscv64-unknown-elf/11.1.0/rv32i/ilp32/libgcc.a(_udivdi3.o)
 .debug_rnglists
                0x0000000000000000      0x111 /nix/store/vcz79nh29xywisg3qrwqphz9qjm8c5zp-riscv-gnu-toolchain/lib/gcc/riscv64-unknown-elf/11.1.0/rv32i/ilp32/libgcc.a(_udivdi3.o)
 .debug_line    0x0000000000000000      0x76d /nix/store/vcz79nh29xywisg3qrwqphz9qjm8c5zp-riscv-gnu-toolchain/lib/gcc/riscv64-unknown-elf/11.1.0/rv32i/ilp32/libgcc.a(_udivdi3.o)
 .debug_str     0x0000000000000000      0x26e /nix/store/vcz79nh29xywisg3qrwqphz9qjm8c5zp-riscv-gnu-toolchain/lib/gcc/riscv64-unknown-elf/11.1.0/rv32i/ilp32/libgcc.a(_udivdi3.o)
 .debug_line_str
                0x0000000000000000      0x144 /nix/store/vcz79nh29xywisg3qrwqphz9qjm8c5zp-riscv-gnu-toolchain/lib/gcc/riscv64-unknown-elf/11.1.0/rv32i/ilp32/libgcc.a(_udivdi3.o)
 .eh_frame      0x0000000000000000       0x60 /nix/store/vcz79nh29xywisg3qrwqphz9qjm8c5zp-riscv-gnu-toolchain/lib/gcc/riscv64-unknown-elf/11.1.0/rv32i/ilp32/libgcc.a(_udivdi3.o)
 .debug_info    0x0000000000000000      0x94a /nix/store/vcz79nh29xywisg3qrwqphz9qjm8c5zp-riscv-gnu-toolchain/lib/gcc/riscv64-unknown-elf/11.1.0/rv32i/ilp32/libgcc.a(_umoddi3.o)
 .debug_abbrev  0x0000000000000000      0x1e1 /nix/store/vcz79nh29xywisg3qrwqphz9qjm8c5zp-riscv-gnu-toolchain/lib/gcc/riscv64-unknown-elf/11.1.0/rv32i/ilp32/libgcc.a(_umoddi3.o)
 .debug_loclists
                0x0000000000000000      0x8fa /nix/store/vcz79nh29xywisg3qrwqphz9qjm8c5zp-riscv-gnu-toolchain/lib/gcc/riscv64-unknown-elf/11.1.0/rv32i/ilp32/libgcc.a(_umoddi3.o)
 .debug_aranges
                0x0000000000000000       0x20 /nix/store/vcz79nh29xywisg3qrwqphz9qjm8c5zp-riscv-gnu-toolchain/lib/gcc/riscv64-unknown-elf/11.1.0/rv32i/ilp32/libgcc.a(_umoddi3.o)
 .debug_rnglists
                0x0000000000000000       0xed /nix/store/vcz79nh29xywisg3qrwqphz9qjm8c5zp-riscv-gnu-toolchain/lib/gcc/riscv64-unknown-elf/11.1.0/rv32i/ilp32/libgcc.a(_umoddi3.o)
 .debug_line    0x0000000000000000      0x791 /nix/store/vcz79nh29xywisg3qrwqphz9qjm8c5zp-riscv-gnu-toolchain/lib/gcc/riscv64-unknown-elf/11.1.0/rv32i/ilp32/libgcc.a(_umoddi3.o)
 .debug_str     0x0000000000000000      0x26e /nix/store/vcz79nh29xywisg3qrwqphz9qjm8c5zp-riscv-gnu-toolchain/lib/gcc/riscv64-unknown-elf/11.1.0/rv32i/ilp32/libgcc.a(_umoddi3.o)
 .debug_line_str
                0x0000000000000000      0x144 /nix/store/vcz79nh29xywisg3qrwqphz9qjm8c5zp-riscv-gnu-toolchain/lib/gcc/riscv64-unknown-elf/11.1.0/rv32i/ilp32/libgcc.a(_umoddi3.o)
 .eh_frame      0x0000000000000000       0x64 /nix/store/vcz79nh29xywisg3qrwqphz9qjm8c5zp-riscv-gnu-toolchain/lib/gcc/riscv64-unknown-elf/11.1.0/rv32i/ilp32/libgcc.a(_umoddi3.o)
 .debug_info    0x0000000000000000      0x4fc /nix/store/vcz79nh29xywisg3qrwqphz9qjm8c5zp-riscv-gnu-toolchain/lib/gcc/riscv64-unknown-elf/11.1.0/rv32i/ilp32/libgcc.a(adddf3.o)
 .debug_abbrev  0x0000000000000000      0x176 /nix/store/vcz79nh29xywisg3qrwqphz9qjm8c5zp-riscv-gnu-toolchain/lib/gcc/riscv64-unknown-elf/11.1.0/rv32i/ilp32/libgcc.a(adddf3.o)
 .debug_loclists
                0x0000000000000000     0x10c2 /nix/store/vcz79nh29xywisg3qrwqphz9qjm8c5zp-riscv-gnu-toolchain/lib/gcc/riscv64-unknown-elf/11.1.0/rv32i/ilp32/libgcc.a(adddf3.o)
 .debug_aranges
                0x0000000000000000       0x20 /nix/store/vcz79nh29xywisg3qrwqphz9qjm8c5zp-riscv-gnu-toolchain/lib/gcc/riscv64-unknown-elf/11.1.0/rv32i/ilp32/libgcc.a(adddf3.o)
 .debug_rnglists
                0x0000000000000000      0x22e /nix/store/vcz79nh29xywisg3qrwqphz9qjm8c5zp-riscv-gnu-toolchain/lib/gcc/riscv64-unknown-elf/11.1.0/rv32i/ilp32/libgcc.a(adddf3.o)
 .debug_line    0x0000000000000000      0xff9 /nix/store/vcz79nh29xywisg3qrwqphz9qjm8c5zp-riscv-gnu-toolchain/lib/gcc/riscv64-unknown-elf/11.1.0/rv32i/ilp32/libgcc.a(adddf3.o)
 .debug_str     0x0000000000000000      0x29f /nix/store/vcz79nh29xywisg3qrwqphz9qjm8c5zp-riscv-gnu-toolchain/lib/gcc/riscv64-unknown-elf/11.1.0/rv32i/ilp32/libgcc.a(adddf3.o)
 .debug_line_str
                0x0000000000000000      0x150 /nix/store/vcz79nh29xywisg3qrwqphz9qjm8c5zp-riscv-gnu-toolchain/lib/gcc/riscv64-unknown-elf/11.1.0/rv32i/ilp32/libgcc.a(adddf3.o)
 .debug_frame   0x0000000000000000       0x44 /nix/store/vcz79nh29xywisg3qrwqphz9qjm8c5zp-riscv-gnu-toolchain/lib/gcc/riscv64-unknown-elf/11.1.0/rv32i/ilp32/libgcc.a(adddf3.o)
 .debug_info    0x0000000000000000      0x81b /nix/store/vcz79nh29xywisg3qrwqphz9qjm8c5zp-riscv-gnu-toolchain/lib/gcc/riscv64-unknown-elf/11.1.0/rv32i/ilp32/libgcc.a(divdf3.o)
 .debug_abbrev  0x0000000000000000      0x187 /nix/store/vcz79nh29xywisg3qrwqphz9qjm8c5zp-riscv-gnu-toolchain/lib/gcc/riscv64-unknown-elf/11.1.0/rv32i/ilp32/libgcc.a(divdf3.o)
 .debug_loclists
                0x0000000000000000      0xf36 /nix/store/vcz79nh29xywisg3qrwqphz9qjm8c5zp-riscv-gnu-toolchain/lib/gcc/riscv64-unknown-elf/11.1.0/rv32i/ilp32/libgcc.a(divdf3.o)
 .debug_aranges
                0x0000000000000000       0x20 /nix/store/vcz79nh29xywisg3qrwqphz9qjm8c5zp-riscv-gnu-toolchain/lib/gcc/riscv64-unknown-elf/11.1.0/rv32i/ilp32/libgcc.a(divdf3.o)
 .debug_rnglists
                0x0000000000000000      0x195 /nix/store/vcz79nh29xywisg3qrwqphz9qjm8c5zp-riscv-gnu-toolchain/lib/gcc/riscv64-unknown-elf/11.1.0/rv32i/ilp32/libgcc.a(divdf3.o)
 .debug_line    0x0000000000000000     0x1082 /nix/store/vcz79nh29xywisg3qrwqphz9qjm8c5zp-riscv-gnu-toolchain/lib/gcc/riscv64-unknown-elf/11.1.0/rv32i/ilp32/libgcc.a(divdf3.o)
 .debug_str     0x0000000000000000      0x38a /nix/store/vcz79nh29xywisg3qrwqphz9qjm8c5zp-riscv-gnu-toolchain/lib/gcc/riscv64-unknown-elf/11.1.0/rv32i/ilp32/libgcc.a(divdf3.o)
 .debug_line_str
                0x0000000000000000      0x15a /nix/store/vcz79nh29xywisg3qrwqphz9qjm8c5zp-riscv-gnu-toolchain/lib/gcc/riscv64-unknown-elf/11.1.0/rv32i/ilp32/libgcc.a(divdf3.o)
 .debug_frame   0x0000000000000000       0x64 /nix/store/vcz79nh29xywisg3qrwqphz9qjm8c5zp-riscv-gnu-toolchain/lib/gcc/riscv64-unknown-elf/11.1.0/rv32i/ilp32/libgcc.a(divdf3.o)
 .debug_info    0x0000000000000000      0x221 /nix/store/vcz79nh29xywisg3qrwqphz9qjm8c5zp-riscv-gnu-toolchain/lib/gcc/riscv64-unknown-elf/11.1.0/rv32i/ilp32/libgcc.a(eqdf2.o)
 .debug_abbrev  0x0000000000000000      0x153 /nix/store/vcz79nh29xywisg3qrwqphz9qjm8c5zp-riscv-gnu-toolchain/lib/gcc/riscv64-unknown-elf/11.1.0/rv32i/ilp32/libgcc.a(eqdf2.o)
 .debug_loclists
                0x0000000000000000       0xb2 /nix/store/vcz79nh29xywisg3qrwqphz9qjm8c5zp-riscv-gnu-toolchain/lib/gcc/riscv64-unknown-elf/11.1.0/rv32i/ilp32/libgcc.a(eqdf2.o)
 .debug_aranges
                0x0000000000000000       0x20 /nix/store/vcz79nh29xywisg3qrwqphz9qjm8c5zp-riscv-gnu-toolchain/lib/gcc/riscv64-unknown-elf/11.1.0/rv32i/ilp32/libgcc.a(eqdf2.o)
 .debug_rnglists
                0x0000000000000000       0x4d /nix/store/vcz79nh29xywisg3qrwqphz9qjm8c5zp-riscv-gnu-toolchain/lib/gcc/riscv64-unknown-elf/11.1.0/rv32i/ilp32/libgcc.a(eqdf2.o)
 .debug_line    0x0000000000000000      0x227 /nix/store/vcz79nh29xywisg3qrwqphz9qjm8c5zp-riscv-gnu-toolchain/lib/gcc/riscv64-unknown-elf/11.1.0/rv32i/ilp32/libgcc.a(eqdf2.o)
 .debug_str     0x0000000000000000      0x1b1 /nix/store/vcz79nh29xywisg3qrwqphz9qjm8c5zp-riscv-gnu-toolchain/lib/gcc/riscv64-unknown-elf/11.1.0/rv32i/ilp32/libgcc.a(eqdf2.o)
 .debug_line_str
                0x0000000000000000      0x15d /nix/store/vcz79nh29xywisg3qrwqphz9qjm8c5zp-riscv-gnu-toolchain/lib/gcc/riscv64-unknown-elf/11.1.0/rv32i/ilp32/libgcc.a(eqdf2.o)
 .debug_frame   0x0000000000000000       0x20 /nix/store/vcz79nh29xywisg3qrwqphz9qjm8c5zp-riscv-gnu-toolchain/lib/gcc/riscv64-unknown-elf/11.1.0/rv32i/ilp32/libgcc.a(eqdf2.o)
 .debug_info    0x0000000000000000      0x21e /nix/store/vcz79nh29xywisg3qrwqphz9qjm8c5zp-riscv-gnu-toolchain/lib/gcc/riscv64-unknown-elf/11.1.0/rv32i/ilp32/libgcc.a(gedf2.o)
 .debug_abbrev  0x0000000000000000      0x166 /nix/store/vcz79nh29xywisg3qrwqphz9qjm8c5zp-riscv-gnu-toolchain/lib/gcc/riscv64-unknown-elf/11.1.0/rv32i/ilp32/libgcc.a(gedf2.o)
 .debug_loclists
                0x0000000000000000      0x117 /nix/store/vcz79nh29xywisg3qrwqphz9qjm8c5zp-riscv-gnu-toolchain/lib/gcc/riscv64-unknown-elf/11.1.0/rv32i/ilp32/libgcc.a(gedf2.o)
 .debug_aranges
                0x0000000000000000       0x20 /nix/store/vcz79nh29xywisg3qrwqphz9qjm8c5zp-riscv-gnu-toolchain/lib/gcc/riscv64-unknown-elf/11.1.0/rv32i/ilp32/libgcc.a(gedf2.o)
 .debug_rnglists
                0x0000000000000000       0x4e /nix/store/vcz79nh29xywisg3qrwqphz9qjm8c5zp-riscv-gnu-toolchain/lib/gcc/riscv64-unknown-elf/11.1.0/rv32i/ilp32/libgcc.a(gedf2.o)
 .debug_line    0x0000000000000000      0x2bc /nix/store/vcz79nh29xywisg3qrwqphz9qjm8c5zp-riscv-gnu-toolchain/lib/gcc/riscv64-unknown-elf/11.1.0/rv32i/ilp32/libgcc.a(gedf2.o)
 .debug_str     0x0000000000000000      0x1d5 /nix/store/vcz79nh29xywisg3qrwqphz9qjm8c5zp-riscv-gnu-toolchain/lib/gcc/riscv64-unknown-elf/11.1.0/rv32i/ilp32/libgcc.a(gedf2.o)
 .debug_line_str
                0x0000000000000000      0x15d /nix/store/vcz79nh29xywisg3qrwqphz9qjm8c5zp-riscv-gnu-toolchain/lib/gcc/riscv64-unknown-elf/11.1.0/rv32i/ilp32/libgcc.a(gedf2.o)
 .debug_frame   0x0000000000000000       0x20 /nix/store/vcz79nh29xywisg3qrwqphz9qjm8c5zp-riscv-gnu-toolchain/lib/gcc/riscv64-unknown-elf/11.1.0/rv32i/ilp32/libgcc.a(gedf2.o)
 .debug_info    0x0000000000000000      0x21e /nix/store/vcz79nh29xywisg3qrwqphz9qjm8c5zp-riscv-gnu-toolchain/lib/gcc/riscv64-unknown-elf/11.1.0/rv32i/ilp32/libgcc.a(ledf2.o)
 .debug_abbrev  0x0000000000000000      0x166 /nix/store/vcz79nh29xywisg3qrwqphz9qjm8c5zp-riscv-gnu-toolchain/lib/gcc/riscv64-unknown-elf/11.1.0/rv32i/ilp32/libgcc.a(ledf2.o)
 .debug_loclists
                0x0000000000000000      0x117 /nix/store/vcz79nh29xywisg3qrwqphz9qjm8c5zp-riscv-gnu-toolchain/lib/gcc/riscv64-unknown-elf/11.1.0/rv32i/ilp32/libgcc.a(ledf2.o)
 .debug_aranges
                0x0000000000000000       0x20 /nix/store/vcz79nh29xywisg3qrwqphz9qjm8c5zp-riscv-gnu-toolchain/lib/gcc/riscv64-unknown-elf/11.1.0/rv32i/ilp32/libgcc.a(ledf2.o)
 .debug_rnglists
                0x0000000000000000       0x4e /nix/store/vcz79nh29xywisg3qrwqphz9qjm8c5zp-riscv-gnu-toolchain/lib/gcc/riscv64-unknown-elf/11.1.0/rv32i/ilp32/libgcc.a(ledf2.o)
 .debug_line    0x0000000000000000      0x2bc /nix/store/vcz79nh29xywisg3qrwqphz9qjm8c5zp-riscv-gnu-toolchain/lib/gcc/riscv64-unknown-elf/11.1.0/rv32i/ilp32/libgcc.a(ledf2.o)
 .debug_str     0x0000000000000000      0x1d5 /nix/store/vcz79nh29xywisg3qrwqphz9qjm8c5zp-riscv-gnu-toolchain/lib/gcc/riscv64-unknown-elf/11.1.0/rv32i/ilp32/libgcc.a(ledf2.o)
 .debug_line_str
                0x0000000000000000      0x15d /nix/store/vcz79nh29xywisg3qrwqphz9qjm8c5zp-riscv-gnu-toolchain/lib/gcc/riscv64-unknown-elf/11.1.0/rv32i/ilp32/libgcc.a(ledf2.o)
 .debug_frame   0x0000000000000000       0x20 /nix/store/vcz79nh29xywisg3qrwqphz9qjm8c5zp-riscv-gnu-toolchain/lib/gcc/riscv64-unknown-elf/11.1.0/rv32i/ilp32/libgcc.a(ledf2.o)
 .debug_info    0x0000000000000000      0x8e2 /nix/store/vcz79nh29xywisg3qrwqphz9qjm8c5zp-riscv-gnu-toolchain/lib/gcc/riscv64-unknown-elf/11.1.0/rv32i/ilp32/libgcc.a(muldf3.o)
 .debug_abbrev  0x0000000000000000      0x199 /nix/store/vcz79nh29xywisg3qrwqphz9qjm8c5zp-riscv-gnu-toolchain/lib/gcc/riscv64-unknown-elf/11.1.0/rv32i/ilp32/libgcc.a(muldf3.o)
 .debug_loclists
                0x0000000000000000      0xc85 /nix/store/vcz79nh29xywisg3qrwqphz9qjm8c5zp-riscv-gnu-toolchain/lib/gcc/riscv64-unknown-elf/11.1.0/rv32i/ilp32/libgcc.a(muldf3.o)
 .debug_aranges
                0x0000000000000000       0x20 /nix/store/vcz79nh29xywisg3qrwqphz9qjm8c5zp-riscv-gnu-toolchain/lib/gcc/riscv64-unknown-elf/11.1.0/rv32i/ilp32/libgcc.a(muldf3.o)
 .debug_rnglists
                0x0000000000000000      0x1d5 /nix/store/vcz79nh29xywisg3qrwqphz9qjm8c5zp-riscv-gnu-toolchain/lib/gcc/riscv64-unknown-elf/11.1.0/rv32i/ilp32/libgcc.a(muldf3.o)
 .debug_line    0x0000000000000000     0x1029 /nix/store/vcz79nh29xywisg3qrwqphz9qjm8c5zp-riscv-gnu-toolchain/lib/gcc/riscv64-unknown-elf/11.1.0/rv32i/ilp32/libgcc.a(muldf3.o)
 .debug_str     0x0000000000000000      0x3c5 /nix/store/vcz79nh29xywisg3qrwqphz9qjm8c5zp-riscv-gnu-toolchain/lib/gcc/riscv64-unknown-elf/11.1.0/rv32i/ilp32/libgcc.a(muldf3.o)
 .debug_line_str
                0x0000000000000000      0x15a /nix/store/vcz79nh29xywisg3qrwqphz9qjm8c5zp-riscv-gnu-toolchain/lib/gcc/riscv64-unknown-elf/11.1.0/rv32i/ilp32/libgcc.a(muldf3.o)
 .debug_frame   0x0000000000000000       0x54 /nix/store/vcz79nh29xywisg3qrwqphz9qjm8c5zp-riscv-gnu-toolchain/lib/gcc/riscv64-unknown-elf/11.1.0/rv32i/ilp32/libgcc.a(muldf3.o)
 .debug_info    0x0000000000000000      0x4fc /nix/store/vcz79nh29xywisg3qrwqphz9qjm8c5zp-riscv-gnu-toolchain/lib/gcc/riscv64-unknown-elf/11.1.0/rv32i/ilp32/libgcc.a(subdf3.o)
 .debug_abbrev  0x0000000000000000      0x176 /nix/store/vcz79nh29xywisg3qrwqphz9qjm8c5zp-riscv-gnu-toolchain/lib/gcc/riscv64-unknown-elf/11.1.0/rv32i/ilp32/libgcc.a(subdf3.o)
 .debug_loclists
                0x0000000000000000     0x10df /nix/store/vcz79nh29xywisg3qrwqphz9qjm8c5zp-riscv-gnu-toolchain/lib/gcc/riscv64-unknown-elf/11.1.0/rv32i/ilp32/libgcc.a(subdf3.o)
 .debug_aranges
                0x0000000000000000       0x20 /nix/store/vcz79nh29xywisg3qrwqphz9qjm8c5zp-riscv-gnu-toolchain/lib/gcc/riscv64-unknown-elf/11.1.0/rv32i/ilp32/libgcc.a(subdf3.o)
 .debug_rnglists
                0x0000000000000000      0x22e /nix/store/vcz79nh29xywisg3qrwqphz9qjm8c5zp-riscv-gnu-toolchain/lib/gcc/riscv64-unknown-elf/11.1.0/rv32i/ilp32/libgcc.a(subdf3.o)
 .debug_line    0x0000000000000000     0x1054 /nix/store/vcz79nh29xywisg3qrwqphz9qjm8c5zp-riscv-gnu-toolchain/lib/gcc/riscv64-unknown-elf/11.1.0/rv32i/ilp32/libgcc.a(subdf3.o)
 .debug_str     0x0000000000000000      0x29f /nix/store/vcz79nh29xywisg3qrwqphz9qjm8c5zp-riscv-gnu-toolchain/lib/gcc/riscv64-unknown-elf/11.1.0/rv32i/ilp32/libgcc.a(subdf3.o)
 .debug_line_str
                0x0000000000000000      0x150 /nix/store/vcz79nh29xywisg3qrwqphz9qjm8c5zp-riscv-gnu-toolchain/lib/gcc/riscv64-unknown-elf/11.1.0/rv32i/ilp32/libgcc.a(subdf3.o)
 .debug_frame   0x0000000000000000       0x44 /nix/store/vcz79nh29xywisg3qrwqphz9qjm8c5zp-riscv-gnu-toolchain/lib/gcc/riscv64-unknown-elf/11.1.0/rv32i/ilp32/libgcc.a(subdf3.o)
 .debug_info    0x0000000000000000      0x1ca /nix/store/vcz79nh29xywisg3qrwqphz9qjm8c5zp-riscv-gnu-toolchain/lib/gcc/riscv64-unknown-elf/11.1.0/rv32i/ilp32/libgcc.a(fixdfsi.o)
 .debug_abbrev  0x0000000000000000      0x15d /nix/store/vcz79nh29xywisg3qrwqphz9qjm8c5zp-riscv-gnu-toolchain/lib/gcc/riscv64-unknown-elf/11.1.0/rv32i/ilp32/libgcc.a(fixdfsi.o)
 .debug_loclists
                0x0000000000000000      0x167 /nix/store/vcz79nh29xywisg3qrwqphz9qjm8c5zp-riscv-gnu-toolchain/lib/gcc/riscv64-unknown-elf/11.1.0/rv32i/ilp32/libgcc.a(fixdfsi.o)
 .debug_aranges
                0x0000000000000000       0x20 /nix/store/vcz79nh29xywisg3qrwqphz9qjm8c5zp-riscv-gnu-toolchain/lib/gcc/riscv64-unknown-elf/11.1.0/rv32i/ilp32/libgcc.a(fixdfsi.o)
 .debug_rnglists
                0x0000000000000000       0x1f /nix/store/vcz79nh29xywisg3qrwqphz9qjm8c5zp-riscv-gnu-toolchain/lib/gcc/riscv64-unknown-elf/11.1.0/rv32i/ilp32/libgcc.a(fixdfsi.o)
 .debug_line    0x0000000000000000      0x1eb /nix/store/vcz79nh29xywisg3qrwqphz9qjm8c5zp-riscv-gnu-toolchain/lib/gcc/riscv64-unknown-elf/11.1.0/rv32i/ilp32/libgcc.a(fixdfsi.o)
 .debug_str     0x0000000000000000      0x1ac /nix/store/vcz79nh29xywisg3qrwqphz9qjm8c5zp-riscv-gnu-toolchain/lib/gcc/riscv64-unknown-elf/11.1.0/rv32i/ilp32/libgcc.a(fixdfsi.o)
 .debug_line_str
                0x0000000000000000      0x15d /nix/store/vcz79nh29xywisg3qrwqphz9qjm8c5zp-riscv-gnu-toolchain/lib/gcc/riscv64-unknown-elf/11.1.0/rv32i/ilp32/libgcc.a(fixdfsi.o)
 .debug_frame   0x0000000000000000       0x20 /nix/store/vcz79nh29xywisg3qrwqphz9qjm8c5zp-riscv-gnu-toolchain/lib/gcc/riscv64-unknown-elf/11.1.0/rv32i/ilp32/libgcc.a(fixdfsi.o)
 .debug_info    0x0000000000000000      0x1ad /nix/store/vcz79nh29xywisg3qrwqphz9qjm8c5zp-riscv-gnu-toolchain/lib/gcc/riscv64-unknown-elf/11.1.0/rv32i/ilp32/libgcc.a(fixunsdfsi.o)
 .debug_abbrev  0x0000000000000000      0x162 /nix/store/vcz79nh29xywisg3qrwqphz9qjm8c5zp-riscv-gnu-toolchain/lib/gcc/riscv64-unknown-elf/11.1.0/rv32i/ilp32/libgcc.a(fixunsdfsi.o)
 .debug_loclists
                0x0000000000000000       0xdc /nix/store/vcz79nh29xywisg3qrwqphz9qjm8c5zp-riscv-gnu-toolchain/lib/gcc/riscv64-unknown-elf/11.1.0/rv32i/ilp32/libgcc.a(fixunsdfsi.o)
 .debug_aranges
                0x0000000000000000       0x20 /nix/store/vcz79nh29xywisg3qrwqphz9qjm8c5zp-riscv-gnu-toolchain/lib/gcc/riscv64-unknown-elf/11.1.0/rv32i/ilp32/libgcc.a(fixunsdfsi.o)
 .debug_rnglists
                0x0000000000000000       0x28 /nix/store/vcz79nh29xywisg3qrwqphz9qjm8c5zp-riscv-gnu-toolchain/lib/gcc/riscv64-unknown-elf/11.1.0/rv32i/ilp32/libgcc.a(fixunsdfsi.o)
 .debug_line    0x0000000000000000      0x179 /nix/store/vcz79nh29xywisg3qrwqphz9qjm8c5zp-riscv-gnu-toolchain/lib/gcc/riscv64-unknown-elf/11.1.0/rv32i/ilp32/libgcc.a(fixunsdfsi.o)
 .debug_str     0x0000000000000000      0x1a8 /nix/store/vcz79nh29xywisg3qrwqphz9qjm8c5zp-riscv-gnu-toolchain/lib/gcc/riscv64-unknown-elf/11.1.0/rv32i/ilp32/libgcc.a(fixunsdfsi.o)
 .debug_line_str
                0x0000000000000000      0x166 /nix/store/vcz79nh29xywisg3qrwqphz9qjm8c5zp-riscv-gnu-toolchain/lib/gcc/riscv64-unknown-elf/11.1.0/rv32i/ilp32/libgcc.a(fixunsdfsi.o)
 .debug_frame   0x0000000000000000       0x20 /nix/store/vcz79nh29xywisg3qrwqphz9qjm8c5zp-riscv-gnu-toolchain/lib/gcc/riscv64-unknown-elf/11.1.0/rv32i/ilp32/libgcc.a(fixunsdfsi.o)
 .debug_info    0x0000000000000000      0x268 /nix/store/vcz79nh29xywisg3qrwqphz9qjm8c5zp-riscv-gnu-toolchain/lib/gcc/riscv64-unknown-elf/11.1.0/rv32i/ilp32/libgcc.a(floatsidf.o)
 .debug_abbrev  0x0000000000000000      0x164 /nix/store/vcz79nh29xywisg3qrwqphz9qjm8c5zp-riscv-gnu-toolchain/lib/gcc/riscv64-unknown-elf/11.1.0/rv32i/ilp32/libgcc.a(floatsidf.o)
 .debug_loclists
                0x0000000000000000      0x134 /nix/store/vcz79nh29xywisg3qrwqphz9qjm8c5zp-riscv-gnu-toolchain/lib/gcc/riscv64-unknown-elf/11.1.0/rv32i/ilp32/libgcc.a(floatsidf.o)
 .debug_aranges
                0x0000000000000000       0x20 /nix/store/vcz79nh29xywisg3qrwqphz9qjm8c5zp-riscv-gnu-toolchain/lib/gcc/riscv64-unknown-elf/11.1.0/rv32i/ilp32/libgcc.a(floatsidf.o)
 .debug_rnglists
                0x0000000000000000       0x61 /nix/store/vcz79nh29xywisg3qrwqphz9qjm8c5zp-riscv-gnu-toolchain/lib/gcc/riscv64-unknown-elf/11.1.0/rv32i/ilp32/libgcc.a(floatsidf.o)
 .debug_line    0x0000000000000000      0x223 /nix/store/vcz79nh29xywisg3qrwqphz9qjm8c5zp-riscv-gnu-toolchain/lib/gcc/riscv64-unknown-elf/11.1.0/rv32i/ilp32/libgcc.a(floatsidf.o)
 .debug_str     0x0000000000000000      0x249 /nix/store/vcz79nh29xywisg3qrwqphz9qjm8c5zp-riscv-gnu-toolchain/lib/gcc/riscv64-unknown-elf/11.1.0/rv32i/ilp32/libgcc.a(floatsidf.o)
 .debug_line_str
                0x0000000000000000      0x163 /nix/store/vcz79nh29xywisg3qrwqphz9qjm8c5zp-riscv-gnu-toolchain/lib/gcc/riscv64-unknown-elf/11.1.0/rv32i/ilp32/libgcc.a(floatsidf.o)
 .debug_frame   0x0000000000000000       0x38 /nix/store/vcz79nh29xywisg3qrwqphz9qjm8c5zp-riscv-gnu-toolchain/lib/gcc/riscv64-unknown-elf/11.1.0/rv32i/ilp32/libgcc.a(floatsidf.o)
 .debug_info    0x0000000000000000      0x25d /nix/store/vcz79nh29xywisg3qrwqphz9qjm8c5zp-riscv-gnu-toolchain/lib/gcc/riscv64-unknown-elf/11.1.0/rv32i/ilp32/libgcc.a(floatunsidf.o)
 .debug_abbrev  0x0000000000000000      0x163 /nix/store/vcz79nh29xywisg3qrwqphz9qjm8c5zp-riscv-gnu-toolchain/lib/gcc/riscv64-unknown-elf/11.1.0/rv32i/ilp32/libgcc.a(floatunsidf.o)
 .debug_loclists
                0x0000000000000000      0x137 /nix/store/vcz79nh29xywisg3qrwqphz9qjm8c5zp-riscv-gnu-toolchain/lib/gcc/riscv64-unknown-elf/11.1.0/rv32i/ilp32/libgcc.a(floatunsidf.o)
 .debug_aranges
                0x0000000000000000       0x20 /nix/store/vcz79nh29xywisg3qrwqphz9qjm8c5zp-riscv-gnu-toolchain/lib/gcc/riscv64-unknown-elf/11.1.0/rv32i/ilp32/libgcc.a(floatunsidf.o)
 .debug_rnglists
                0x0000000000000000       0x6a /nix/store/vcz79nh29xywisg3qrwqphz9qjm8c5zp-riscv-gnu-toolchain/lib/gcc/riscv64-unknown-elf/11.1.0/rv32i/ilp32/libgcc.a(floatunsidf.o)
 .debug_line    0x0000000000000000      0x241 /nix/store/vcz79nh29xywisg3qrwqphz9qjm8c5zp-riscv-gnu-toolchain/lib/gcc/riscv64-unknown-elf/11.1.0/rv32i/ilp32/libgcc.a(floatunsidf.o)
 .debug_str     0x0000000000000000      0x244 /nix/store/vcz79nh29xywisg3qrwqphz9qjm8c5zp-riscv-gnu-toolchain/lib/gcc/riscv64-unknown-elf/11.1.0/rv32i/ilp32/libgcc.a(floatunsidf.o)
 .debug_line_str
                0x0000000000000000      0x169 /nix/store/vcz79nh29xywisg3qrwqphz9qjm8c5zp-riscv-gnu-toolchain/lib/gcc/riscv64-unknown-elf/11.1.0/rv32i/ilp32/libgcc.a(floatunsidf.o)
 .debug_frame   0x0000000000000000       0x34 /nix/store/vcz79nh29xywisg3qrwqphz9qjm8c5zp-riscv-gnu-toolchain/lib/gcc/riscv64-unknown-elf/11.1.0/rv32i/ilp32/libgcc.a(floatunsidf.o)
 .debug_line    0x0000000000000000       0x7a /nix/store/vcz79nh29xywisg3qrwqphz9qjm8c5zp-riscv-gnu-toolchain/lib/gcc/riscv64-unknown-elf/11.1.0/rv32i/ilp32/libgcc.a(muldi3.o)
 .debug_line_str
                0x0000000000000000       0xad /nix/store/vcz79nh29xywisg3qrwqphz9qjm8c5zp-riscv-gnu-toolchain/lib/gcc/riscv64-unknown-elf/11.1.0/rv32i/ilp32/libgcc.a(muldi3.o)
 .debug_info    0x0000000000000000       0x24 /nix/store/vcz79nh29xywisg3qrwqphz9qjm8c5zp-riscv-gnu-toolchain/lib/gcc/riscv64-unknown-elf/11.1.0/rv32i/ilp32/libgcc.a(muldi3.o)
 .debug_abbrev  0x0000000000000000       0x14 /nix/store/vcz79nh29xywisg3qrwqphz9qjm8c5zp-riscv-gnu-toolchain/lib/gcc/riscv64-unknown-elf/11.1.0/rv32i/ilp32/libgcc.a(muldi3.o)
 .debug_aranges
                0x0000000000000000       0x20 /nix/store/vcz79nh29xywisg3qrwqphz9qjm8c5zp-riscv-gnu-toolchain/lib/gcc/riscv64-unknown-elf/11.1.0/rv32i/ilp32/libgcc.a(muldi3.o)
 .debug_str     0x0000000000000000       0xb0 /nix/store/vcz79nh29xywisg3qrwqphz9qjm8c5zp-riscv-gnu-toolchain/lib/gcc/riscv64-unknown-elf/11.1.0/rv32i/ilp32/libgcc.a(muldi3.o)
 .debug_line    0x0000000000000000      0x153 /nix/store/vcz79nh29xywisg3qrwqphz9qjm8c5zp-riscv-gnu-toolchain/lib/gcc/riscv64-unknown-elf/11.1.0/rv32i/ilp32/libgcc.a(div.o)
 .debug_line_str
                0x0000000000000000       0xa7 /nix/store/vcz79nh29xywisg3qrwqphz9qjm8c5zp-riscv-gnu-toolchain/lib/gcc/riscv64-unknown-elf/11.1.0/rv32i/ilp32/libgcc.a(div.o)
 .debug_info    0x0000000000000000       0x25 /nix/store/vcz79nh29xywisg3qrwqphz9qjm8c5zp-riscv-gnu-toolchain/lib/gcc/riscv64-unknown-elf/11.1.0/rv32i/ilp32/libgcc.a(div.o)
 .debug_abbrev  0x0000000000000000       0x14 /nix/store/vcz79nh29xywisg3qrwqphz9qjm8c5zp-riscv-gnu-toolchain/lib/gcc/riscv64-unknown-elf/11.1.0/rv32i/ilp32/libgcc.a(div.o)
 .debug_aranges
                0x0000000000000000       0x20 /nix/store/vcz79nh29xywisg3qrwqphz9qjm8c5zp-riscv-gnu-toolchain/lib/gcc/riscv64-unknown-elf/11.1.0/rv32i/ilp32/libgcc.a(div.o)
 .debug_str     0x0000000000000000       0xad /nix/store/vcz79nh29xywisg3qrwqphz9qjm8c5zp-riscv-gnu-toolchain/lib/gcc/riscv64-unknown-elf/11.1.0/rv32i/ilp32/libgcc.a(div.o)
 .debug_info    0x0000000000000000       0xd8 /nix/store/vcz79nh29xywisg3qrwqphz9qjm8c5zp-riscv-gnu-toolchain/lib/gcc/riscv64-unknown-elf/11.1.0/rv32i/ilp32/libgcc.a(_clz.o)
 .debug_abbrev  0x0000000000000000       0x70 /nix/store/vcz79nh29xywisg3qrwqphz9qjm8c5zp-riscv-gnu-toolchain/lib/gcc/riscv64-unknown-elf/11.1.0/rv32i/ilp32/libgcc.a(_clz.o)
 .debug_aranges
                0x0000000000000000       0x18 /nix/store/vcz79nh29xywisg3qrwqphz9qjm8c5zp-riscv-gnu-toolchain/lib/gcc/riscv64-unknown-elf/11.1.0/rv32i/ilp32/libgcc.a(_clz.o)
 .debug_line    0x0000000000000000       0x3f /nix/store/vcz79nh29xywisg3qrwqphz9qjm8c5zp-riscv-gnu-toolchain/lib/gcc/riscv64-unknown-elf/11.1.0/rv32i/ilp32/libgcc.a(_clz.o)
 .debug_str     0x0000000000000000      0x192 /nix/store/vcz79nh29xywisg3qrwqphz9qjm8c5zp-riscv-gnu-toolchain/lib/gcc/riscv64-unknown-elf/11.1.0/rv32i/ilp32/libgcc.a(_clz.o)
 .debug_line_str
                0x0000000000000000      0x144 /nix/store/vcz79nh29xywisg3qrwqphz9qjm8c5zp-riscv-gnu-toolchain/lib/gcc/riscv64-unknown-elf/11.1.0/rv32i/ilp32/libgcc.a(_clz.o)
 .debug_info    0x0000000000000000      0x142 /nix/store/vcz79nh29xywisg3qrwqphz9qjm8c5zp-riscv-gnu-toolchain/lib/gcc/riscv64-unknown-elf/11.1.0/rv32i/ilp32/libgcc.a(_clzsi2.o)
 .debug_abbrev  0x0000000000000000       0xca /nix/store/vcz79nh29xywisg3qrwqphz9qjm8c5zp-riscv-gnu-toolchain/lib/gcc/riscv64-unknown-elf/11.1.0/rv32i/ilp32/libgcc.a(_clzsi2.o)
 .debug_loclists
                0x0000000000000000       0x62 /nix/store/vcz79nh29xywisg3qrwqphz9qjm8c5zp-riscv-gnu-toolchain/lib/gcc/riscv64-unknown-elf/11.1.0/rv32i/ilp32/libgcc.a(_clzsi2.o)
 .debug_aranges
                0x0000000000000000       0x20 /nix/store/vcz79nh29xywisg3qrwqphz9qjm8c5zp-riscv-gnu-toolchain/lib/gcc/riscv64-unknown-elf/11.1.0/rv32i/ilp32/libgcc.a(_clzsi2.o)
 .debug_rnglists
                0x0000000000000000       0x28 /nix/store/vcz79nh29xywisg3qrwqphz9qjm8c5zp-riscv-gnu-toolchain/lib/gcc/riscv64-unknown-elf/11.1.0/rv32i/ilp32/libgcc.a(_clzsi2.o)
 .debug_line    0x0000000000000000       0xcb /nix/store/vcz79nh29xywisg3qrwqphz9qjm8c5zp-riscv-gnu-toolchain/lib/gcc/riscv64-unknown-elf/11.1.0/rv32i/ilp32/libgcc.a(_clzsi2.o)
 .debug_str     0x0000000000000000      0x1af /nix/store/vcz79nh29xywisg3qrwqphz9qjm8c5zp-riscv-gnu-toolchain/lib/gcc/riscv64-unknown-elf/11.1.0/rv32i/ilp32/libgcc.a(_clzsi2.o)
 .debug_line_str
                0x0000000000000000      0x144 /nix/store/vcz79nh29xywisg3qrwqphz9qjm8c5zp-riscv-gnu-toolchain/lib/gcc/riscv64-unknown-elf/11.1.0/rv32i/ilp32/libgcc.a(_clzsi2.o)
 .debug_frame   0x0000000000000000       0x20 /nix/store/vcz79nh29xywisg3qrwqphz9qjm8c5zp-riscv-gnu-toolchain/lib/gcc/riscv64-unknown-elf/11.1.0/rv32i/ilp32/libgcc.a(_clzsi2.o)

Memory Configuration

Name             Origin             Length             Attributes
RAM              0x0000000000000000 0x0000000000040000 xrw
*default*        0x0000000000000000 0xffffffffffffffff

Linker script and memory map


.text           0x0000000000000000     0x5c2c
 *(.init)
 .init          0x0000000000000000        0xe /run/user/1015/ccs50Dx5.o
 *(.init.*)
 *(.text)
 .text          0x000000000000000e        0x0 /run/user/1015/ccs50Dx5.o
 .text          0x000000000000000e      0x398 /run/user/1015/ccT50Vak.o
 .text          0x00000000000003a6     0x1234 /run/user/1015/ccZ6f7JH.o
                0x000000000000150c                printf_init
                0x0000000000001514                printf_
                0x000000000000153e                sprintf_
                0x0000000000001564                snprintf_
                0x0000000000001588                vprintf_
                0x00000000000015a2                vsnprintf_
                0x00000000000015b0                fctprintf
 .text          0x00000000000015da       0xd6 /run/user/1015/cchqVQ0B.o
                0x00000000000015da                iob_hello_world_main
 .text          0x00000000000016b0      0x19c /run/user/1015/ccBwg8p6.o
                0x00000000000016b0                uart_txwait
                0x00000000000016be                uart_putc
                0x00000000000016d4                uart_rxwait
                0x00000000000016e2                uart_getc
                0x00000000000016f0                uart_init
                0x0000000000001714                uart_finish
                0x0000000000001722                uart_puts
                0x000000000000173e                uart_sendstr
                0x000000000000175c                uart_recvfile
                0x00000000000017d4                uart_sendfile
 .text          0x000000000000184c       0x3a /run/user/1015/ccT8zdsq.o
                0x000000000000184c                timer_reset
                0x000000000000185c                timer_init
                0x000000000000186c                timer_get_count
 .text          0x0000000000001886       0x74 /run/user/1015/ccpRlmVp.o
                0x0000000000001886                IOB_UART_INIT_BASEADDR
                0x000000000000188e                IOB_UART_SET_SOFTRESET
                0x000000000000189a                IOB_UART_SET_DIV
                0x00000000000018a6                IOB_UART_SET_TXDATA
                0x00000000000018b2                IOB_UART_SET_TXEN
                0x00000000000018be                IOB_UART_SET_RXEN
                0x00000000000018ca                IOB_UART_GET_TXREADY
                0x00000000000018d6                IOB_UART_GET_RXREADY
                0x00000000000018e2                IOB_UART_GET_RXDATA
                0x00000000000018ee                IOB_UART_GET_VERSION
 .text          0x00000000000018fa       0x4c /run/user/1015/ccLN60IZ.o
                0x00000000000018fa                IOB_TIMER_INIT_BASEADDR
                0x0000000000001902                IOB_TIMER_SET_RESET
                0x000000000000190e                IOB_TIMER_SET_ENABLE
                0x000000000000191a                IOB_TIMER_SET_SAMPLE
                0x0000000000001926                IOB_TIMER_GET_DATA_LOW
                0x0000000000001930                IOB_TIMER_GET_DATA_HIGH
                0x000000000000193a                IOB_TIMER_GET_VERSION
 *fill*         0x0000000000001946        0x2 
 .text          0x0000000000001948        0x0 /nix/store/vcz79nh29xywisg3qrwqphz9qjm8c5zp-riscv-gnu-toolchain/lib/gcc/riscv64-unknown-elf/11.1.0/../../../../riscv64-unknown-elf/lib/rv32i/ilp32/libc_nano.a(lib_a-malloc.o)
 .text          0x0000000000001948       0x24 /nix/store/vcz79nh29xywisg3qrwqphz9qjm8c5zp-riscv-gnu-toolchain/lib/gcc/riscv64-unknown-elf/11.1.0/../../../../riscv64-unknown-elf/lib/rv32i/ilp32/libc_nano.a(lib_a-memcpy-asm.o)
                0x0000000000001948                memcpy
 .text          0x000000000000196c        0x0 /nix/store/vcz79nh29xywisg3qrwqphz9qjm8c5zp-riscv-gnu-toolchain/lib/gcc/riscv64-unknown-elf/11.1.0/../../../../riscv64-unknown-elf/lib/rv32i/ilp32/libc_nano.a(lib_a-nano-freer.o)
 .text          0x000000000000196c        0x0 /nix/store/vcz79nh29xywisg3qrwqphz9qjm8c5zp-riscv-gnu-toolchain/lib/gcc/riscv64-unknown-elf/11.1.0/../../../../riscv64-unknown-elf/lib/rv32i/ilp32/libc_nano.a(lib_a-nano-mallocr.o)
 .text          0x000000000000196c        0x0 /nix/store/vcz79nh29xywisg3qrwqphz9qjm8c5zp-riscv-gnu-toolchain/lib/gcc/riscv64-unknown-elf/11.1.0/../../../../riscv64-unknown-elf/lib/rv32i/ilp32/libc_nano.a(lib_a-sbrkr.o)
 .text          0x000000000000196c       0x20 /nix/store/vcz79nh29xywisg3qrwqphz9qjm8c5zp-riscv-gnu-toolchain/lib/gcc/riscv64-unknown-elf/11.1.0/../../../../riscv64-unknown-elf/lib/rv32i/ilp32/libc_nano.a(lib_a-strcmp.o)
                0x000000000000196c                strcmp
 .text          0x000000000000198c        0x0 /nix/store/vcz79nh29xywisg3qrwqphz9qjm8c5zp-riscv-gnu-toolchain/lib/gcc/riscv64-unknown-elf/11.1.0/../../../../riscv64-unknown-elf/lib/rv32i/ilp32/libc_nano.a(lib_a-strcpy.o)
 .text          0x000000000000198c        0x0 /nix/store/vcz79nh29xywisg3qrwqphz9qjm8c5zp-riscv-gnu-toolchain/lib/gcc/riscv64-unknown-elf/11.1.0/../../../../riscv64-unknown-elf/lib/rv32i/ilp32/libc_nano.a(lib_a-strlen.o)
 .text          0x000000000000198c        0x0 /nix/store/vcz79nh29xywisg3qrwqphz9qjm8c5zp-riscv-gnu-toolchain/lib/gcc/riscv64-unknown-elf/11.1.0/../../../../riscv64-unknown-elf/lib/rv32i/ilp32/libc_nano.a(lib_a-impure.o)
 .text          0x000000000000198c        0x0 /nix/store/vcz79nh29xywisg3qrwqphz9qjm8c5zp-riscv-gnu-toolchain/lib/gcc/riscv64-unknown-elf/11.1.0/../../../../riscv64-unknown-elf/lib/rv32i/ilp32/libc_nano.a(lib_a-mlock.o)
 .text          0x000000000000198c        0x0 /nix/store/vcz79nh29xywisg3qrwqphz9qjm8c5zp-riscv-gnu-toolchain/lib/gcc/riscv64-unknown-elf/11.1.0/../../../../riscv64-unknown-elf/lib/rv32i/ilp32/libc_nano.a(lib_a-reent.o)
 .text          0x000000000000198c      0x5c0 /nix/store/vcz79nh29xywisg3qrwqphz9qjm8c5zp-riscv-gnu-toolchain/lib/gcc/riscv64-unknown-elf/11.1.0/rv32i/ilp32/libgcc.a(_udivdi3.o)
                0x000000000000198c                __udivdi3
 .text          0x0000000000001f4c      0x4d0 /nix/store/vcz79nh29xywisg3qrwqphz9qjm8c5zp-riscv-gnu-toolchain/lib/gcc/riscv64-unknown-elf/11.1.0/rv32i/ilp32/libgcc.a(_umoddi3.o)
                0x0000000000001f4c                __umoddi3
 .text          0x000000000000241c      0x7dc /nix/store/vcz79nh29xywisg3qrwqphz9qjm8c5zp-riscv-gnu-toolchain/lib/gcc/riscv64-unknown-elf/11.1.0/rv32i/ilp32/libgcc.a(adddf3.o)
                0x000000000000241c                __adddf3
 .text          0x0000000000002bf8      0x7e0 /nix/store/vcz79nh29xywisg3qrwqphz9qjm8c5zp-riscv-gnu-toolchain/lib/gcc/riscv64-unknown-elf/11.1.0/rv32i/ilp32/libgcc.a(divdf3.o)
                0x0000000000002bf8                __divdf3
 .text          0x00000000000033d8       0x8c /nix/store/vcz79nh29xywisg3qrwqphz9qjm8c5zp-riscv-gnu-toolchain/lib/gcc/riscv64-unknown-elf/11.1.0/rv32i/ilp32/libgcc.a(eqdf2.o)
                0x00000000000033d8                __eqdf2
                0x00000000000033d8                __nedf2
 .text          0x0000000000003464       0xe4 /nix/store/vcz79nh29xywisg3qrwqphz9qjm8c5zp-riscv-gnu-toolchain/lib/gcc/riscv64-unknown-elf/11.1.0/rv32i/ilp32/libgcc.a(gedf2.o)
                0x0000000000003464                __gtdf2
                0x0000000000003464                __gedf2
 .text          0x0000000000003548       0xe4 /nix/store/vcz79nh29xywisg3qrwqphz9qjm8c5zp-riscv-gnu-toolchain/lib/gcc/riscv64-unknown-elf/11.1.0/rv32i/ilp32/libgcc.a(ledf2.o)
                0x0000000000003548                __ltdf2
                0x0000000000003548                __ledf2
 .text          0x000000000000362c      0x6cc /nix/store/vcz79nh29xywisg3qrwqphz9qjm8c5zp-riscv-gnu-toolchain/lib/gcc/riscv64-unknown-elf/11.1.0/rv32i/ilp32/libgcc.a(muldf3.o)
                0x000000000000362c                __muldf3
 .text          0x0000000000003cf8      0x7f0 /nix/store/vcz79nh29xywisg3qrwqphz9qjm8c5zp-riscv-gnu-toolchain/lib/gcc/riscv64-unknown-elf/11.1.0/rv32i/ilp32/libgcc.a(subdf3.o)
                0x0000000000003cf8                __subdf3
 .text          0x00000000000044e8       0x80 /nix/store/vcz79nh29xywisg3qrwqphz9qjm8c5zp-riscv-gnu-toolchain/lib/gcc/riscv64-unknown-elf/11.1.0/rv32i/ilp32/libgcc.a(fixdfsi.o)
                0x00000000000044e8                __fixdfsi
 .text          0x0000000000004568       0x7c /nix/store/vcz79nh29xywisg3qrwqphz9qjm8c5zp-riscv-gnu-toolchain/lib/gcc/riscv64-unknown-elf/11.1.0/rv32i/ilp32/libgcc.a(fixunsdfsi.o)
                0x0000000000004568                __fixunsdfsi
 .text          0x00000000000045e4       0xa8 /nix/store/vcz79nh29xywisg3qrwqphz9qjm8c5zp-riscv-gnu-toolchain/lib/gcc/riscv64-unknown-elf/11.1.0/rv32i/ilp32/libgcc.a(floatsidf.o)
                0x00000000000045e4                __floatsidf
 .text          0x000000000000468c       0x80 /nix/store/vcz79nh29xywisg3qrwqphz9qjm8c5zp-riscv-gnu-toolchain/lib/gcc/riscv64-unknown-elf/11.1.0/rv32i/ilp32/libgcc.a(floatunsidf.o)
                0x000000000000468c                __floatunsidf
 .text          0x000000000000470c       0x24 /nix/store/vcz79nh29xywisg3qrwqphz9qjm8c5zp-riscv-gnu-toolchain/lib/gcc/riscv64-unknown-elf/11.1.0/rv32i/ilp32/libgcc.a(muldi3.o)
                0x000000000000470c                __mulsi3
 .text          0x0000000000004730       0xb4 /nix/store/vcz79nh29xywisg3qrwqphz9qjm8c5zp-riscv-gnu-toolchain/lib/gcc/riscv64-unknown-elf/11.1.0/rv32i/ilp32/libgcc.a(div.o)
                0x0000000000004730                __divsi3
                0x0000000000004738                __udivsi3
                0x0000000000004780                __umodsi3
                0x00000000000047b4                __modsi3
 .text          0x00000000000047e4        0x0 /nix/store/vcz79nh29xywisg3qrwqphz9qjm8c5zp-riscv-gnu-toolchain/lib/gcc/riscv64-unknown-elf/11.1.0/rv32i/ilp32/libgcc.a(_clz.o)
 .text          0x00000000000047e4       0x4c /nix/store/vcz79nh29xywisg3qrwqphz9qjm8c5zp-riscv-gnu-toolchain/lib/gcc/riscv64-unknown-elf/11.1.0/rv32i/ilp32/libgcc.a(_clzsi2.o)
                0x00000000000047e4                __clzsi2
 .text          0x0000000000004830        0x0 /nix/store/vcz79nh29xywisg3qrwqphz9qjm8c5zp-riscv-gnu-toolchain/lib/gcc/riscv64-unknown-elf/11.1.0/../../../../riscv64-unknown-elf/lib/rv32i/ilp32/libnosys.a(sbrk.o)
 *(.text.*)
 .text.startup  0x0000000000004830      0x244 /run/user/1015/ccT50Vak.o
                0x0000000000004830                main
 .text.malloc   0x0000000000004a74       0x10 /nix/store/vcz79nh29xywisg3qrwqphz9qjm8c5zp-riscv-gnu-toolchain/lib/gcc/riscv64-unknown-elf/11.1.0/../../../../riscv64-unknown-elf/lib/rv32i/ilp32/libc_nano.a(lib_a-malloc.o)
                0x0000000000004a74                malloc
 .text.free     0x0000000000004a84       0x10 /nix/store/vcz79nh29xywisg3qrwqphz9qjm8c5zp-riscv-gnu-toolchain/lib/gcc/riscv64-unknown-elf/11.1.0/../../../../riscv64-unknown-elf/lib/rv32i/ilp32/libc_nano.a(lib_a-malloc.o)
                0x0000000000004a84                free
 .text._free_r  0x0000000000004a94       0xfc /nix/store/vcz79nh29xywisg3qrwqphz9qjm8c5zp-riscv-gnu-toolchain/lib/gcc/riscv64-unknown-elf/11.1.0/../../../../riscv64-unknown-elf/lib/rv32i/ilp32/libc_nano.a(lib_a-nano-freer.o)
                0x0000000000004a94                _free_r
 .text._malloc_r
                0x0000000000004b90      0x158 /nix/store/vcz79nh29xywisg3qrwqphz9qjm8c5zp-riscv-gnu-toolchain/lib/gcc/riscv64-unknown-elf/11.1.0/../../../../riscv64-unknown-elf/lib/rv32i/ilp32/libc_nano.a(lib_a-nano-mallocr.o)
                0x0000000000004b90                _malloc_r
 .text._sbrk_r  0x0000000000004ce8       0x4c /nix/store/vcz79nh29xywisg3qrwqphz9qjm8c5zp-riscv-gnu-toolchain/lib/gcc/riscv64-unknown-elf/11.1.0/../../../../riscv64-unknown-elf/lib/rv32i/ilp32/libc_nano.a(lib_a-sbrkr.o)
                0x0000000000004ce8                _sbrk_r
 .text.strcpy   0x0000000000004d34       0x1c /nix/store/vcz79nh29xywisg3qrwqphz9qjm8c5zp-riscv-gnu-toolchain/lib/gcc/riscv64-unknown-elf/11.1.0/../../../../riscv64-unknown-elf/lib/rv32i/ilp32/libc_nano.a(lib_a-strcpy.o)
                0x0000000000004d34                strcpy
 .text.strlen   0x0000000000004d50       0x1c /nix/store/vcz79nh29xywisg3qrwqphz9qjm8c5zp-riscv-gnu-toolchain/lib/gcc/riscv64-unknown-elf/11.1.0/../../../../riscv64-unknown-elf/lib/rv32i/ilp32/libc_nano.a(lib_a-strlen.o)
                0x0000000000004d50                strlen
 .text.__malloc_lock
                0x0000000000004d6c        0x4 /nix/store/vcz79nh29xywisg3qrwqphz9qjm8c5zp-riscv-gnu-toolchain/lib/gcc/riscv64-unknown-elf/11.1.0/../../../../riscv64-unknown-elf/lib/rv32i/ilp32/libc_nano.a(lib_a-mlock.o)
                0x0000000000004d6c                __malloc_lock
 .text.__malloc_unlock
                0x0000000000004d70        0x4 /nix/store/vcz79nh29xywisg3qrwqphz9qjm8c5zp-riscv-gnu-toolchain/lib/gcc/riscv64-unknown-elf/11.1.0/../../../../riscv64-unknown-elf/lib/rv32i/ilp32/libc_nano.a(lib_a-mlock.o)
                0x0000000000004d70                __malloc_unlock
 .text.cleanup_glue
                0x0000000000004d74       0x40 /nix/store/vcz79nh29xywisg3qrwqphz9qjm8c5zp-riscv-gnu-toolchain/lib/gcc/riscv64-unknown-elf/11.1.0/../../../../riscv64-unknown-elf/lib/rv32i/ilp32/libc_nano.a(lib_a-reent.o)
                0x0000000000004d74                cleanup_glue
 .text._reclaim_reent
                0x0000000000004db4      0x16c /nix/store/vcz79nh29xywisg3qrwqphz9qjm8c5zp-riscv-gnu-toolchain/lib/gcc/riscv64-unknown-elf/11.1.0/../../../../riscv64-unknown-elf/lib/rv32i/ilp32/libc_nano.a(lib_a-reent.o)
                0x0000000000004db4                _reclaim_reent
 .text._sbrk    0x0000000000004f20       0x38 /nix/store/vcz79nh29xywisg3qrwqphz9qjm8c5zp-riscv-gnu-toolchain/lib/gcc/riscv64-unknown-elf/11.1.0/../../../../riscv64-unknown-elf/lib/rv32i/ilp32/libnosys.a(sbrk.o)
                0x0000000000004f20                _sbrk
 *(.rodata)
 .rodata        0x0000000000004f58       0x90 /run/user/1015/ccZ6f7JH.o
 .rodata        0x0000000000004fe8       0x3c /nix/store/vcz79nh29xywisg3qrwqphz9qjm8c5zp-riscv-gnu-toolchain/lib/gcc/riscv64-unknown-elf/11.1.0/rv32i/ilp32/libgcc.a(divdf3.o)
 .rodata        0x0000000000005024      0x100 /nix/store/vcz79nh29xywisg3qrwqphz9qjm8c5zp-riscv-gnu-toolchain/lib/gcc/riscv64-unknown-elf/11.1.0/rv32i/ilp32/libgcc.a(_clz.o)
                0x0000000000005024                __clz_tab
 *(.rodata.*)
 .rodata.str1.4
                0x0000000000005124      0x827 /run/user/1015/ccT50Vak.o
                                        0x82f (size before relaxing)
 *fill*         0x000000000000594b        0x1 
 .rodata.str1.4
                0x000000000000594c       0x15 /run/user/1015/ccZ6f7JH.o
 *fill*         0x0000000000005961        0x3 
 .rodata.str1.4
                0x0000000000005964      0x259 /run/user/1015/cchqVQ0B.o
 *fill*         0x0000000000005bbd        0x3 
 .rodata.str1.4
                0x0000000000005bc0       0x69 /run/user/1015/ccBwg8p6.o
 *(.gnu.linkonce.t.*)
 *(.gnu.linkonce.r.*)
                0x0000000000005c2c                . = ALIGN (0x4)
 *fill*         0x0000000000005c29        0x3 
                0x0000000000005c2c                _etext = .
                [!provide]                        PROVIDE (etext = .)

.srodata.cst8   0x0000000000005c30       0xa0
 .srodata.cst8  0x0000000000005c30       0x98 /run/user/1015/ccZ6f7JH.o
 .srodata.cst8  0x0000000000005cc8        0x8 /run/user/1015/cchqVQ0B.o

.srodata._global_impure_ptr
                0x0000000000005cd0        0x4
 .srodata._global_impure_ptr
                0x0000000000005cd0        0x4 /nix/store/vcz79nh29xywisg3qrwqphz9qjm8c5zp-riscv-gnu-toolchain/lib/gcc/riscv64-unknown-elf/11.1.0/../../../../riscv64-unknown-elf/lib/rv32i/ilp32/libc_nano.a(lib_a-impure.o)
                0x0000000000005cd0                _global_impure_ptr

.rela.dyn       0x0000000000005cd4        0x0
 .rela.text.startup
                0x0000000000005cd4        0x0 /run/user/1015/ccs50Dx5.o
 .rela.data.impure_data
                0x0000000000005cd4        0x0 /run/user/1015/ccs50Dx5.o
 .rela.text._sbrk
                0x0000000000005cd4        0x0 /run/user/1015/ccs50Dx5.o

.data           0x0000000000005cd4       0x7c
                0x0000000000005cd4                _sdata = .
                [!provide]                        PROVIDE (sdata = .)
 *(.data)
 .data          0x0000000000005cd4        0x0 /run/user/1015/ccs50Dx5.o
 .data          0x0000000000005cd4       0x13 /run/user/1015/ccT50Vak.o
 .data          0x0000000000005ce7        0x0 /run/user/1015/ccZ6f7JH.o
 .data          0x0000000000005ce7        0x0 /run/user/1015/cchqVQ0B.o
 .data          0x0000000000005ce7        0x0 /run/user/1015/ccBwg8p6.o
 .data          0x0000000000005ce7        0x0 /run/user/1015/ccT8zdsq.o
 .data          0x0000000000005ce7        0x0 /run/user/1015/ccpRlmVp.o
 .data          0x0000000000005ce7        0x0 /run/user/1015/ccLN60IZ.o
 .data          0x0000000000005ce7        0x0 /nix/store/vcz79nh29xywisg3qrwqphz9qjm8c5zp-riscv-gnu-toolchain/lib/gcc/riscv64-unknown-elf/11.1.0/../../../../riscv64-unknown-elf/lib/rv32i/ilp32/libc_nano.a(lib_a-malloc.o)
 .data          0x0000000000005ce7        0x0 /nix/store/vcz79nh29xywisg3qrwqphz9qjm8c5zp-riscv-gnu-toolchain/lib/gcc/riscv64-unknown-elf/11.1.0/../../../../riscv64-unknown-elf/lib/rv32i/ilp32/libc_nano.a(lib_a-memcpy-asm.o)
 .data          0x0000000000005ce7        0x0 /nix/store/vcz79nh29xywisg3qrwqphz9qjm8c5zp-riscv-gnu-toolchain/lib/gcc/riscv64-unknown-elf/11.1.0/../../../../riscv64-unknown-elf/lib/rv32i/ilp32/libc_nano.a(lib_a-nano-freer.o)
 .data          0x0000000000005ce7        0x0 /nix/store/vcz79nh29xywisg3qrwqphz9qjm8c5zp-riscv-gnu-toolchain/lib/gcc/riscv64-unknown-elf/11.1.0/../../../../riscv64-unknown-elf/lib/rv32i/ilp32/libc_nano.a(lib_a-nano-mallocr.o)
 .data          0x0000000000005ce7        0x0 /nix/store/vcz79nh29xywisg3qrwqphz9qjm8c5zp-riscv-gnu-toolchain/lib/gcc/riscv64-unknown-elf/11.1.0/../../../../riscv64-unknown-elf/lib/rv32i/ilp32/libc_nano.a(lib_a-sbrkr.o)
 .data          0x0000000000005ce7        0x0 /nix/store/vcz79nh29xywisg3qrwqphz9qjm8c5zp-riscv-gnu-toolchain/lib/gcc/riscv64-unknown-elf/11.1.0/../../../../riscv64-unknown-elf/lib/rv32i/ilp32/libc_nano.a(lib_a-strcmp.o)
 .data          0x0000000000005ce7        0x0 /nix/store/vcz79nh29xywisg3qrwqphz9qjm8c5zp-riscv-gnu-toolchain/lib/gcc/riscv64-unknown-elf/11.1.0/../../../../riscv64-unknown-elf/lib/rv32i/ilp32/libc_nano.a(lib_a-strcpy.o)
 .data          0x0000000000005ce7        0x0 /nix/store/vcz79nh29xywisg3qrwqphz9qjm8c5zp-riscv-gnu-toolchain/lib/gcc/riscv64-unknown-elf/11.1.0/../../../../riscv64-unknown-elf/lib/rv32i/ilp32/libc_nano.a(lib_a-strlen.o)
 .data          0x0000000000005ce7        0x0 /nix/store/vcz79nh29xywisg3qrwqphz9qjm8c5zp-riscv-gnu-toolchain/lib/gcc/riscv64-unknown-elf/11.1.0/../../../../riscv64-unknown-elf/lib/rv32i/ilp32/libc_nano.a(lib_a-impure.o)
 .data          0x0000000000005ce7        0x0 /nix/store/vcz79nh29xywisg3qrwqphz9qjm8c5zp-riscv-gnu-toolchain/lib/gcc/riscv64-unknown-elf/11.1.0/../../../../riscv64-unknown-elf/lib/rv32i/ilp32/libc_nano.a(lib_a-mlock.o)
 .data          0x0000000000005ce7        0x0 /nix/store/vcz79nh29xywisg3qrwqphz9qjm8c5zp-riscv-gnu-toolchain/lib/gcc/riscv64-unknown-elf/11.1.0/../../../../riscv64-unknown-elf/lib/rv32i/ilp32/libc_nano.a(lib_a-reent.o)
 .data          0x0000000000005ce7        0x0 /nix/store/vcz79nh29xywisg3qrwqphz9qjm8c5zp-riscv-gnu-toolchain/lib/gcc/riscv64-unknown-elf/11.1.0/rv32i/ilp32/libgcc.a(_udivdi3.o)
 .data          0x0000000000005ce7        0x0 /nix/store/vcz79nh29xywisg3qrwqphz9qjm8c5zp-riscv-gnu-toolchain/lib/gcc/riscv64-unknown-elf/11.1.0/rv32i/ilp32/libgcc.a(_umoddi3.o)
 .data          0x0000000000005ce7        0x0 /nix/store/vcz79nh29xywisg3qrwqphz9qjm8c5zp-riscv-gnu-toolchain/lib/gcc/riscv64-unknown-elf/11.1.0/rv32i/ilp32/libgcc.a(adddf3.o)
 .data          0x0000000000005ce7        0x0 /nix/store/vcz79nh29xywisg3qrwqphz9qjm8c5zp-riscv-gnu-toolchain/lib/gcc/riscv64-unknown-elf/11.1.0/rv32i/ilp32/libgcc.a(divdf3.o)
 .data          0x0000000000005ce7        0x0 /nix/store/vcz79nh29xywisg3qrwqphz9qjm8c5zp-riscv-gnu-toolchain/lib/gcc/riscv64-unknown-elf/11.1.0/rv32i/ilp32/libgcc.a(eqdf2.o)
 .data          0x0000000000005ce7        0x0 /nix/store/vcz79nh29xywisg3qrwqphz9qjm8c5zp-riscv-gnu-toolchain/lib/gcc/riscv64-unknown-elf/11.1.0/rv32i/ilp32/libgcc.a(gedf2.o)
 .data          0x0000000000005ce7        0x0 /nix/store/vcz79nh29xywisg3qrwqphz9qjm8c5zp-riscv-gnu-toolchain/lib/gcc/riscv64-unknown-elf/11.1.0/rv32i/ilp32/libgcc.a(ledf2.o)
 .data          0x0000000000005ce7        0x0 /nix/store/vcz79nh29xywisg3qrwqphz9qjm8c5zp-riscv-gnu-toolchain/lib/gcc/riscv64-unknown-elf/11.1.0/rv32i/ilp32/libgcc.a(muldf3.o)
 .data          0x0000000000005ce7        0x0 /nix/store/vcz79nh29xywisg3qrwqphz9qjm8c5zp-riscv-gnu-toolchain/lib/gcc/riscv64-unknown-elf/11.1.0/rv32i/ilp32/libgcc.a(subdf3.o)
 .data          0x0000000000005ce7        0x0 /nix/store/vcz79nh29xywisg3qrwqphz9qjm8c5zp-riscv-gnu-toolchain/lib/gcc/riscv64-unknown-elf/11.1.0/rv32i/ilp32/libgcc.a(fixdfsi.o)
 .data          0x0000000000005ce7        0x0 /nix/store/vcz79nh29xywisg3qrwqphz9qjm8c5zp-riscv-gnu-toolchain/lib/gcc/riscv64-unknown-elf/11.1.0/rv32i/ilp32/libgcc.a(fixunsdfsi.o)
 .data          0x0000000000005ce7        0x0 /nix/store/vcz79nh29xywisg3qrwqphz9qjm8c5zp-riscv-gnu-toolchain/lib/gcc/riscv64-unknown-elf/11.1.0/rv32i/ilp32/libgcc.a(floatsidf.o)
 .data          0x0000000000005ce7        0x0 /nix/store/vcz79nh29xywisg3qrwqphz9qjm8c5zp-riscv-gnu-toolchain/lib/gcc/riscv64-unknown-elf/11.1.0/rv32i/ilp32/libgcc.a(floatunsidf.o)
 .data          0x0000000000005ce7        0x0 /nix/store/vcz79nh29xywisg3qrwqphz9qjm8c5zp-riscv-gnu-toolchain/lib/gcc/riscv64-unknown-elf/11.1.0/rv32i/ilp32/libgcc.a(muldi3.o)
 .data          0x0000000000005ce7        0x0 /nix/store/vcz79nh29xywisg3qrwqphz9qjm8c5zp-riscv-gnu-toolchain/lib/gcc/riscv64-unknown-elf/11.1.0/rv32i/ilp32/libgcc.a(div.o)
 .data          0x0000000000005ce7        0x0 /nix/store/vcz79nh29xywisg3qrwqphz9qjm8c5zp-riscv-gnu-toolchain/lib/gcc/riscv64-unknown-elf/11.1.0/rv32i/ilp32/libgcc.a(_clz.o)
 .data          0x0000000000005ce7        0x0 /nix/store/vcz79nh29xywisg3qrwqphz9qjm8c5zp-riscv-gnu-toolchain/lib/gcc/riscv64-unknown-elf/11.1.0/rv32i/ilp32/libgcc.a(_clzsi2.o)
 .data          0x0000000000005ce7        0x0 /nix/store/vcz79nh29xywisg3qrwqphz9qjm8c5zp-riscv-gnu-toolchain/lib/gcc/riscv64-unknown-elf/11.1.0/../../../../riscv64-unknown-elf/lib/rv32i/ilp32/libnosys.a(sbrk.o)
 *(.data.*)
 *fill*         0x0000000000005ce7        0x1 
 .data.impure_data
                0x0000000000005ce8       0x60 /nix/store/vcz79nh29xywisg3qrwqphz9qjm8c5zp-riscv-gnu-toolchain/lib/gcc/riscv64-unknown-elf/11.1.0/../../../../riscv64-unknown-elf/lib/rv32i/ilp32/libc_nano.a(lib_a-impure.o)
 *(.sdata)
 .sdata         0x0000000000005d48        0x4 /run/user/1015/cchqVQ0B.o
                0x0000000000005d48                send_string
 *(.sdata.*)
 .sdata._impure_ptr
                0x0000000000005d4c        0x4 /nix/store/vcz79nh29xywisg3qrwqphz9qjm8c5zp-riscv-gnu-toolchain/lib/gcc/riscv64-unknown-elf/11.1.0/../../../../riscv64-unknown-elf/lib/rv32i/ilp32/libc_nano.a(lib_a-impure.o)
                0x0000000000005d4c                _impure_ptr
 *(.sdata2)
 *(.sdata2.*)
 *(.gnu.linkonce.d.*)
 *(.gnu.linkonce.s.*)
                0x0000000000005d50                . = ALIGN (0x4)
                0x0000000000005d50                _edata = .
                [!provide]                        PROVIDE (edata = .)

.bss            0x0000000000005d50     0x2020
                0x0000000000005d50                _sbss = .
                [!provide]                        PROVIDE (sbss = .)
                0x0000000000005d50                _bss_start = .
 *(.bss)
 .bss           0x0000000000005d50        0x0 /run/user/1015/ccs50Dx5.o
 .bss           0x0000000000005d50     0x2000 /run/user/1015/ccT50Vak.o
 .bss           0x0000000000007d50        0x0 /run/user/1015/ccZ6f7JH.o
 .bss           0x0000000000007d50        0x0 /run/user/1015/cchqVQ0B.o
 .bss           0x0000000000007d50        0x0 /run/user/1015/ccBwg8p6.o
 .bss           0x0000000000007d50        0x0 /run/user/1015/ccT8zdsq.o
 .bss           0x0000000000007d50        0x0 /run/user/1015/ccpRlmVp.o
 .bss           0x0000000000007d50        0x0 /run/user/1015/ccLN60IZ.o
 .bss           0x0000000000007d50        0x0 /nix/store/vcz79nh29xywisg3qrwqphz9qjm8c5zp-riscv-gnu-toolchain/lib/gcc/riscv64-unknown-elf/11.1.0/../../../../riscv64-unknown-elf/lib/rv32i/ilp32/libc_nano.a(lib_a-malloc.o)
 .bss           0x0000000000007d50        0x0 /nix/store/vcz79nh29xywisg3qrwqphz9qjm8c5zp-riscv-gnu-toolchain/lib/gcc/riscv64-unknown-elf/11.1.0/../../../../riscv64-unknown-elf/lib/rv32i/ilp32/libc_nano.a(lib_a-memcpy-asm.o)
 .bss           0x0000000000007d50        0x0 /nix/store/vcz79nh29xywisg3qrwqphz9qjm8c5zp-riscv-gnu-toolchain/lib/gcc/riscv64-unknown-elf/11.1.0/../../../../riscv64-unknown-elf/lib/rv32i/ilp32/libc_nano.a(lib_a-nano-freer.o)
 .bss           0x0000000000007d50        0x0 /nix/store/vcz79nh29xywisg3qrwqphz9qjm8c5zp-riscv-gnu-toolchain/lib/gcc/riscv64-unknown-elf/11.1.0/../../../../riscv64-unknown-elf/lib/rv32i/ilp32/libc_nano.a(lib_a-nano-mallocr.o)
 .bss           0x0000000000007d50        0x0 /nix/store/vcz79nh29xywisg3qrwqphz9qjm8c5zp-riscv-gnu-toolchain/lib/gcc/riscv64-unknown-elf/11.1.0/../../../../riscv64-unknown-elf/lib/rv32i/ilp32/libc_nano.a(lib_a-sbrkr.o)
 .bss           0x0000000000007d50        0x0 /nix/store/vcz79nh29xywisg3qrwqphz9qjm8c5zp-riscv-gnu-toolchain/lib/gcc/riscv64-unknown-elf/11.1.0/../../../../riscv64-unknown-elf/lib/rv32i/ilp32/libc_nano.a(lib_a-strcmp.o)
 .bss           0x0000000000007d50        0x0 /nix/store/vcz79nh29xywisg3qrwqphz9qjm8c5zp-riscv-gnu-toolchain/lib/gcc/riscv64-unknown-elf/11.1.0/../../../../riscv64-unknown-elf/lib/rv32i/ilp32/libc_nano.a(lib_a-strcpy.o)
 .bss           0x0000000000007d50        0x0 /nix/store/vcz79nh29xywisg3qrwqphz9qjm8c5zp-riscv-gnu-toolchain/lib/gcc/riscv64-unknown-elf/11.1.0/../../../../riscv64-unknown-elf/lib/rv32i/ilp32/libc_nano.a(lib_a-strlen.o)
 .bss           0x0000000000007d50        0x0 /nix/store/vcz79nh29xywisg3qrwqphz9qjm8c5zp-riscv-gnu-toolchain/lib/gcc/riscv64-unknown-elf/11.1.0/../../../../riscv64-unknown-elf/lib/rv32i/ilp32/libc_nano.a(lib_a-impure.o)
 .bss           0x0000000000007d50        0x0 /nix/store/vcz79nh29xywisg3qrwqphz9qjm8c5zp-riscv-gnu-toolchain/lib/gcc/riscv64-unknown-elf/11.1.0/../../../../riscv64-unknown-elf/lib/rv32i/ilp32/libc_nano.a(lib_a-mlock.o)
 .bss           0x0000000000007d50        0x0 /nix/store/vcz79nh29xywisg3qrwqphz9qjm8c5zp-riscv-gnu-toolchain/lib/gcc/riscv64-unknown-elf/11.1.0/../../../../riscv64-unknown-elf/lib/rv32i/ilp32/libc_nano.a(lib_a-reent.o)
 .bss           0x0000000000007d50        0x0 /nix/store/vcz79nh29xywisg3qrwqphz9qjm8c5zp-riscv-gnu-toolchain/lib/gcc/riscv64-unknown-elf/11.1.0/rv32i/ilp32/libgcc.a(_udivdi3.o)
 .bss           0x0000000000007d50        0x0 /nix/store/vcz79nh29xywisg3qrwqphz9qjm8c5zp-riscv-gnu-toolchain/lib/gcc/riscv64-unknown-elf/11.1.0/rv32i/ilp32/libgcc.a(_umoddi3.o)
 .bss           0x0000000000007d50        0x0 /nix/store/vcz79nh29xywisg3qrwqphz9qjm8c5zp-riscv-gnu-toolchain/lib/gcc/riscv64-unknown-elf/11.1.0/rv32i/ilp32/libgcc.a(adddf3.o)
 .bss           0x0000000000007d50        0x0 /nix/store/vcz79nh29xywisg3qrwqphz9qjm8c5zp-riscv-gnu-toolchain/lib/gcc/riscv64-unknown-elf/11.1.0/rv32i/ilp32/libgcc.a(divdf3.o)
 .bss           0x0000000000007d50        0x0 /nix/store/vcz79nh29xywisg3qrwqphz9qjm8c5zp-riscv-gnu-toolchain/lib/gcc/riscv64-unknown-elf/11.1.0/rv32i/ilp32/libgcc.a(eqdf2.o)
 .bss           0x0000000000007d50        0x0 /nix/store/vcz79nh29xywisg3qrwqphz9qjm8c5zp-riscv-gnu-toolchain/lib/gcc/riscv64-unknown-elf/11.1.0/rv32i/ilp32/libgcc.a(gedf2.o)
 .bss           0x0000000000007d50        0x0 /nix/store/vcz79nh29xywisg3qrwqphz9qjm8c5zp-riscv-gnu-toolchain/lib/gcc/riscv64-unknown-elf/11.1.0/rv32i/ilp32/libgcc.a(ledf2.o)
 .bss           0x0000000000007d50        0x0 /nix/store/vcz79nh29xywisg3qrwqphz9qjm8c5zp-riscv-gnu-toolchain/lib/gcc/riscv64-unknown-elf/11.1.0/rv32i/ilp32/libgcc.a(muldf3.o)
 .bss           0x0000000000007d50        0x0 /nix/store/vcz79nh29xywisg3qrwqphz9qjm8c5zp-riscv-gnu-toolchain/lib/gcc/riscv64-unknown-elf/11.1.0/rv32i/ilp32/libgcc.a(subdf3.o)
 .bss           0x0000000000007d50        0x0 /nix/store/vcz79nh29xywisg3qrwqphz9qjm8c5zp-riscv-gnu-toolchain/lib/gcc/riscv64-unknown-elf/11.1.0/rv32i/ilp32/libgcc.a(fixdfsi.o)
 .bss           0x0000000000007d50        0x0 /nix/store/vcz79nh29xywisg3qrwqphz9qjm8c5zp-riscv-gnu-toolchain/lib/gcc/riscv64-unknown-elf/11.1.0/rv32i/ilp32/libgcc.a(fixunsdfsi.o)
 .bss           0x0000000000007d50        0x0 /nix/store/vcz79nh29xywisg3qrwqphz9qjm8c5zp-riscv-gnu-toolchain/lib/gcc/riscv64-unknown-elf/11.1.0/rv32i/ilp32/libgcc.a(floatsidf.o)
 .bss           0x0000000000007d50        0x0 /nix/store/vcz79nh29xywisg3qrwqphz9qjm8c5zp-riscv-gnu-toolchain/lib/gcc/riscv64-unknown-elf/11.1.0/rv32i/ilp32/libgcc.a(floatunsidf.o)
 .bss           0x0000000000007d50        0x0 /nix/store/vcz79nh29xywisg3qrwqphz9qjm8c5zp-riscv-gnu-toolchain/lib/gcc/riscv64-unknown-elf/11.1.0/rv32i/ilp32/libgcc.a(muldi3.o)
 .bss           0x0000000000007d50        0x0 /nix/store/vcz79nh29xywisg3qrwqphz9qjm8c5zp-riscv-gnu-toolchain/lib/gcc/riscv64-unknown-elf/11.1.0/rv32i/ilp32/libgcc.a(div.o)
 .bss           0x0000000000007d50        0x0 /nix/store/vcz79nh29xywisg3qrwqphz9qjm8c5zp-riscv-gnu-toolchain/lib/gcc/riscv64-unknown-elf/11.1.0/rv32i/ilp32/libgcc.a(_clz.o)
 .bss           0x0000000000007d50        0x0 /nix/store/vcz79nh29xywisg3qrwqphz9qjm8c5zp-riscv-gnu-toolchain/lib/gcc/riscv64-unknown-elf/11.1.0/rv32i/ilp32/libgcc.a(_clzsi2.o)
 .bss           0x0000000000007d50        0x0 /nix/store/vcz79nh29xywisg3qrwqphz9qjm8c5zp-riscv-gnu-toolchain/lib/gcc/riscv64-unknown-elf/11.1.0/../../../../riscv64-unknown-elf/lib/rv32i/ilp32/libnosys.a(sbrk.o)
 *(.bss.*)
 *(.sbss)
 .sbss          0x0000000000007d50        0x4 /run/user/1015/ccT50Vak.o
 .sbss          0x0000000000007d54        0x4 /run/user/1015/ccZ6f7JH.o
 .sbss          0x0000000000007d58        0x4 /run/user/1015/ccpRlmVp.o
 .sbss          0x0000000000007d5c        0x4 /run/user/1015/ccLN60IZ.o
 *(.sbss.*)
 .sbss.__malloc_free_list
                0x0000000000007d60        0x4 /nix/store/vcz79nh29xywisg3qrwqphz9qjm8c5zp-riscv-gnu-toolchain/lib/gcc/riscv64-unknown-elf/11.1.0/../../../../riscv64-unknown-elf/lib/rv32i/ilp32/libc_nano.a(lib_a-nano-mallocr.o)
                0x0000000000007d60                __malloc_free_list
 .sbss.__malloc_sbrk_start
                0x0000000000007d64        0x4 /nix/store/vcz79nh29xywisg3qrwqphz9qjm8c5zp-riscv-gnu-toolchain/lib/gcc/riscv64-unknown-elf/11.1.0/../../../../riscv64-unknown-elf/lib/rv32i/ilp32/libc_nano.a(lib_a-nano-mallocr.o)
                0x0000000000007d64                __malloc_sbrk_start
 .sbss.errno    0x0000000000007d68        0x4 /nix/store/vcz79nh29xywisg3qrwqphz9qjm8c5zp-riscv-gnu-toolchain/lib/gcc/riscv64-unknown-elf/11.1.0/../../../../riscv64-unknown-elf/lib/rv32i/ilp32/libc_nano.a(lib_a-reent.o)
                0x0000000000007d68                errno
 .sbss.heap_end.0
                0x0000000000007d6c        0x4 /nix/store/vcz79nh29xywisg3qrwqphz9qjm8c5zp-riscv-gnu-toolchain/lib/gcc/riscv64-unknown-elf/11.1.0/../../../../riscv64-unknown-elf/lib/rv32i/ilp32/libnosys.a(sbrk.o)
 *(.sbss2)
 *(.sbss2.*)
 *(COMMON)
 *(.gnu.linkonce.b.*)
 *(.gnu.linkonce.sb.*)
                0x0000000000007d70                . = ALIGN (0x4)
                0x0000000000007d70                _ebss = .
                [!provide]                        PROVIDE (ebss = .)
                0x0000000000007d70                _bss_end = .
                0x0000000000007d70                . = ALIGN (0x10)
                0x0000000000007d70                _heap_start = .
                [!provide]                        PROVIDE (__heap_start = _heap_start)
                0x0000000000009d70                . = (. + 0x2000)
                0x0000000000009d70                _heap_end = .
                [!provide]                        PROVIDE (__heap_end = _heap_end)
                [!provide]                        PROVIDE (__heap_size = (_heap_end - _heap_start))
                0x0000000000009d70                . = ALIGN (0x10)
                0x0000000000009d70                _stack_start = .
                [!provide]                        PROVIDE (__stack_start = _stack_start)
                0x0000000000011d70                . = (. + 0x8000)
                0x0000000000011d70                _stack_end = .
                [!provide]                        PROVIDE (__stack = _stack_end)
                [!provide]                        PROVIDE (_sp = _stack_end)
                [!provide]                        PROVIDE (__stack_size = (_stack_end - _stack_start))
                0x0000000000011d70                _end = .
                0x0000000000011d70                PROVIDE (end = .)
                0x0000000000000001                ASSERT ((_end <= 0x40000), ERROR: Program exceeds 256KB RAM!)

.debug
 *(.debug)

.debug_abbrev
 *(.debug_abbrev)

.debug_aranges
 *(.debug_aranges)

.debug_frame
 *(.debug_frame)

.debug_info
 *(.debug_info)

.debug_line
 *(.debug_line)

.debug_loc
 *(.debug_loc)

.debug_macinfo
 *(.debug_macinfo)

.debug_pubnames
 *(.debug_pubnames)

.debug_pubtypes
 *(.debug_pubtypes)

.debug_ranges
 *(.debug_ranges)

.debug_str
 *(.debug_str)

.comment        0x0000000000000000       0x22
 *(.comment)
 .comment       0x0000000000000000       0x10 /run/user/1015/ccT50Vak.o
                                         0x11 (size before relaxing)
 .comment       0x0000000000000010       0x11 /run/user/1015/ccZ6f7JH.o
 .comment       0x0000000000000010       0x11 /run/user/1015/cchqVQ0B.o
 .comment       0x0000000000000010       0x11 /run/user/1015/ccBwg8p6.o
 .comment       0x0000000000000010       0x11 /run/user/1015/ccT8zdsq.o
 .comment       0x0000000000000010       0x11 /run/user/1015/ccpRlmVp.o
 .comment       0x0000000000000010       0x11 /run/user/1015/ccLN60IZ.o
 .comment       0x0000000000000010       0x12 /nix/store/vcz79nh29xywisg3qrwqphz9qjm8c5zp-riscv-gnu-toolchain/lib/gcc/riscv64-unknown-elf/11.1.0/../../../../riscv64-unknown-elf/lib/rv32i/ilp32/libc_nano.a(lib_a-malloc.o)
                                         0x13 (size before relaxing)
 .comment       0x0000000000000022       0x13 /nix/store/vcz79nh29xywisg3qrwqphz9qjm8c5zp-riscv-gnu-toolchain/lib/gcc/riscv64-unknown-elf/11.1.0/../../../../riscv64-unknown-elf/lib/rv32i/ilp32/libc_nano.a(lib_a-nano-freer.o)
 .comment       0x0000000000000022       0x13 /nix/store/vcz79nh29xywisg3qrwqphz9qjm8c5zp-riscv-gnu-toolchain/lib/gcc/riscv64-unknown-elf/11.1.0/../../../../riscv64-unknown-elf/lib/rv32i/ilp32/libc_nano.a(lib_a-nano-mallocr.o)
 .comment       0x0000000000000022       0x13 /nix/store/vcz79nh29xywisg3qrwqphz9qjm8c5zp-riscv-gnu-toolchain/lib/gcc/riscv64-unknown-elf/11.1.0/../../../../riscv64-unknown-elf/lib/rv32i/ilp32/libc_nano.a(lib_a-sbrkr.o)
 .comment       0x0000000000000022       0x13 /nix/store/vcz79nh29xywisg3qrwqphz9qjm8c5zp-riscv-gnu-toolchain/lib/gcc/riscv64-unknown-elf/11.1.0/../../../../riscv64-unknown-elf/lib/rv32i/ilp32/libc_nano.a(lib_a-strcpy.o)
 .comment       0x0000000000000022       0x13 /nix/store/vcz79nh29xywisg3qrwqphz9qjm8c5zp-riscv-gnu-toolchain/lib/gcc/riscv64-unknown-elf/11.1.0/../../../../riscv64-unknown-elf/lib/rv32i/ilp32/libc_nano.a(lib_a-strlen.o)
 .comment       0x0000000000000022       0x13 /nix/store/vcz79nh29xywisg3qrwqphz9qjm8c5zp-riscv-gnu-toolchain/lib/gcc/riscv64-unknown-elf/11.1.0/../../../../riscv64-unknown-elf/lib/rv32i/ilp32/libc_nano.a(lib_a-impure.o)
 .comment       0x0000000000000022       0x13 /nix/store/vcz79nh29xywisg3qrwqphz9qjm8c5zp-riscv-gnu-toolchain/lib/gcc/riscv64-unknown-elf/11.1.0/../../../../riscv64-unknown-elf/lib/rv32i/ilp32/libc_nano.a(lib_a-mlock.o)
 .comment       0x0000000000000022       0x13 /nix/store/vcz79nh29xywisg3qrwqphz9qjm8c5zp-riscv-gnu-toolchain/lib/gcc/riscv64-unknown-elf/11.1.0/../../../../riscv64-unknown-elf/lib/rv32i/ilp32/libc_nano.a(lib_a-reent.o)
 .comment       0x0000000000000022       0x11 /nix/store/vcz79nh29xywisg3qrwqphz9qjm8c5zp-riscv-gnu-toolchain/lib/gcc/riscv64-unknown-elf/11.1.0/rv32i/ilp32/libgcc.a(_udivdi3.o)
 .comment       0x0000000000000022       0x11 /nix/store/vcz79nh29xywisg3qrwqphz9qjm8c5zp-riscv-gnu-toolchain/lib/gcc/riscv64-unknown-elf/11.1.0/rv32i/ilp32/libgcc.a(_umoddi3.o)
 .comment       0x0000000000000022       0x11 /nix/store/vcz79nh29xywisg3qrwqphz9qjm8c5zp-riscv-gnu-toolchain/lib/gcc/riscv64-unknown-elf/11.1.0/rv32i/ilp32/libgcc.a(adddf3.o)
 .comment       0x0000000000000022       0x11 /nix/store/vcz79nh29xywisg3qrwqphz9qjm8c5zp-riscv-gnu-toolchain/lib/gcc/riscv64-unknown-elf/11.1.0/rv32i/ilp32/libgcc.a(divdf3.o)
 .comment       0x0000000000000022       0x11 /nix/store/vcz79nh29xywisg3qrwqphz9qjm8c5zp-riscv-gnu-toolchain/lib/gcc/riscv64-unknown-elf/11.1.0/rv32i/ilp32/libgcc.a(eqdf2.o)
 .comment       0x0000000000000022       0x11 /nix/store/vcz79nh29xywisg3qrwqphz9qjm8c5zp-riscv-gnu-toolchain/lib/gcc/riscv64-unknown-elf/11.1.0/rv32i/ilp32/libgcc.a(gedf2.o)
 .comment       0x0000000000000022       0x11 /nix/store/vcz79nh29xywisg3qrwqphz9qjm8c5zp-riscv-gnu-toolchain/lib/gcc/riscv64-unknown-elf/11.1.0/rv32i/ilp32/libgcc.a(ledf2.o)
 .comment       0x0000000000000022       0x11 /nix/store/vcz79nh29xywisg3qrwqphz9qjm8c5zp-riscv-gnu-toolchain/lib/gcc/riscv64-unknown-elf/11.1.0/rv32i/ilp32/libgcc.a(muldf3.o)
 .comment       0x0000000000000022       0x11 /nix/store/vcz79nh29xywisg3qrwqphz9qjm8c5zp-riscv-gnu-toolchain/lib/gcc/riscv64-unknown-elf/11.1.0/rv32i/ilp32/libgcc.a(subdf3.o)
 .comment       0x0000000000000022       0x11 /nix/store/vcz79nh29xywisg3qrwqphz9qjm8c5zp-riscv-gnu-toolchain/lib/gcc/riscv64-unknown-elf/11.1.0/rv32i/ilp32/libgcc.a(fixdfsi.o)
 .comment       0x0000000000000022       0x11 /nix/store/vcz79nh29xywisg3qrwqphz9qjm8c5zp-riscv-gnu-toolchain/lib/gcc/riscv64-unknown-elf/11.1.0/rv32i/ilp32/libgcc.a(fixunsdfsi.o)
 .comment       0x0000000000000022       0x11 /nix/store/vcz79nh29xywisg3qrwqphz9qjm8c5zp-riscv-gnu-toolchain/lib/gcc/riscv64-unknown-elf/11.1.0/rv32i/ilp32/libgcc.a(floatsidf.o)
 .comment       0x0000000000000022       0x11 /nix/store/vcz79nh29xywisg3qrwqphz9qjm8c5zp-riscv-gnu-toolchain/lib/gcc/riscv64-unknown-elf/11.1.0/rv32i/ilp32/libgcc.a(floatunsidf.o)
 .comment       0x0000000000000022       0x11 /nix/store/vcz79nh29xywisg3qrwqphz9qjm8c5zp-riscv-gnu-toolchain/lib/gcc/riscv64-unknown-elf/11.1.0/rv32i/ilp32/libgcc.a(_clz.o)
 .comment       0x0000000000000022       0x11 /nix/store/vcz79nh29xywisg3qrwqphz9qjm8c5zp-riscv-gnu-toolchain/lib/gcc/riscv64-unknown-elf/11.1.0/rv32i/ilp32/libgcc.a(_clzsi2.o)
 .comment       0x0000000000000022       0x13 /nix/store/vcz79nh29xywisg3qrwqphz9qjm8c5zp-riscv-gnu-toolchain/lib/gcc/riscv64-unknown-elf/11.1.0/../../../../riscv64-unknown-elf/lib/rv32i/ilp32/libnosys.a(sbrk.o)

.riscv.attributes
                0x0000000000000000       0x25
 .riscv.attributes
                0x0000000000000000       0x1f /run/user/1015/ccs50Dx5.o
 .riscv.attributes
                0x000000000000001f       0x25 /run/user/1015/ccT50Vak.o
 .riscv.attributes
                0x0000000000000044       0x21 /run/user/1015/ccZ6f7JH.o
 .riscv.attributes
                0x0000000000000065       0x21 /run/user/1015/cchqVQ0B.o
 .riscv.attributes
                0x0000000000000086       0x21 /run/user/1015/ccBwg8p6.o
 .riscv.attributes
                0x00000000000000a7       0x21 /run/user/1015/ccT8zdsq.o
 .riscv.attributes
                0x00000000000000c8       0x21 /run/user/1015/ccpRlmVp.o
 .riscv.attributes
                0x00000000000000e9       0x21 /run/user/1015/ccLN60IZ.o
 .riscv.attributes
                0x000000000000010a       0x1c /nix/store/vcz79nh29xywisg3qrwqphz9qjm8c5zp-riscv-gnu-toolchain/lib/gcc/riscv64-unknown-elf/11.1.0/../../../../riscv64-unknown-elf/lib/rv32i/ilp32/libc_nano.a(lib_a-malloc.o)
 .riscv.attributes
                0x0000000000000126       0x1a /nix/store/vcz79nh29xywisg3qrwqphz9qjm8c5zp-riscv-gnu-toolchain/lib/gcc/riscv64-unknown-elf/11.1.0/../../../../riscv64-unknown-elf/lib/rv32i/ilp32/libc_nano.a(lib_a-memcpy-asm.o)
 .riscv.attributes
                0x0000000000000140       0x1c /nix/store/vcz79nh29xywisg3qrwqphz9qjm8c5zp-riscv-gnu-toolchain/lib/gcc/riscv64-unknown-elf/11.1.0/../../../../riscv64-unknown-elf/lib/rv32i/ilp32/libc_nano.a(lib_a-nano-freer.o)
 .riscv.attributes
                0x000000000000015c       0x1c /nix/store/vcz79nh29xywisg3qrwqphz9qjm8c5zp-riscv-gnu-toolchain/lib/gcc/riscv64-unknown-elf/11.1.0/../../../../riscv64-unknown-elf/lib/rv32i/ilp32/libc_nano.a(lib_a-nano-mallocr.o)
 .riscv.attributes
                0x0000000000000178       0x1c /nix/store/vcz79nh29xywisg3qrwqphz9qjm8c5zp-riscv-gnu-toolchain/lib/gcc/riscv64-unknown-elf/11.1.0/../../../../riscv64-unknown-elf/lib/rv32i/ilp32/libc_nano.a(lib_a-sbrkr.o)
 .riscv.attributes
                0x0000000000000194       0x1a /nix/store/vcz79nh29xywisg3qrwqphz9qjm8c5zp-riscv-gnu-toolchain/lib/gcc/riscv64-unknown-elf/11.1.0/../../../../riscv64-unknown-elf/lib/rv32i/ilp32/libc_nano.a(lib_a-strcmp.o)
 .riscv.attributes
                0x00000000000001ae       0x1c /nix/store/vcz79nh29xywisg3qrwqphz9qjm8c5zp-riscv-gnu-toolchain/lib/gcc/riscv64-unknown-elf/11.1.0/../../../../riscv64-unknown-elf/lib/rv32i/ilp32/libc_nano.a(lib_a-strcpy.o)
 .riscv.attributes
                0x00000000000001ca       0x1c /nix/store/vcz79nh29xywisg3qrwqphz9qjm8c5zp-riscv-gnu-toolchain/lib/gcc/riscv64-unknown-elf/11.1.0/../../../../riscv64-unknown-elf/lib/rv32i/ilp32/libc_nano.a(lib_a-strlen.o)
 .riscv.attributes
                0x00000000000001e6       0x1c /nix/store/vcz79nh29xywisg3qrwqphz9qjm8c5zp-riscv-gnu-toolchain/lib/gcc/riscv64-unknown-elf/11.1.0/../../../../riscv64-unknown-elf/lib/rv32i/ilp32/libc_nano.a(lib_a-impure.o)
 .riscv.attributes
                0x0000000000000202       0x1c /nix/store/vcz79nh29xywisg3qrwqphz9qjm8c5zp-riscv-gnu-toolchain/lib/gcc/riscv64-unknown-elf/11.1.0/../../../../riscv64-unknown-elf/lib/rv32i/ilp32/libc_nano.a(lib_a-mlock.o)
 .riscv.attributes
                0x000000000000021e       0x1c /nix/store/vcz79nh29xywisg3qrwqphz9qjm8c5zp-riscv-gnu-toolchain/lib/gcc/riscv64-unknown-elf/11.1.0/../../../../riscv64-unknown-elf/lib/rv32i/ilp32/libc_nano.a(lib_a-reent.o)
 .riscv.attributes
                0x000000000000023a       0x1c /nix/store/vcz79nh29xywisg3qrwqphz9qjm8c5zp-riscv-gnu-toolchain/lib/gcc/riscv64-unknown-elf/11.1.0/rv32i/ilp32/libgcc.a(_udivdi3.o)
 .riscv.attributes
                0x0000000000000256       0x1c /nix/store/vcz79nh29xywisg3qrwqphz9qjm8c5zp-riscv-gnu-toolchain/lib/gcc/riscv64-unknown-elf/11.1.0/rv32i/ilp32/libgcc.a(_umoddi3.o)
 .riscv.attributes
                0x0000000000000272       0x1c /nix/store/vcz79nh29xywisg3qrwqphz9qjm8c5zp-riscv-gnu-toolchain/lib/gcc/riscv64-unknown-elf/11.1.0/rv32i/ilp32/libgcc.a(adddf3.o)
 .riscv.attributes
                0x000000000000028e       0x1c /nix/store/vcz79nh29xywisg3qrwqphz9qjm8c5zp-riscv-gnu-toolchain/lib/gcc/riscv64-unknown-elf/11.1.0/rv32i/ilp32/libgcc.a(divdf3.o)
 .riscv.attributes
                0x00000000000002aa       0x1c /nix/store/vcz79nh29xywisg3qrwqphz9qjm8c5zp-riscv-gnu-toolchain/lib/gcc/riscv64-unknown-elf/11.1.0/rv32i/ilp32/libgcc.a(eqdf2.o)
 .riscv.attributes
                0x00000000000002c6       0x1c /nix/store/vcz79nh29xywisg3qrwqphz9qjm8c5zp-riscv-gnu-toolchain/lib/gcc/riscv64-unknown-elf/11.1.0/rv32i/ilp32/libgcc.a(gedf2.o)
 .riscv.attributes
                0x00000000000002e2       0x1c /nix/store/vcz79nh29xywisg3qrwqphz9qjm8c5zp-riscv-gnu-toolchain/lib/gcc/riscv64-unknown-elf/11.1.0/rv32i/ilp32/libgcc.a(ledf2.o)
 .riscv.attributes
                0x00000000000002fe       0x1c /nix/store/vcz79nh29xywisg3qrwqphz9qjm8c5zp-riscv-gnu-toolchain/lib/gcc/riscv64-unknown-elf/11.1.0/rv32i/ilp32/libgcc.a(muldf3.o)
 .riscv.attributes
                0x000000000000031a       0x1c /nix/store/vcz79nh29xywisg3qrwqphz9qjm8c5zp-riscv-gnu-toolchain/lib/gcc/riscv64-unknown-elf/11.1.0/rv32i/ilp32/libgcc.a(subdf3.o)
 .riscv.attributes
                0x0000000000000336       0x1c /nix/store/vcz79nh29xywisg3qrwqphz9qjm8c5zp-riscv-gnu-toolchain/lib/gcc/riscv64-unknown-elf/11.1.0/rv32i/ilp32/libgcc.a(fixdfsi.o)
 .riscv.attributes
                0x0000000000000352       0x1c /nix/store/vcz79nh29xywisg3qrwqphz9qjm8c5zp-riscv-gnu-toolchain/lib/gcc/riscv64-unknown-elf/11.1.0/rv32i/ilp32/libgcc.a(fixunsdfsi.o)
 .riscv.attributes
                0x000000000000036e       0x1c /nix/store/vcz79nh29xywisg3qrwqphz9qjm8c5zp-riscv-gnu-toolchain/lib/gcc/riscv64-unknown-elf/11.1.0/rv32i/ilp32/libgcc.a(floatsidf.o)
 .riscv.attributes
                0x000000000000038a       0x1c /nix/store/vcz79nh29xywisg3qrwqphz9qjm8c5zp-riscv-gnu-toolchain/lib/gcc/riscv64-unknown-elf/11.1.0/rv32i/ilp32/libgcc.a(floatunsidf.o)
 .riscv.attributes
                0x00000000000003a6       0x1a /nix/store/vcz79nh29xywisg3qrwqphz9qjm8c5zp-riscv-gnu-toolchain/lib/gcc/riscv64-unknown-elf/11.1.0/rv32i/ilp32/libgcc.a(muldi3.o)
 .riscv.attributes
                0x00000000000003c0       0x1a /nix/store/vcz79nh29xywisg3qrwqphz9qjm8c5zp-riscv-gnu-toolchain/lib/gcc/riscv64-unknown-elf/11.1.0/rv32i/ilp32/libgcc.a(div.o)
 .riscv.attributes
                0x00000000000003da       0x1c /nix/store/vcz79nh29xywisg3qrwqphz9qjm8c5zp-riscv-gnu-toolchain/lib/gcc/riscv64-unknown-elf/11.1.0/rv32i/ilp32/libgcc.a(_clz.o)
 .riscv.attributes
                0x00000000000003f6       0x1c /nix/store/vcz79nh29xywisg3qrwqphz9qjm8c5zp-riscv-gnu-toolchain/lib/gcc/riscv64-unknown-elf/11.1.0/rv32i/ilp32/libgcc.a(_clzsi2.o)
 .riscv.attributes
                0x0000000000000412       0x1c /nix/store/vcz79nh29xywisg3qrwqphz9qjm8c5zp-riscv-gnu-toolchain/lib/gcc/riscv64-unknown-elf/11.1.0/../../../../riscv64-unknown-elf/lib/rv32i/ilp32/libnosys.a(sbrk.o)

.note
 *(.note)

/DISCARD/
 *(.eh_frame)
 *(.eh_frame_hdr)
LOAD /run/user/1015/ccs50Dx5.o
LOAD /run/user/1015/ccT50Vak.o
LOAD /run/user/1015/ccZ6f7JH.o
LOAD /run/user/1015/cchqVQ0B.o
LOAD /run/user/1015/ccBwg8p6.o
LOAD /run/user/1015/ccT8zdsq.o
LOAD /run/user/1015/ccpRlmVp.o
LOAD /run/user/1015/ccLN60IZ.o
LOAD /nix/store/vcz79nh29xywisg3qrwqphz9qjm8c5zp-riscv-gnu-toolchain/lib/gcc/riscv64-unknown-elf/11.1.0/../../../../riscv64-unknown-elf/lib/rv32i/ilp32/libc_nano.a
LOAD /nix/store/vcz79nh29xywisg3qrwqphz9qjm8c5zp-riscv-gnu-toolchain/lib/gcc/riscv64-unknown-elf/11.1.0/rv32i/ilp32/libgcc.a
LOAD /nix/store/vcz79nh29xywisg3qrwqphz9qjm8c5zp-riscv-gnu-toolchain/lib/gcc/riscv64-unknown-elf/11.1.0/../../../../riscv64-unknown-elf/lib/rv32i/ilp32/libnosys.a
OUTPUT(iob_soc_firmware.elf elf32-littleriscv)
