
Memory Configuration

Name             Origin             Length             Attributes
*default*        0x0000000000000000 0xffffffffffffffff

Linker script and memory map

                0x000000000003f000                . = 0x3f000

.init           0x000000000003f000       0x12
 *(.init)
 .init          0x000000000003f000       0x12 /run/user/1015/ccn6MCSa.o

.text           0x000000000003f012      0x230
 *(.text)
 .text          0x000000000003f012        0x0 /run/user/1015/ccn6MCSa.o
 .text          0x000000000003f012        0x0 /run/user/1015/cceQ8paQ.o
 .text          0x000000000003f012      0x1a8 /run/user/1015/cc66lCUS.o
                0x000000000003f012                uart_txwait
                0x000000000003f020                uart_putc
                0x000000000003f036                uart_rxwait
                0x000000000003f044                uart_getc
                0x000000000003f052                uart_init
                0x000000000003f076                uart_finish
                0x000000000003f084                uart_puts
                0x000000000003f0a0                uart_sendstr
                0x000000000003f0be                uart_recvfile
                0x000000000003f13c                uart_sendfile
 .text          0x000000000003f1ba       0x88 /run/user/1015/ccoIqqiD.o
                0x000000000003f1ba                IOB_UART_INIT_BASEADDR
                0x000000000003f1c4                IOB_UART_SET_SOFTRESET
                0x000000000003f1d2                IOB_UART_SET_DIV
                0x000000000003f1e0                IOB_UART_SET_TXDATA
                0x000000000003f1ee                IOB_UART_SET_TXEN
                0x000000000003f1fc                IOB_UART_SET_RXEN
                0x000000000003f20a                IOB_UART_GET_TXREADY
                0x000000000003f218                IOB_UART_GET_RXREADY
                0x000000000003f226                IOB_UART_GET_RXDATA
                0x000000000003f234                IOB_UART_GET_VERSION

.memory         0x000000000003f244      0x1d5
 *(.rodata)
 *(.data)
 .data          0x000000000003f244        0x0 /run/user/1015/ccn6MCSa.o
 .data          0x000000000003f244        0x0 /run/user/1015/cceQ8paQ.o
 .data          0x000000000003f244        0x0 /run/user/1015/cc66lCUS.o
 .data          0x000000000003f244        0x0 /run/user/1015/ccoIqqiD.o
 *(.bss)
 .bss           0x000000000003f244        0x0 /run/user/1015/ccn6MCSa.o
 .bss           0x000000000003f244        0x0 /run/user/1015/cceQ8paQ.o
 .bss           0x000000000003f244        0x0 /run/user/1015/cc66lCUS.o
 .bss           0x000000000003f244        0x0 /run/user/1015/ccoIqqiD.o
 *(*)
 .riscv.attributes
                0x000000000003f244       0x1f /run/user/1015/ccn6MCSa.o
 *fill*         0x000000000003f263        0x1 
 .rodata.str1.4
                0x000000000003f264       0x62 /run/user/1015/cceQ8paQ.o
 .text.startup  0x000000000003f2c6       0x6e /run/user/1015/cceQ8paQ.o
                0x000000000003f2c6                main
 .comment       0x000000000003f334       0x10 /run/user/1015/cceQ8paQ.o
                                         0x11 (size before relaxing)
 .riscv.attributes
                0x000000000003f344       0x21 /run/user/1015/cceQ8paQ.o
 *fill*         0x000000000003f365        0x3 
 .rodata.str1.4
                0x000000000003f368       0x69 /run/user/1015/cc66lCUS.o
 .comment       0x000000000003f3d1       0x11 /run/user/1015/cc66lCUS.o
 .riscv.attributes
                0x000000000003f3d1       0x21 /run/user/1015/cc66lCUS.o
 *fill*         0x000000000003f3f2        0x2 
 .sbss          0x000000000003f3f4        0x4 /run/user/1015/ccoIqqiD.o
 .comment       0x000000000003f3f8       0x11 /run/user/1015/ccoIqqiD.o
 .riscv.attributes
                0x000000000003f3f8       0x21 /run/user/1015/ccoIqqiD.o
                0x000000000003f419                stack_start = .

.stack
 *(.stack)
                0x000000000003f419                stack_end = .
                0x000000000003f41c                . = ALIGN (0x4)
                0x000000000003f41c                _heap_start = .
                0x000000000003f41c                end = .
LOAD /run/user/1015/ccn6MCSa.o
LOAD /run/user/1015/cceQ8paQ.o
LOAD /run/user/1015/cc66lCUS.o
LOAD /run/user/1015/ccoIqqiD.o
LOAD /nix/store/vcz79nh29xywisg3qrwqphz9qjm8c5zp-riscv-gnu-toolchain/lib/gcc/riscv64-unknown-elf/11.1.0/../../../../riscv64-unknown-elf/lib/rv32i/ilp32/libc_nano.a
LOAD /nix/store/vcz79nh29xywisg3qrwqphz9qjm8c5zp-riscv-gnu-toolchain/lib/gcc/riscv64-unknown-elf/11.1.0/rv32i/ilp32/libgcc.a
LOAD /nix/store/vcz79nh29xywisg3qrwqphz9qjm8c5zp-riscv-gnu-toolchain/lib/gcc/riscv64-unknown-elf/11.1.0/../../../../riscv64-unknown-elf/lib/rv32i/ilp32/libnosys.a
OUTPUT(iob_soc_boot.elf elf32-littleriscv)
