Archive member included to satisfy reference by file (symbol)

/nix/store/wxfd0xxbq67dc9i4y00ypid0w7fa27qk-riscv-gnu-toolchain/lib/gcc/riscv64-unknown-elf/11.1.0/rv32i/ilp32/libgcc.a(_udivdi3.o)
                              /tmp/ccmAgf6J.o (__udivdi3)
/nix/store/wxfd0xxbq67dc9i4y00ypid0w7fa27qk-riscv-gnu-toolchain/lib/gcc/riscv64-unknown-elf/11.1.0/rv32i/ilp32/libgcc.a(_umoddi3.o)
                              /tmp/ccaB0YJ8.o (__umoddi3)
/nix/store/wxfd0xxbq67dc9i4y00ypid0w7fa27qk-riscv-gnu-toolchain/lib/gcc/riscv64-unknown-elf/11.1.0/rv32i/ilp32/libgcc.a(adddf3.o)
                              /tmp/ccaB0YJ8.o (__adddf3)
/nix/store/wxfd0xxbq67dc9i4y00ypid0w7fa27qk-riscv-gnu-toolchain/lib/gcc/riscv64-unknown-elf/11.1.0/rv32i/ilp32/libgcc.a(divdf3.o)
                              /tmp/ccaB0YJ8.o (__divdf3)
/nix/store/wxfd0xxbq67dc9i4y00ypid0w7fa27qk-riscv-gnu-toolchain/lib/gcc/riscv64-unknown-elf/11.1.0/rv32i/ilp32/libgcc.a(eqdf2.o)
                              /tmp/ccaB0YJ8.o (__nedf2)
/nix/store/wxfd0xxbq67dc9i4y00ypid0w7fa27qk-riscv-gnu-toolchain/lib/gcc/riscv64-unknown-elf/11.1.0/rv32i/ilp32/libgcc.a(gedf2.o)
                              /tmp/ccaB0YJ8.o (__gedf2)
/nix/store/wxfd0xxbq67dc9i4y00ypid0w7fa27qk-riscv-gnu-toolchain/lib/gcc/riscv64-unknown-elf/11.1.0/rv32i/ilp32/libgcc.a(ledf2.o)
                              /tmp/ccaB0YJ8.o (__ledf2)
/nix/store/wxfd0xxbq67dc9i4y00ypid0w7fa27qk-riscv-gnu-toolchain/lib/gcc/riscv64-unknown-elf/11.1.0/rv32i/ilp32/libgcc.a(muldf3.o)
                              /tmp/ccaB0YJ8.o (__muldf3)
/nix/store/wxfd0xxbq67dc9i4y00ypid0w7fa27qk-riscv-gnu-toolchain/lib/gcc/riscv64-unknown-elf/11.1.0/rv32i/ilp32/libgcc.a(subdf3.o)
                              /tmp/ccaB0YJ8.o (__subdf3)
/nix/store/wxfd0xxbq67dc9i4y00ypid0w7fa27qk-riscv-gnu-toolchain/lib/gcc/riscv64-unknown-elf/11.1.0/rv32i/ilp32/libgcc.a(fixdfsi.o)
                              /tmp/ccaB0YJ8.o (__fixdfsi)
/nix/store/wxfd0xxbq67dc9i4y00ypid0w7fa27qk-riscv-gnu-toolchain/lib/gcc/riscv64-unknown-elf/11.1.0/rv32i/ilp32/libgcc.a(fixunsdfsi.o)
                              /tmp/ccaB0YJ8.o (__fixunsdfsi)
/nix/store/wxfd0xxbq67dc9i4y00ypid0w7fa27qk-riscv-gnu-toolchain/lib/gcc/riscv64-unknown-elf/11.1.0/rv32i/ilp32/libgcc.a(floatsidf.o)
                              /tmp/ccaB0YJ8.o (__floatsidf)
/nix/store/wxfd0xxbq67dc9i4y00ypid0w7fa27qk-riscv-gnu-toolchain/lib/gcc/riscv64-unknown-elf/11.1.0/rv32i/ilp32/libgcc.a(floatunsidf.o)
                              /tmp/ccaB0YJ8.o (__floatunsidf)
/nix/store/wxfd0xxbq67dc9i4y00ypid0w7fa27qk-riscv-gnu-toolchain/lib/gcc/riscv64-unknown-elf/11.1.0/rv32i/ilp32/libgcc.a(muldi3.o)
                              /nix/store/wxfd0xxbq67dc9i4y00ypid0w7fa27qk-riscv-gnu-toolchain/lib/gcc/riscv64-unknown-elf/11.1.0/rv32i/ilp32/libgcc.a(_udivdi3.o) (__mulsi3)
/nix/store/wxfd0xxbq67dc9i4y00ypid0w7fa27qk-riscv-gnu-toolchain/lib/gcc/riscv64-unknown-elf/11.1.0/rv32i/ilp32/libgcc.a(div.o)
                              /tmp/ccaB0YJ8.o (__divsi3)
/nix/store/wxfd0xxbq67dc9i4y00ypid0w7fa27qk-riscv-gnu-toolchain/lib/gcc/riscv64-unknown-elf/11.1.0/rv32i/ilp32/libgcc.a(_clz.o)
                              /nix/store/wxfd0xxbq67dc9i4y00ypid0w7fa27qk-riscv-gnu-toolchain/lib/gcc/riscv64-unknown-elf/11.1.0/rv32i/ilp32/libgcc.a(_udivdi3.o) (__clz_tab)
/nix/store/wxfd0xxbq67dc9i4y00ypid0w7fa27qk-riscv-gnu-toolchain/lib/gcc/riscv64-unknown-elf/11.1.0/rv32i/ilp32/libgcc.a(_clzsi2.o)
                              /nix/store/wxfd0xxbq67dc9i4y00ypid0w7fa27qk-riscv-gnu-toolchain/lib/gcc/riscv64-unknown-elf/11.1.0/rv32i/ilp32/libgcc.a(adddf3.o) (__clzsi2)
/nix/store/wxfd0xxbq67dc9i4y00ypid0w7fa27qk-riscv-gnu-toolchain/lib/gcc/riscv64-unknown-elf/11.1.0/../../../../riscv64-unknown-elf/lib/rv32i/ilp32/libc_nano.a(lib_a-malloc.o)
                              /tmp/ccmAgf6J.o (malloc)
/nix/store/wxfd0xxbq67dc9i4y00ypid0w7fa27qk-riscv-gnu-toolchain/lib/gcc/riscv64-unknown-elf/11.1.0/../../../../riscv64-unknown-elf/lib/rv32i/ilp32/libc_nano.a(lib_a-memcpy-asm.o)
                              /tmp/ccmAgf6J.o (memcpy)
/nix/store/wxfd0xxbq67dc9i4y00ypid0w7fa27qk-riscv-gnu-toolchain/lib/gcc/riscv64-unknown-elf/11.1.0/../../../../riscv64-unknown-elf/lib/rv32i/ilp32/libc_nano.a(lib_a-nano-freer.o)
                              /nix/store/wxfd0xxbq67dc9i4y00ypid0w7fa27qk-riscv-gnu-toolchain/lib/gcc/riscv64-unknown-elf/11.1.0/../../../../riscv64-unknown-elf/lib/rv32i/ilp32/libc_nano.a(lib_a-malloc.o) (_free_r)
/nix/store/wxfd0xxbq67dc9i4y00ypid0w7fa27qk-riscv-gnu-toolchain/lib/gcc/riscv64-unknown-elf/11.1.0/../../../../riscv64-unknown-elf/lib/rv32i/ilp32/libc_nano.a(lib_a-nano-mallocr.o)
                              /nix/store/wxfd0xxbq67dc9i4y00ypid0w7fa27qk-riscv-gnu-toolchain/lib/gcc/riscv64-unknown-elf/11.1.0/../../../../riscv64-unknown-elf/lib/rv32i/ilp32/libc_nano.a(lib_a-malloc.o) (_malloc_r)
/nix/store/wxfd0xxbq67dc9i4y00ypid0w7fa27qk-riscv-gnu-toolchain/lib/gcc/riscv64-unknown-elf/11.1.0/../../../../riscv64-unknown-elf/lib/rv32i/ilp32/libc_nano.a(lib_a-sbrkr.o)
                              /nix/store/wxfd0xxbq67dc9i4y00ypid0w7fa27qk-riscv-gnu-toolchain/lib/gcc/riscv64-unknown-elf/11.1.0/../../../../riscv64-unknown-elf/lib/rv32i/ilp32/libc_nano.a(lib_a-nano-mallocr.o) (_sbrk_r)
/nix/store/wxfd0xxbq67dc9i4y00ypid0w7fa27qk-riscv-gnu-toolchain/lib/gcc/riscv64-unknown-elf/11.1.0/../../../../riscv64-unknown-elf/lib/rv32i/ilp32/libc_nano.a(lib_a-strcmp.o)
                              /tmp/ccmAgf6J.o (strcmp)
/nix/store/wxfd0xxbq67dc9i4y00ypid0w7fa27qk-riscv-gnu-toolchain/lib/gcc/riscv64-unknown-elf/11.1.0/../../../../riscv64-unknown-elf/lib/rv32i/ilp32/libc_nano.a(lib_a-strcpy.o)
                              /tmp/ccmAgf6J.o (strcpy)
/nix/store/wxfd0xxbq67dc9i4y00ypid0w7fa27qk-riscv-gnu-toolchain/lib/gcc/riscv64-unknown-elf/11.1.0/../../../../riscv64-unknown-elf/lib/rv32i/ilp32/libc_nano.a(lib_a-strlen.o)
                              /tmp/ccmAgf6J.o (strlen)
/nix/store/wxfd0xxbq67dc9i4y00ypid0w7fa27qk-riscv-gnu-toolchain/lib/gcc/riscv64-unknown-elf/11.1.0/../../../../riscv64-unknown-elf/lib/rv32i/ilp32/libc_nano.a(lib_a-impure.o)
                              /nix/store/wxfd0xxbq67dc9i4y00ypid0w7fa27qk-riscv-gnu-toolchain/lib/gcc/riscv64-unknown-elf/11.1.0/../../../../riscv64-unknown-elf/lib/rv32i/ilp32/libc_nano.a(lib_a-malloc.o) (_impure_ptr)
/nix/store/wxfd0xxbq67dc9i4y00ypid0w7fa27qk-riscv-gnu-toolchain/lib/gcc/riscv64-unknown-elf/11.1.0/../../../../riscv64-unknown-elf/lib/rv32i/ilp32/libc_nano.a(lib_a-mlock.o)
                              /nix/store/wxfd0xxbq67dc9i4y00ypid0w7fa27qk-riscv-gnu-toolchain/lib/gcc/riscv64-unknown-elf/11.1.0/../../../../riscv64-unknown-elf/lib/rv32i/ilp32/libc_nano.a(lib_a-nano-freer.o) (__malloc_lock)
/nix/store/wxfd0xxbq67dc9i4y00ypid0w7fa27qk-riscv-gnu-toolchain/lib/gcc/riscv64-unknown-elf/11.1.0/../../../../riscv64-unknown-elf/lib/rv32i/ilp32/libc_nano.a(lib_a-reent.o)
                              /nix/store/wxfd0xxbq67dc9i4y00ypid0w7fa27qk-riscv-gnu-toolchain/lib/gcc/riscv64-unknown-elf/11.1.0/../../../../riscv64-unknown-elf/lib/rv32i/ilp32/libc_nano.a(lib_a-sbrkr.o) (errno)
/nix/store/wxfd0xxbq67dc9i4y00ypid0w7fa27qk-riscv-gnu-toolchain/lib/gcc/riscv64-unknown-elf/11.1.0/../../../../riscv64-unknown-elf/lib/rv32i/ilp32/libnosys.a(sbrk.o)
                              /nix/store/wxfd0xxbq67dc9i4y00ypid0w7fa27qk-riscv-gnu-toolchain/lib/gcc/riscv64-unknown-elf/11.1.0/../../../../riscv64-unknown-elf/lib/rv32i/ilp32/libc_nano.a(lib_a-sbrkr.o) (_sbrk)

Discarded input sections

 .debug_info    0x0000000000000000      0x944 /nix/store/wxfd0xxbq67dc9i4y00ypid0w7fa27qk-riscv-gnu-toolchain/lib/gcc/riscv64-unknown-elf/11.1.0/rv32i/ilp32/libgcc.a(_udivdi3.o)
 .debug_abbrev  0x0000000000000000      0x1d0 /nix/store/wxfd0xxbq67dc9i4y00ypid0w7fa27qk-riscv-gnu-toolchain/lib/gcc/riscv64-unknown-elf/11.1.0/rv32i/ilp32/libgcc.a(_udivdi3.o)
 .debug_loclists
                0x0000000000000000      0xb1a /nix/store/wxfd0xxbq67dc9i4y00ypid0w7fa27qk-riscv-gnu-toolchain/lib/gcc/riscv64-unknown-elf/11.1.0/rv32i/ilp32/libgcc.a(_udivdi3.o)
 .debug_aranges
                0x0000000000000000       0x20 /nix/store/wxfd0xxbq67dc9i4y00ypid0w7fa27qk-riscv-gnu-toolchain/lib/gcc/riscv64-unknown-elf/11.1.0/rv32i/ilp32/libgcc.a(_udivdi3.o)
 .debug_rnglists
                0x0000000000000000      0x111 /nix/store/wxfd0xxbq67dc9i4y00ypid0w7fa27qk-riscv-gnu-toolchain/lib/gcc/riscv64-unknown-elf/11.1.0/rv32i/ilp32/libgcc.a(_udivdi3.o)
 .debug_line    0x0000000000000000      0x76d /nix/store/wxfd0xxbq67dc9i4y00ypid0w7fa27qk-riscv-gnu-toolchain/lib/gcc/riscv64-unknown-elf/11.1.0/rv32i/ilp32/libgcc.a(_udivdi3.o)
 .debug_str     0x0000000000000000      0x26e /nix/store/wxfd0xxbq67dc9i4y00ypid0w7fa27qk-riscv-gnu-toolchain/lib/gcc/riscv64-unknown-elf/11.1.0/rv32i/ilp32/libgcc.a(_udivdi3.o)
 .debug_line_str
                0x0000000000000000      0x144 /nix/store/wxfd0xxbq67dc9i4y00ypid0w7fa27qk-riscv-gnu-toolchain/lib/gcc/riscv64-unknown-elf/11.1.0/rv32i/ilp32/libgcc.a(_udivdi3.o)
 .debug_info    0x0000000000000000      0x94a /nix/store/wxfd0xxbq67dc9i4y00ypid0w7fa27qk-riscv-gnu-toolchain/lib/gcc/riscv64-unknown-elf/11.1.0/rv32i/ilp32/libgcc.a(_umoddi3.o)
 .debug_abbrev  0x0000000000000000      0x1e1 /nix/store/wxfd0xxbq67dc9i4y00ypid0w7fa27qk-riscv-gnu-toolchain/lib/gcc/riscv64-unknown-elf/11.1.0/rv32i/ilp32/libgcc.a(_umoddi3.o)
 .debug_loclists
                0x0000000000000000      0x8fa /nix/store/wxfd0xxbq67dc9i4y00ypid0w7fa27qk-riscv-gnu-toolchain/lib/gcc/riscv64-unknown-elf/11.1.0/rv32i/ilp32/libgcc.a(_umoddi3.o)
 .debug_aranges
                0x0000000000000000       0x20 /nix/store/wxfd0xxbq67dc9i4y00ypid0w7fa27qk-riscv-gnu-toolchain/lib/gcc/riscv64-unknown-elf/11.1.0/rv32i/ilp32/libgcc.a(_umoddi3.o)
 .debug_rnglists
                0x0000000000000000       0xed /nix/store/wxfd0xxbq67dc9i4y00ypid0w7fa27qk-riscv-gnu-toolchain/lib/gcc/riscv64-unknown-elf/11.1.0/rv32i/ilp32/libgcc.a(_umoddi3.o)
 .debug_line    0x0000000000000000      0x791 /nix/store/wxfd0xxbq67dc9i4y00ypid0w7fa27qk-riscv-gnu-toolchain/lib/gcc/riscv64-unknown-elf/11.1.0/rv32i/ilp32/libgcc.a(_umoddi3.o)
 .debug_str     0x0000000000000000      0x26e /nix/store/wxfd0xxbq67dc9i4y00ypid0w7fa27qk-riscv-gnu-toolchain/lib/gcc/riscv64-unknown-elf/11.1.0/rv32i/ilp32/libgcc.a(_umoddi3.o)
 .debug_line_str
                0x0000000000000000      0x144 /nix/store/wxfd0xxbq67dc9i4y00ypid0w7fa27qk-riscv-gnu-toolchain/lib/gcc/riscv64-unknown-elf/11.1.0/rv32i/ilp32/libgcc.a(_umoddi3.o)
 .debug_info    0x0000000000000000      0x4fc /nix/store/wxfd0xxbq67dc9i4y00ypid0w7fa27qk-riscv-gnu-toolchain/lib/gcc/riscv64-unknown-elf/11.1.0/rv32i/ilp32/libgcc.a(adddf3.o)
 .debug_abbrev  0x0000000000000000      0x176 /nix/store/wxfd0xxbq67dc9i4y00ypid0w7fa27qk-riscv-gnu-toolchain/lib/gcc/riscv64-unknown-elf/11.1.0/rv32i/ilp32/libgcc.a(adddf3.o)
 .debug_loclists
                0x0000000000000000     0x10c2 /nix/store/wxfd0xxbq67dc9i4y00ypid0w7fa27qk-riscv-gnu-toolchain/lib/gcc/riscv64-unknown-elf/11.1.0/rv32i/ilp32/libgcc.a(adddf3.o)
 .debug_aranges
                0x0000000000000000       0x20 /nix/store/wxfd0xxbq67dc9i4y00ypid0w7fa27qk-riscv-gnu-toolchain/lib/gcc/riscv64-unknown-elf/11.1.0/rv32i/ilp32/libgcc.a(adddf3.o)
 .debug_rnglists
                0x0000000000000000      0x22e /nix/store/wxfd0xxbq67dc9i4y00ypid0w7fa27qk-riscv-gnu-toolchain/lib/gcc/riscv64-unknown-elf/11.1.0/rv32i/ilp32/libgcc.a(adddf3.o)
 .debug_line    0x0000000000000000      0xff9 /nix/store/wxfd0xxbq67dc9i4y00ypid0w7fa27qk-riscv-gnu-toolchain/lib/gcc/riscv64-unknown-elf/11.1.0/rv32i/ilp32/libgcc.a(adddf3.o)
 .debug_str     0x0000000000000000      0x29f /nix/store/wxfd0xxbq67dc9i4y00ypid0w7fa27qk-riscv-gnu-toolchain/lib/gcc/riscv64-unknown-elf/11.1.0/rv32i/ilp32/libgcc.a(adddf3.o)
 .debug_line_str
                0x0000000000000000      0x150 /nix/store/wxfd0xxbq67dc9i4y00ypid0w7fa27qk-riscv-gnu-toolchain/lib/gcc/riscv64-unknown-elf/11.1.0/rv32i/ilp32/libgcc.a(adddf3.o)
 .debug_frame   0x0000000000000000       0x44 /nix/store/wxfd0xxbq67dc9i4y00ypid0w7fa27qk-riscv-gnu-toolchain/lib/gcc/riscv64-unknown-elf/11.1.0/rv32i/ilp32/libgcc.a(adddf3.o)
 .debug_info    0x0000000000000000      0x81b /nix/store/wxfd0xxbq67dc9i4y00ypid0w7fa27qk-riscv-gnu-toolchain/lib/gcc/riscv64-unknown-elf/11.1.0/rv32i/ilp32/libgcc.a(divdf3.o)
 .debug_abbrev  0x0000000000000000      0x187 /nix/store/wxfd0xxbq67dc9i4y00ypid0w7fa27qk-riscv-gnu-toolchain/lib/gcc/riscv64-unknown-elf/11.1.0/rv32i/ilp32/libgcc.a(divdf3.o)
 .debug_loclists
                0x0000000000000000      0xf36 /nix/store/wxfd0xxbq67dc9i4y00ypid0w7fa27qk-riscv-gnu-toolchain/lib/gcc/riscv64-unknown-elf/11.1.0/rv32i/ilp32/libgcc.a(divdf3.o)
 .debug_aranges
                0x0000000000000000       0x20 /nix/store/wxfd0xxbq67dc9i4y00ypid0w7fa27qk-riscv-gnu-toolchain/lib/gcc/riscv64-unknown-elf/11.1.0/rv32i/ilp32/libgcc.a(divdf3.o)
 .debug_rnglists
                0x0000000000000000      0x195 /nix/store/wxfd0xxbq67dc9i4y00ypid0w7fa27qk-riscv-gnu-toolchain/lib/gcc/riscv64-unknown-elf/11.1.0/rv32i/ilp32/libgcc.a(divdf3.o)
 .debug_line    0x0000000000000000     0x1082 /nix/store/wxfd0xxbq67dc9i4y00ypid0w7fa27qk-riscv-gnu-toolchain/lib/gcc/riscv64-unknown-elf/11.1.0/rv32i/ilp32/libgcc.a(divdf3.o)
 .debug_str     0x0000000000000000      0x38a /nix/store/wxfd0xxbq67dc9i4y00ypid0w7fa27qk-riscv-gnu-toolchain/lib/gcc/riscv64-unknown-elf/11.1.0/rv32i/ilp32/libgcc.a(divdf3.o)
 .debug_line_str
                0x0000000000000000      0x15a /nix/store/wxfd0xxbq67dc9i4y00ypid0w7fa27qk-riscv-gnu-toolchain/lib/gcc/riscv64-unknown-elf/11.1.0/rv32i/ilp32/libgcc.a(divdf3.o)
 .debug_frame   0x0000000000000000       0x64 /nix/store/wxfd0xxbq67dc9i4y00ypid0w7fa27qk-riscv-gnu-toolchain/lib/gcc/riscv64-unknown-elf/11.1.0/rv32i/ilp32/libgcc.a(divdf3.o)
 .debug_info    0x0000000000000000      0x221 /nix/store/wxfd0xxbq67dc9i4y00ypid0w7fa27qk-riscv-gnu-toolchain/lib/gcc/riscv64-unknown-elf/11.1.0/rv32i/ilp32/libgcc.a(eqdf2.o)
 .debug_abbrev  0x0000000000000000      0x153 /nix/store/wxfd0xxbq67dc9i4y00ypid0w7fa27qk-riscv-gnu-toolchain/lib/gcc/riscv64-unknown-elf/11.1.0/rv32i/ilp32/libgcc.a(eqdf2.o)
 .debug_loclists
                0x0000000000000000       0xb2 /nix/store/wxfd0xxbq67dc9i4y00ypid0w7fa27qk-riscv-gnu-toolchain/lib/gcc/riscv64-unknown-elf/11.1.0/rv32i/ilp32/libgcc.a(eqdf2.o)
 .debug_aranges
                0x0000000000000000       0x20 /nix/store/wxfd0xxbq67dc9i4y00ypid0w7fa27qk-riscv-gnu-toolchain/lib/gcc/riscv64-unknown-elf/11.1.0/rv32i/ilp32/libgcc.a(eqdf2.o)
 .debug_rnglists
                0x0000000000000000       0x4d /nix/store/wxfd0xxbq67dc9i4y00ypid0w7fa27qk-riscv-gnu-toolchain/lib/gcc/riscv64-unknown-elf/11.1.0/rv32i/ilp32/libgcc.a(eqdf2.o)
 .debug_line    0x0000000000000000      0x227 /nix/store/wxfd0xxbq67dc9i4y00ypid0w7fa27qk-riscv-gnu-toolchain/lib/gcc/riscv64-unknown-elf/11.1.0/rv32i/ilp32/libgcc.a(eqdf2.o)
 .debug_str     0x0000000000000000      0x1b1 /nix/store/wxfd0xxbq67dc9i4y00ypid0w7fa27qk-riscv-gnu-toolchain/lib/gcc/riscv64-unknown-elf/11.1.0/rv32i/ilp32/libgcc.a(eqdf2.o)
 .debug_line_str
                0x0000000000000000      0x15d /nix/store/wxfd0xxbq67dc9i4y00ypid0w7fa27qk-riscv-gnu-toolchain/lib/gcc/riscv64-unknown-elf/11.1.0/rv32i/ilp32/libgcc.a(eqdf2.o)
 .debug_frame   0x0000000000000000       0x20 /nix/store/wxfd0xxbq67dc9i4y00ypid0w7fa27qk-riscv-gnu-toolchain/lib/gcc/riscv64-unknown-elf/11.1.0/rv32i/ilp32/libgcc.a(eqdf2.o)
 .debug_info    0x0000000000000000      0x21e /nix/store/wxfd0xxbq67dc9i4y00ypid0w7fa27qk-riscv-gnu-toolchain/lib/gcc/riscv64-unknown-elf/11.1.0/rv32i/ilp32/libgcc.a(gedf2.o)
 .debug_abbrev  0x0000000000000000      0x166 /nix/store/wxfd0xxbq67dc9i4y00ypid0w7fa27qk-riscv-gnu-toolchain/lib/gcc/riscv64-unknown-elf/11.1.0/rv32i/ilp32/libgcc.a(gedf2.o)
 .debug_loclists
                0x0000000000000000      0x117 /nix/store/wxfd0xxbq67dc9i4y00ypid0w7fa27qk-riscv-gnu-toolchain/lib/gcc/riscv64-unknown-elf/11.1.0/rv32i/ilp32/libgcc.a(gedf2.o)
 .debug_aranges
                0x0000000000000000       0x20 /nix/store/wxfd0xxbq67dc9i4y00ypid0w7fa27qk-riscv-gnu-toolchain/lib/gcc/riscv64-unknown-elf/11.1.0/rv32i/ilp32/libgcc.a(gedf2.o)
 .debug_rnglists
                0x0000000000000000       0x4e /nix/store/wxfd0xxbq67dc9i4y00ypid0w7fa27qk-riscv-gnu-toolchain/lib/gcc/riscv64-unknown-elf/11.1.0/rv32i/ilp32/libgcc.a(gedf2.o)
 .debug_line    0x0000000000000000      0x2bc /nix/store/wxfd0xxbq67dc9i4y00ypid0w7fa27qk-riscv-gnu-toolchain/lib/gcc/riscv64-unknown-elf/11.1.0/rv32i/ilp32/libgcc.a(gedf2.o)
 .debug_str     0x0000000000000000      0x1d5 /nix/store/wxfd0xxbq67dc9i4y00ypid0w7fa27qk-riscv-gnu-toolchain/lib/gcc/riscv64-unknown-elf/11.1.0/rv32i/ilp32/libgcc.a(gedf2.o)
 .debug_line_str
                0x0000000000000000      0x15d /nix/store/wxfd0xxbq67dc9i4y00ypid0w7fa27qk-riscv-gnu-toolchain/lib/gcc/riscv64-unknown-elf/11.1.0/rv32i/ilp32/libgcc.a(gedf2.o)
 .debug_frame   0x0000000000000000       0x20 /nix/store/wxfd0xxbq67dc9i4y00ypid0w7fa27qk-riscv-gnu-toolchain/lib/gcc/riscv64-unknown-elf/11.1.0/rv32i/ilp32/libgcc.a(gedf2.o)
 .debug_info    0x0000000000000000      0x21e /nix/store/wxfd0xxbq67dc9i4y00ypid0w7fa27qk-riscv-gnu-toolchain/lib/gcc/riscv64-unknown-elf/11.1.0/rv32i/ilp32/libgcc.a(ledf2.o)
 .debug_abbrev  0x0000000000000000      0x166 /nix/store/wxfd0xxbq67dc9i4y00ypid0w7fa27qk-riscv-gnu-toolchain/lib/gcc/riscv64-unknown-elf/11.1.0/rv32i/ilp32/libgcc.a(ledf2.o)
 .debug_loclists
                0x0000000000000000      0x117 /nix/store/wxfd0xxbq67dc9i4y00ypid0w7fa27qk-riscv-gnu-toolchain/lib/gcc/riscv64-unknown-elf/11.1.0/rv32i/ilp32/libgcc.a(ledf2.o)
 .debug_aranges
                0x0000000000000000       0x20 /nix/store/wxfd0xxbq67dc9i4y00ypid0w7fa27qk-riscv-gnu-toolchain/lib/gcc/riscv64-unknown-elf/11.1.0/rv32i/ilp32/libgcc.a(ledf2.o)
 .debug_rnglists
                0x0000000000000000       0x4e /nix/store/wxfd0xxbq67dc9i4y00ypid0w7fa27qk-riscv-gnu-toolchain/lib/gcc/riscv64-unknown-elf/11.1.0/rv32i/ilp32/libgcc.a(ledf2.o)
 .debug_line    0x0000000000000000      0x2bc /nix/store/wxfd0xxbq67dc9i4y00ypid0w7fa27qk-riscv-gnu-toolchain/lib/gcc/riscv64-unknown-elf/11.1.0/rv32i/ilp32/libgcc.a(ledf2.o)
 .debug_str     0x0000000000000000      0x1d5 /nix/store/wxfd0xxbq67dc9i4y00ypid0w7fa27qk-riscv-gnu-toolchain/lib/gcc/riscv64-unknown-elf/11.1.0/rv32i/ilp32/libgcc.a(ledf2.o)
 .debug_line_str
                0x0000000000000000      0x15d /nix/store/wxfd0xxbq67dc9i4y00ypid0w7fa27qk-riscv-gnu-toolchain/lib/gcc/riscv64-unknown-elf/11.1.0/rv32i/ilp32/libgcc.a(ledf2.o)
 .debug_frame   0x0000000000000000       0x20 /nix/store/wxfd0xxbq67dc9i4y00ypid0w7fa27qk-riscv-gnu-toolchain/lib/gcc/riscv64-unknown-elf/11.1.0/rv32i/ilp32/libgcc.a(ledf2.o)
 .debug_info    0x0000000000000000      0x8e2 /nix/store/wxfd0xxbq67dc9i4y00ypid0w7fa27qk-riscv-gnu-toolchain/lib/gcc/riscv64-unknown-elf/11.1.0/rv32i/ilp32/libgcc.a(muldf3.o)
 .debug_abbrev  0x0000000000000000      0x199 /nix/store/wxfd0xxbq67dc9i4y00ypid0w7fa27qk-riscv-gnu-toolchain/lib/gcc/riscv64-unknown-elf/11.1.0/rv32i/ilp32/libgcc.a(muldf3.o)
 .debug_loclists
                0x0000000000000000      0xc85 /nix/store/wxfd0xxbq67dc9i4y00ypid0w7fa27qk-riscv-gnu-toolchain/lib/gcc/riscv64-unknown-elf/11.1.0/rv32i/ilp32/libgcc.a(muldf3.o)
 .debug_aranges
                0x0000000000000000       0x20 /nix/store/wxfd0xxbq67dc9i4y00ypid0w7fa27qk-riscv-gnu-toolchain/lib/gcc/riscv64-unknown-elf/11.1.0/rv32i/ilp32/libgcc.a(muldf3.o)
 .debug_rnglists
                0x0000000000000000      0x1d5 /nix/store/wxfd0xxbq67dc9i4y00ypid0w7fa27qk-riscv-gnu-toolchain/lib/gcc/riscv64-unknown-elf/11.1.0/rv32i/ilp32/libgcc.a(muldf3.o)
 .debug_line    0x0000000000000000     0x1029 /nix/store/wxfd0xxbq67dc9i4y00ypid0w7fa27qk-riscv-gnu-toolchain/lib/gcc/riscv64-unknown-elf/11.1.0/rv32i/ilp32/libgcc.a(muldf3.o)
 .debug_str     0x0000000000000000      0x3c5 /nix/store/wxfd0xxbq67dc9i4y00ypid0w7fa27qk-riscv-gnu-toolchain/lib/gcc/riscv64-unknown-elf/11.1.0/rv32i/ilp32/libgcc.a(muldf3.o)
 .debug_line_str
                0x0000000000000000      0x15a /nix/store/wxfd0xxbq67dc9i4y00ypid0w7fa27qk-riscv-gnu-toolchain/lib/gcc/riscv64-unknown-elf/11.1.0/rv32i/ilp32/libgcc.a(muldf3.o)
 .debug_frame   0x0000000000000000       0x54 /nix/store/wxfd0xxbq67dc9i4y00ypid0w7fa27qk-riscv-gnu-toolchain/lib/gcc/riscv64-unknown-elf/11.1.0/rv32i/ilp32/libgcc.a(muldf3.o)
 .debug_info    0x0000000000000000      0x4fc /nix/store/wxfd0xxbq67dc9i4y00ypid0w7fa27qk-riscv-gnu-toolchain/lib/gcc/riscv64-unknown-elf/11.1.0/rv32i/ilp32/libgcc.a(subdf3.o)
 .debug_abbrev  0x0000000000000000      0x176 /nix/store/wxfd0xxbq67dc9i4y00ypid0w7fa27qk-riscv-gnu-toolchain/lib/gcc/riscv64-unknown-elf/11.1.0/rv32i/ilp32/libgcc.a(subdf3.o)
 .debug_loclists
                0x0000000000000000     0x10df /nix/store/wxfd0xxbq67dc9i4y00ypid0w7fa27qk-riscv-gnu-toolchain/lib/gcc/riscv64-unknown-elf/11.1.0/rv32i/ilp32/libgcc.a(subdf3.o)
 .debug_aranges
                0x0000000000000000       0x20 /nix/store/wxfd0xxbq67dc9i4y00ypid0w7fa27qk-riscv-gnu-toolchain/lib/gcc/riscv64-unknown-elf/11.1.0/rv32i/ilp32/libgcc.a(subdf3.o)
 .debug_rnglists
                0x0000000000000000      0x22e /nix/store/wxfd0xxbq67dc9i4y00ypid0w7fa27qk-riscv-gnu-toolchain/lib/gcc/riscv64-unknown-elf/11.1.0/rv32i/ilp32/libgcc.a(subdf3.o)
 .debug_line    0x0000000000000000     0x1054 /nix/store/wxfd0xxbq67dc9i4y00ypid0w7fa27qk-riscv-gnu-toolchain/lib/gcc/riscv64-unknown-elf/11.1.0/rv32i/ilp32/libgcc.a(subdf3.o)
 .debug_str     0x0000000000000000      0x29f /nix/store/wxfd0xxbq67dc9i4y00ypid0w7fa27qk-riscv-gnu-toolchain/lib/gcc/riscv64-unknown-elf/11.1.0/rv32i/ilp32/libgcc.a(subdf3.o)
 .debug_line_str
                0x0000000000000000      0x150 /nix/store/wxfd0xxbq67dc9i4y00ypid0w7fa27qk-riscv-gnu-toolchain/lib/gcc/riscv64-unknown-elf/11.1.0/rv32i/ilp32/libgcc.a(subdf3.o)
 .debug_frame   0x0000000000000000       0x44 /nix/store/wxfd0xxbq67dc9i4y00ypid0w7fa27qk-riscv-gnu-toolchain/lib/gcc/riscv64-unknown-elf/11.1.0/rv32i/ilp32/libgcc.a(subdf3.o)
 .debug_info    0x0000000000000000      0x1ca /nix/store/wxfd0xxbq67dc9i4y00ypid0w7fa27qk-riscv-gnu-toolchain/lib/gcc/riscv64-unknown-elf/11.1.0/rv32i/ilp32/libgcc.a(fixdfsi.o)
 .debug_abbrev  0x0000000000000000      0x15d /nix/store/wxfd0xxbq67dc9i4y00ypid0w7fa27qk-riscv-gnu-toolchain/lib/gcc/riscv64-unknown-elf/11.1.0/rv32i/ilp32/libgcc.a(fixdfsi.o)
 .debug_loclists
                0x0000000000000000      0x167 /nix/store/wxfd0xxbq67dc9i4y00ypid0w7fa27qk-riscv-gnu-toolchain/lib/gcc/riscv64-unknown-elf/11.1.0/rv32i/ilp32/libgcc.a(fixdfsi.o)
 .debug_aranges
                0x0000000000000000       0x20 /nix/store/wxfd0xxbq67dc9i4y00ypid0w7fa27qk-riscv-gnu-toolchain/lib/gcc/riscv64-unknown-elf/11.1.0/rv32i/ilp32/libgcc.a(fixdfsi.o)
 .debug_rnglists
                0x0000000000000000       0x1f /nix/store/wxfd0xxbq67dc9i4y00ypid0w7fa27qk-riscv-gnu-toolchain/lib/gcc/riscv64-unknown-elf/11.1.0/rv32i/ilp32/libgcc.a(fixdfsi.o)
 .debug_line    0x0000000000000000      0x1eb /nix/store/wxfd0xxbq67dc9i4y00ypid0w7fa27qk-riscv-gnu-toolchain/lib/gcc/riscv64-unknown-elf/11.1.0/rv32i/ilp32/libgcc.a(fixdfsi.o)
 .debug_str     0x0000000000000000      0x1ac /nix/store/wxfd0xxbq67dc9i4y00ypid0w7fa27qk-riscv-gnu-toolchain/lib/gcc/riscv64-unknown-elf/11.1.0/rv32i/ilp32/libgcc.a(fixdfsi.o)
 .debug_line_str
                0x0000000000000000      0x15d /nix/store/wxfd0xxbq67dc9i4y00ypid0w7fa27qk-riscv-gnu-toolchain/lib/gcc/riscv64-unknown-elf/11.1.0/rv32i/ilp32/libgcc.a(fixdfsi.o)
 .debug_frame   0x0000000000000000       0x20 /nix/store/wxfd0xxbq67dc9i4y00ypid0w7fa27qk-riscv-gnu-toolchain/lib/gcc/riscv64-unknown-elf/11.1.0/rv32i/ilp32/libgcc.a(fixdfsi.o)
 .debug_info    0x0000000000000000      0x1ad /nix/store/wxfd0xxbq67dc9i4y00ypid0w7fa27qk-riscv-gnu-toolchain/lib/gcc/riscv64-unknown-elf/11.1.0/rv32i/ilp32/libgcc.a(fixunsdfsi.o)
 .debug_abbrev  0x0000000000000000      0x162 /nix/store/wxfd0xxbq67dc9i4y00ypid0w7fa27qk-riscv-gnu-toolchain/lib/gcc/riscv64-unknown-elf/11.1.0/rv32i/ilp32/libgcc.a(fixunsdfsi.o)
 .debug_loclists
                0x0000000000000000       0xdc /nix/store/wxfd0xxbq67dc9i4y00ypid0w7fa27qk-riscv-gnu-toolchain/lib/gcc/riscv64-unknown-elf/11.1.0/rv32i/ilp32/libgcc.a(fixunsdfsi.o)
 .debug_aranges
                0x0000000000000000       0x20 /nix/store/wxfd0xxbq67dc9i4y00ypid0w7fa27qk-riscv-gnu-toolchain/lib/gcc/riscv64-unknown-elf/11.1.0/rv32i/ilp32/libgcc.a(fixunsdfsi.o)
 .debug_rnglists
                0x0000000000000000       0x28 /nix/store/wxfd0xxbq67dc9i4y00ypid0w7fa27qk-riscv-gnu-toolchain/lib/gcc/riscv64-unknown-elf/11.1.0/rv32i/ilp32/libgcc.a(fixunsdfsi.o)
 .debug_line    0x0000000000000000      0x179 /nix/store/wxfd0xxbq67dc9i4y00ypid0w7fa27qk-riscv-gnu-toolchain/lib/gcc/riscv64-unknown-elf/11.1.0/rv32i/ilp32/libgcc.a(fixunsdfsi.o)
 .debug_str     0x0000000000000000      0x1a8 /nix/store/wxfd0xxbq67dc9i4y00ypid0w7fa27qk-riscv-gnu-toolchain/lib/gcc/riscv64-unknown-elf/11.1.0/rv32i/ilp32/libgcc.a(fixunsdfsi.o)
 .debug_line_str
                0x0000000000000000      0x166 /nix/store/wxfd0xxbq67dc9i4y00ypid0w7fa27qk-riscv-gnu-toolchain/lib/gcc/riscv64-unknown-elf/11.1.0/rv32i/ilp32/libgcc.a(fixunsdfsi.o)
 .debug_frame   0x0000000000000000       0x20 /nix/store/wxfd0xxbq67dc9i4y00ypid0w7fa27qk-riscv-gnu-toolchain/lib/gcc/riscv64-unknown-elf/11.1.0/rv32i/ilp32/libgcc.a(fixunsdfsi.o)
 .debug_info    0x0000000000000000      0x268 /nix/store/wxfd0xxbq67dc9i4y00ypid0w7fa27qk-riscv-gnu-toolchain/lib/gcc/riscv64-unknown-elf/11.1.0/rv32i/ilp32/libgcc.a(floatsidf.o)
 .debug_abbrev  0x0000000000000000      0x164 /nix/store/wxfd0xxbq67dc9i4y00ypid0w7fa27qk-riscv-gnu-toolchain/lib/gcc/riscv64-unknown-elf/11.1.0/rv32i/ilp32/libgcc.a(floatsidf.o)
 .debug_loclists
                0x0000000000000000      0x134 /nix/store/wxfd0xxbq67dc9i4y00ypid0w7fa27qk-riscv-gnu-toolchain/lib/gcc/riscv64-unknown-elf/11.1.0/rv32i/ilp32/libgcc.a(floatsidf.o)
 .debug_aranges
                0x0000000000000000       0x20 /nix/store/wxfd0xxbq67dc9i4y00ypid0w7fa27qk-riscv-gnu-toolchain/lib/gcc/riscv64-unknown-elf/11.1.0/rv32i/ilp32/libgcc.a(floatsidf.o)
 .debug_rnglists
                0x0000000000000000       0x61 /nix/store/wxfd0xxbq67dc9i4y00ypid0w7fa27qk-riscv-gnu-toolchain/lib/gcc/riscv64-unknown-elf/11.1.0/rv32i/ilp32/libgcc.a(floatsidf.o)
 .debug_line    0x0000000000000000      0x223 /nix/store/wxfd0xxbq67dc9i4y00ypid0w7fa27qk-riscv-gnu-toolchain/lib/gcc/riscv64-unknown-elf/11.1.0/rv32i/ilp32/libgcc.a(floatsidf.o)
 .debug_str     0x0000000000000000      0x249 /nix/store/wxfd0xxbq67dc9i4y00ypid0w7fa27qk-riscv-gnu-toolchain/lib/gcc/riscv64-unknown-elf/11.1.0/rv32i/ilp32/libgcc.a(floatsidf.o)
 .debug_line_str
                0x0000000000000000      0x163 /nix/store/wxfd0xxbq67dc9i4y00ypid0w7fa27qk-riscv-gnu-toolchain/lib/gcc/riscv64-unknown-elf/11.1.0/rv32i/ilp32/libgcc.a(floatsidf.o)
 .debug_frame   0x0000000000000000       0x38 /nix/store/wxfd0xxbq67dc9i4y00ypid0w7fa27qk-riscv-gnu-toolchain/lib/gcc/riscv64-unknown-elf/11.1.0/rv32i/ilp32/libgcc.a(floatsidf.o)
 .debug_info    0x0000000000000000      0x25d /nix/store/wxfd0xxbq67dc9i4y00ypid0w7fa27qk-riscv-gnu-toolchain/lib/gcc/riscv64-unknown-elf/11.1.0/rv32i/ilp32/libgcc.a(floatunsidf.o)
 .debug_abbrev  0x0000000000000000      0x163 /nix/store/wxfd0xxbq67dc9i4y00ypid0w7fa27qk-riscv-gnu-toolchain/lib/gcc/riscv64-unknown-elf/11.1.0/rv32i/ilp32/libgcc.a(floatunsidf.o)
 .debug_loclists
                0x0000000000000000      0x137 /nix/store/wxfd0xxbq67dc9i4y00ypid0w7fa27qk-riscv-gnu-toolchain/lib/gcc/riscv64-unknown-elf/11.1.0/rv32i/ilp32/libgcc.a(floatunsidf.o)
 .debug_aranges
                0x0000000000000000       0x20 /nix/store/wxfd0xxbq67dc9i4y00ypid0w7fa27qk-riscv-gnu-toolchain/lib/gcc/riscv64-unknown-elf/11.1.0/rv32i/ilp32/libgcc.a(floatunsidf.o)
 .debug_rnglists
                0x0000000000000000       0x6a /nix/store/wxfd0xxbq67dc9i4y00ypid0w7fa27qk-riscv-gnu-toolchain/lib/gcc/riscv64-unknown-elf/11.1.0/rv32i/ilp32/libgcc.a(floatunsidf.o)
 .debug_line    0x0000000000000000      0x241 /nix/store/wxfd0xxbq67dc9i4y00ypid0w7fa27qk-riscv-gnu-toolchain/lib/gcc/riscv64-unknown-elf/11.1.0/rv32i/ilp32/libgcc.a(floatunsidf.o)
 .debug_str     0x0000000000000000      0x244 /nix/store/wxfd0xxbq67dc9i4y00ypid0w7fa27qk-riscv-gnu-toolchain/lib/gcc/riscv64-unknown-elf/11.1.0/rv32i/ilp32/libgcc.a(floatunsidf.o)
 .debug_line_str
                0x0000000000000000      0x169 /nix/store/wxfd0xxbq67dc9i4y00ypid0w7fa27qk-riscv-gnu-toolchain/lib/gcc/riscv64-unknown-elf/11.1.0/rv32i/ilp32/libgcc.a(floatunsidf.o)
 .debug_frame   0x0000000000000000       0x34 /nix/store/wxfd0xxbq67dc9i4y00ypid0w7fa27qk-riscv-gnu-toolchain/lib/gcc/riscv64-unknown-elf/11.1.0/rv32i/ilp32/libgcc.a(floatunsidf.o)
 .debug_line    0x0000000000000000       0x7a /nix/store/wxfd0xxbq67dc9i4y00ypid0w7fa27qk-riscv-gnu-toolchain/lib/gcc/riscv64-unknown-elf/11.1.0/rv32i/ilp32/libgcc.a(muldi3.o)
 .debug_line_str
                0x0000000000000000       0xad /nix/store/wxfd0xxbq67dc9i4y00ypid0w7fa27qk-riscv-gnu-toolchain/lib/gcc/riscv64-unknown-elf/11.1.0/rv32i/ilp32/libgcc.a(muldi3.o)
 .debug_info    0x0000000000000000       0x24 /nix/store/wxfd0xxbq67dc9i4y00ypid0w7fa27qk-riscv-gnu-toolchain/lib/gcc/riscv64-unknown-elf/11.1.0/rv32i/ilp32/libgcc.a(muldi3.o)
 .debug_abbrev  0x0000000000000000       0x14 /nix/store/wxfd0xxbq67dc9i4y00ypid0w7fa27qk-riscv-gnu-toolchain/lib/gcc/riscv64-unknown-elf/11.1.0/rv32i/ilp32/libgcc.a(muldi3.o)
 .debug_aranges
                0x0000000000000000       0x20 /nix/store/wxfd0xxbq67dc9i4y00ypid0w7fa27qk-riscv-gnu-toolchain/lib/gcc/riscv64-unknown-elf/11.1.0/rv32i/ilp32/libgcc.a(muldi3.o)
 .debug_str     0x0000000000000000       0xb0 /nix/store/wxfd0xxbq67dc9i4y00ypid0w7fa27qk-riscv-gnu-toolchain/lib/gcc/riscv64-unknown-elf/11.1.0/rv32i/ilp32/libgcc.a(muldi3.o)
 .debug_line    0x0000000000000000      0x153 /nix/store/wxfd0xxbq67dc9i4y00ypid0w7fa27qk-riscv-gnu-toolchain/lib/gcc/riscv64-unknown-elf/11.1.0/rv32i/ilp32/libgcc.a(div.o)
 .debug_line_str
                0x0000000000000000       0xa7 /nix/store/wxfd0xxbq67dc9i4y00ypid0w7fa27qk-riscv-gnu-toolchain/lib/gcc/riscv64-unknown-elf/11.1.0/rv32i/ilp32/libgcc.a(div.o)
 .debug_info    0x0000000000000000       0x25 /nix/store/wxfd0xxbq67dc9i4y00ypid0w7fa27qk-riscv-gnu-toolchain/lib/gcc/riscv64-unknown-elf/11.1.0/rv32i/ilp32/libgcc.a(div.o)
 .debug_abbrev  0x0000000000000000       0x14 /nix/store/wxfd0xxbq67dc9i4y00ypid0w7fa27qk-riscv-gnu-toolchain/lib/gcc/riscv64-unknown-elf/11.1.0/rv32i/ilp32/libgcc.a(div.o)
 .debug_aranges
                0x0000000000000000       0x20 /nix/store/wxfd0xxbq67dc9i4y00ypid0w7fa27qk-riscv-gnu-toolchain/lib/gcc/riscv64-unknown-elf/11.1.0/rv32i/ilp32/libgcc.a(div.o)
 .debug_str     0x0000000000000000       0xad /nix/store/wxfd0xxbq67dc9i4y00ypid0w7fa27qk-riscv-gnu-toolchain/lib/gcc/riscv64-unknown-elf/11.1.0/rv32i/ilp32/libgcc.a(div.o)
 .debug_info    0x0000000000000000       0xd8 /nix/store/wxfd0xxbq67dc9i4y00ypid0w7fa27qk-riscv-gnu-toolchain/lib/gcc/riscv64-unknown-elf/11.1.0/rv32i/ilp32/libgcc.a(_clz.o)
 .debug_abbrev  0x0000000000000000       0x70 /nix/store/wxfd0xxbq67dc9i4y00ypid0w7fa27qk-riscv-gnu-toolchain/lib/gcc/riscv64-unknown-elf/11.1.0/rv32i/ilp32/libgcc.a(_clz.o)
 .debug_aranges
                0x0000000000000000       0x18 /nix/store/wxfd0xxbq67dc9i4y00ypid0w7fa27qk-riscv-gnu-toolchain/lib/gcc/riscv64-unknown-elf/11.1.0/rv32i/ilp32/libgcc.a(_clz.o)
 .debug_line    0x0000000000000000       0x3f /nix/store/wxfd0xxbq67dc9i4y00ypid0w7fa27qk-riscv-gnu-toolchain/lib/gcc/riscv64-unknown-elf/11.1.0/rv32i/ilp32/libgcc.a(_clz.o)
 .debug_str     0x0000000000000000      0x192 /nix/store/wxfd0xxbq67dc9i4y00ypid0w7fa27qk-riscv-gnu-toolchain/lib/gcc/riscv64-unknown-elf/11.1.0/rv32i/ilp32/libgcc.a(_clz.o)
 .debug_line_str
                0x0000000000000000      0x144 /nix/store/wxfd0xxbq67dc9i4y00ypid0w7fa27qk-riscv-gnu-toolchain/lib/gcc/riscv64-unknown-elf/11.1.0/rv32i/ilp32/libgcc.a(_clz.o)
 .debug_info    0x0000000000000000      0x142 /nix/store/wxfd0xxbq67dc9i4y00ypid0w7fa27qk-riscv-gnu-toolchain/lib/gcc/riscv64-unknown-elf/11.1.0/rv32i/ilp32/libgcc.a(_clzsi2.o)
 .debug_abbrev  0x0000000000000000       0xca /nix/store/wxfd0xxbq67dc9i4y00ypid0w7fa27qk-riscv-gnu-toolchain/lib/gcc/riscv64-unknown-elf/11.1.0/rv32i/ilp32/libgcc.a(_clzsi2.o)
 .debug_loclists
                0x0000000000000000       0x62 /nix/store/wxfd0xxbq67dc9i4y00ypid0w7fa27qk-riscv-gnu-toolchain/lib/gcc/riscv64-unknown-elf/11.1.0/rv32i/ilp32/libgcc.a(_clzsi2.o)
 .debug_aranges
                0x0000000000000000       0x20 /nix/store/wxfd0xxbq67dc9i4y00ypid0w7fa27qk-riscv-gnu-toolchain/lib/gcc/riscv64-unknown-elf/11.1.0/rv32i/ilp32/libgcc.a(_clzsi2.o)
 .debug_rnglists
                0x0000000000000000       0x28 /nix/store/wxfd0xxbq67dc9i4y00ypid0w7fa27qk-riscv-gnu-toolchain/lib/gcc/riscv64-unknown-elf/11.1.0/rv32i/ilp32/libgcc.a(_clzsi2.o)
 .debug_line    0x0000000000000000       0xcb /nix/store/wxfd0xxbq67dc9i4y00ypid0w7fa27qk-riscv-gnu-toolchain/lib/gcc/riscv64-unknown-elf/11.1.0/rv32i/ilp32/libgcc.a(_clzsi2.o)
 .debug_str     0x0000000000000000      0x1af /nix/store/wxfd0xxbq67dc9i4y00ypid0w7fa27qk-riscv-gnu-toolchain/lib/gcc/riscv64-unknown-elf/11.1.0/rv32i/ilp32/libgcc.a(_clzsi2.o)
 .debug_line_str
                0x0000000000000000      0x144 /nix/store/wxfd0xxbq67dc9i4y00ypid0w7fa27qk-riscv-gnu-toolchain/lib/gcc/riscv64-unknown-elf/11.1.0/rv32i/ilp32/libgcc.a(_clzsi2.o)
 .debug_frame   0x0000000000000000       0x20 /nix/store/wxfd0xxbq67dc9i4y00ypid0w7fa27qk-riscv-gnu-toolchain/lib/gcc/riscv64-unknown-elf/11.1.0/rv32i/ilp32/libgcc.a(_clzsi2.o)

Memory Configuration

Name             Origin             Length             Attributes
*default*        0x0000000000000000 0xffffffffffffffff

Linker script and memory map

                0x0000000000000000                . = 0x0

.init           0x0000000000000000       0x10
 *(.init)
 .init          0x0000000000000000       0x10 /tmp/ccP03mWo.o

.text           0x0000000000000010     0x4e40
 *(.text)
 .text          0x0000000000000010        0x0 /tmp/ccP03mWo.o
 .text          0x0000000000000010        0x0 /tmp/ccmAgf6J.o
 .text          0x0000000000000010     0x1b04 /tmp/ccaB0YJ8.o
                0x0000000000001994                printf_init
                0x00000000000019a0                printf_
                0x00000000000019f0                sprintf_
                0x0000000000001a38                snprintf_
                0x0000000000001a7c                vprintf_
                0x0000000000001aac                vsnprintf_
                0x0000000000001ac4                fctprintf
 .text          0x0000000000001b14      0x2d8 /tmp/ccsK5sQM.o
                0x0000000000001b14                uart_txwait
                0x0000000000001b30                uart_putc
                0x0000000000001b5c                uart_rxwait
                0x0000000000001b78                uart_getc
                0x0000000000001b94                uart_init
                0x0000000000001bdc                uart_finish
                0x0000000000001bf8                uart_puts
                0x0000000000001c2c                uart_sendstr
                0x0000000000001c60                uart_recvfile
                0x0000000000001d30                uart_sendfile
 .text          0x0000000000001dec       0x74 /tmp/cctivW9i.o
                0x0000000000001dec                timer_reset
                0x0000000000001e0c                timer_init
                0x0000000000001e2c                timer_get_count
 .text          0x0000000000001e60       0x9c /tmp/cccZSrGt.o
                0x0000000000001e60                IOB_UART_INIT_BASEADDR
                0x0000000000001e6c                IOB_UART_SET_SOFTRESET
                0x0000000000001e7c                IOB_UART_SET_DIV
                0x0000000000001e8c                IOB_UART_SET_TXDATA
                0x0000000000001e9c                IOB_UART_SET_TXEN
                0x0000000000001eac                IOB_UART_SET_RXEN
                0x0000000000001ebc                IOB_UART_GET_TXREADY
                0x0000000000001ecc                IOB_UART_GET_RXREADY
                0x0000000000001edc                IOB_UART_GET_RXDATA
                0x0000000000001eec                IOB_UART_GET_VERSION
 .text          0x0000000000001efc       0x6c /tmp/cc5mHe5i.o
                0x0000000000001efc                IOB_TIMER_INIT_BASEADDR
                0x0000000000001f08                IOB_TIMER_SET_RESET
                0x0000000000001f18                IOB_TIMER_SET_ENABLE
                0x0000000000001f28                IOB_TIMER_SET_SAMPLE
                0x0000000000001f38                IOB_TIMER_GET_DATA_LOW
                0x0000000000001f48                IOB_TIMER_GET_DATA_HIGH
                0x0000000000001f58                IOB_TIMER_GET_VERSION
 .text          0x0000000000001f68      0x5c0 /nix/store/wxfd0xxbq67dc9i4y00ypid0w7fa27qk-riscv-gnu-toolchain/lib/gcc/riscv64-unknown-elf/11.1.0/rv32i/ilp32/libgcc.a(_udivdi3.o)
                0x0000000000001f68                __udivdi3
 .text          0x0000000000002528      0x4d0 /nix/store/wxfd0xxbq67dc9i4y00ypid0w7fa27qk-riscv-gnu-toolchain/lib/gcc/riscv64-unknown-elf/11.1.0/rv32i/ilp32/libgcc.a(_umoddi3.o)
                0x0000000000002528                __umoddi3
 .text          0x00000000000029f8      0x7dc /nix/store/wxfd0xxbq67dc9i4y00ypid0w7fa27qk-riscv-gnu-toolchain/lib/gcc/riscv64-unknown-elf/11.1.0/rv32i/ilp32/libgcc.a(adddf3.o)
                0x00000000000029f8                __adddf3
 .text          0x00000000000031d4      0x7e0 /nix/store/wxfd0xxbq67dc9i4y00ypid0w7fa27qk-riscv-gnu-toolchain/lib/gcc/riscv64-unknown-elf/11.1.0/rv32i/ilp32/libgcc.a(divdf3.o)
                0x00000000000031d4                __divdf3
 .text          0x00000000000039b4       0x8c /nix/store/wxfd0xxbq67dc9i4y00ypid0w7fa27qk-riscv-gnu-toolchain/lib/gcc/riscv64-unknown-elf/11.1.0/rv32i/ilp32/libgcc.a(eqdf2.o)
                0x00000000000039b4                __eqdf2
                0x00000000000039b4                __nedf2
 .text          0x0000000000003a40       0xe4 /nix/store/wxfd0xxbq67dc9i4y00ypid0w7fa27qk-riscv-gnu-toolchain/lib/gcc/riscv64-unknown-elf/11.1.0/rv32i/ilp32/libgcc.a(gedf2.o)
                0x0000000000003a40                __gtdf2
                0x0000000000003a40                __gedf2
 .text          0x0000000000003b24       0xe4 /nix/store/wxfd0xxbq67dc9i4y00ypid0w7fa27qk-riscv-gnu-toolchain/lib/gcc/riscv64-unknown-elf/11.1.0/rv32i/ilp32/libgcc.a(ledf2.o)
                0x0000000000003b24                __ltdf2
                0x0000000000003b24                __ledf2
 .text          0x0000000000003c08      0x6cc /nix/store/wxfd0xxbq67dc9i4y00ypid0w7fa27qk-riscv-gnu-toolchain/lib/gcc/riscv64-unknown-elf/11.1.0/rv32i/ilp32/libgcc.a(muldf3.o)
                0x0000000000003c08                __muldf3
 .text          0x00000000000042d4      0x7f0 /nix/store/wxfd0xxbq67dc9i4y00ypid0w7fa27qk-riscv-gnu-toolchain/lib/gcc/riscv64-unknown-elf/11.1.0/rv32i/ilp32/libgcc.a(subdf3.o)
                0x00000000000042d4                __subdf3
 .text          0x0000000000004ac4       0x80 /nix/store/wxfd0xxbq67dc9i4y00ypid0w7fa27qk-riscv-gnu-toolchain/lib/gcc/riscv64-unknown-elf/11.1.0/rv32i/ilp32/libgcc.a(fixdfsi.o)
                0x0000000000004ac4                __fixdfsi
 .text          0x0000000000004b44       0x7c /nix/store/wxfd0xxbq67dc9i4y00ypid0w7fa27qk-riscv-gnu-toolchain/lib/gcc/riscv64-unknown-elf/11.1.0/rv32i/ilp32/libgcc.a(fixunsdfsi.o)
                0x0000000000004b44                __fixunsdfsi
 .text          0x0000000000004bc0       0xa8 /nix/store/wxfd0xxbq67dc9i4y00ypid0w7fa27qk-riscv-gnu-toolchain/lib/gcc/riscv64-unknown-elf/11.1.0/rv32i/ilp32/libgcc.a(floatsidf.o)
                0x0000000000004bc0                __floatsidf
 .text          0x0000000000004c68       0x80 /nix/store/wxfd0xxbq67dc9i4y00ypid0w7fa27qk-riscv-gnu-toolchain/lib/gcc/riscv64-unknown-elf/11.1.0/rv32i/ilp32/libgcc.a(floatunsidf.o)
                0x0000000000004c68                __floatunsidf
 .text          0x0000000000004ce8       0x24 /nix/store/wxfd0xxbq67dc9i4y00ypid0w7fa27qk-riscv-gnu-toolchain/lib/gcc/riscv64-unknown-elf/11.1.0/rv32i/ilp32/libgcc.a(muldi3.o)
                0x0000000000004ce8                __mulsi3
 .text          0x0000000000004d0c       0xb4 /nix/store/wxfd0xxbq67dc9i4y00ypid0w7fa27qk-riscv-gnu-toolchain/lib/gcc/riscv64-unknown-elf/11.1.0/rv32i/ilp32/libgcc.a(div.o)
                0x0000000000004d0c                __divsi3
                0x0000000000004d14                __udivsi3
                0x0000000000004d5c                __umodsi3
                0x0000000000004d90                __modsi3
 .text          0x0000000000004dc0        0x0 /nix/store/wxfd0xxbq67dc9i4y00ypid0w7fa27qk-riscv-gnu-toolchain/lib/gcc/riscv64-unknown-elf/11.1.0/rv32i/ilp32/libgcc.a(_clz.o)
 .text          0x0000000000004dc0       0x4c /nix/store/wxfd0xxbq67dc9i4y00ypid0w7fa27qk-riscv-gnu-toolchain/lib/gcc/riscv64-unknown-elf/11.1.0/rv32i/ilp32/libgcc.a(_clzsi2.o)
                0x0000000000004dc0                __clzsi2
 .text          0x0000000000004e0c        0x0 /nix/store/wxfd0xxbq67dc9i4y00ypid0w7fa27qk-riscv-gnu-toolchain/lib/gcc/riscv64-unknown-elf/11.1.0/../../../../riscv64-unknown-elf/lib/rv32i/ilp32/libc_nano.a(lib_a-malloc.o)
 .text          0x0000000000004e0c       0x24 /nix/store/wxfd0xxbq67dc9i4y00ypid0w7fa27qk-riscv-gnu-toolchain/lib/gcc/riscv64-unknown-elf/11.1.0/../../../../riscv64-unknown-elf/lib/rv32i/ilp32/libc_nano.a(lib_a-memcpy-asm.o)
                0x0000000000004e0c                memcpy
 .text          0x0000000000004e30        0x0 /nix/store/wxfd0xxbq67dc9i4y00ypid0w7fa27qk-riscv-gnu-toolchain/lib/gcc/riscv64-unknown-elf/11.1.0/../../../../riscv64-unknown-elf/lib/rv32i/ilp32/libc_nano.a(lib_a-nano-freer.o)
 .text          0x0000000000004e30        0x0 /nix/store/wxfd0xxbq67dc9i4y00ypid0w7fa27qk-riscv-gnu-toolchain/lib/gcc/riscv64-unknown-elf/11.1.0/../../../../riscv64-unknown-elf/lib/rv32i/ilp32/libc_nano.a(lib_a-nano-mallocr.o)
 .text          0x0000000000004e30        0x0 /nix/store/wxfd0xxbq67dc9i4y00ypid0w7fa27qk-riscv-gnu-toolchain/lib/gcc/riscv64-unknown-elf/11.1.0/../../../../riscv64-unknown-elf/lib/rv32i/ilp32/libc_nano.a(lib_a-sbrkr.o)
 .text          0x0000000000004e30       0x20 /nix/store/wxfd0xxbq67dc9i4y00ypid0w7fa27qk-riscv-gnu-toolchain/lib/gcc/riscv64-unknown-elf/11.1.0/../../../../riscv64-unknown-elf/lib/rv32i/ilp32/libc_nano.a(lib_a-strcmp.o)
                0x0000000000004e30                strcmp
 .text          0x0000000000004e50        0x0 /nix/store/wxfd0xxbq67dc9i4y00ypid0w7fa27qk-riscv-gnu-toolchain/lib/gcc/riscv64-unknown-elf/11.1.0/../../../../riscv64-unknown-elf/lib/rv32i/ilp32/libc_nano.a(lib_a-strcpy.o)
 .text          0x0000000000004e50        0x0 /nix/store/wxfd0xxbq67dc9i4y00ypid0w7fa27qk-riscv-gnu-toolchain/lib/gcc/riscv64-unknown-elf/11.1.0/../../../../riscv64-unknown-elf/lib/rv32i/ilp32/libc_nano.a(lib_a-strlen.o)
 .text          0x0000000000004e50        0x0 /nix/store/wxfd0xxbq67dc9i4y00ypid0w7fa27qk-riscv-gnu-toolchain/lib/gcc/riscv64-unknown-elf/11.1.0/../../../../riscv64-unknown-elf/lib/rv32i/ilp32/libc_nano.a(lib_a-impure.o)
 .text          0x0000000000004e50        0x0 /nix/store/wxfd0xxbq67dc9i4y00ypid0w7fa27qk-riscv-gnu-toolchain/lib/gcc/riscv64-unknown-elf/11.1.0/../../../../riscv64-unknown-elf/lib/rv32i/ilp32/libc_nano.a(lib_a-mlock.o)
 .text          0x0000000000004e50        0x0 /nix/store/wxfd0xxbq67dc9i4y00ypid0w7fa27qk-riscv-gnu-toolchain/lib/gcc/riscv64-unknown-elf/11.1.0/../../../../riscv64-unknown-elf/lib/rv32i/ilp32/libc_nano.a(lib_a-reent.o)
 .text          0x0000000000004e50        0x0 /nix/store/wxfd0xxbq67dc9i4y00ypid0w7fa27qk-riscv-gnu-toolchain/lib/gcc/riscv64-unknown-elf/11.1.0/../../../../riscv64-unknown-elf/lib/rv32i/ilp32/libnosys.a(sbrk.o)

.memory         0x0000000000004e50     0x10fc
 *(.rodata)
 .rodata        0x0000000000004e50       0x90 /tmp/ccaB0YJ8.o
 .rodata        0x0000000000004ee0       0x3c /nix/store/wxfd0xxbq67dc9i4y00ypid0w7fa27qk-riscv-gnu-toolchain/lib/gcc/riscv64-unknown-elf/11.1.0/rv32i/ilp32/libgcc.a(divdf3.o)
 .rodata        0x0000000000004f1c      0x100 /nix/store/wxfd0xxbq67dc9i4y00ypid0w7fa27qk-riscv-gnu-toolchain/lib/gcc/riscv64-unknown-elf/11.1.0/rv32i/ilp32/libgcc.a(_clz.o)
                0x0000000000004f1c                __clz_tab
 *(.data)
 .data          0x000000000000501c        0x0 /tmp/ccP03mWo.o
 .data          0x000000000000501c        0x0 /tmp/ccmAgf6J.o
 .data          0x000000000000501c        0x0 /tmp/ccaB0YJ8.o
 .data          0x000000000000501c        0x0 /tmp/ccsK5sQM.o
 .data          0x000000000000501c        0x0 /tmp/cctivW9i.o
 .data          0x000000000000501c        0x0 /tmp/cccZSrGt.o
 .data          0x000000000000501c        0x0 /tmp/cc5mHe5i.o
 .data          0x000000000000501c        0x0 /nix/store/wxfd0xxbq67dc9i4y00ypid0w7fa27qk-riscv-gnu-toolchain/lib/gcc/riscv64-unknown-elf/11.1.0/rv32i/ilp32/libgcc.a(_udivdi3.o)
 .data          0x000000000000501c        0x0 /nix/store/wxfd0xxbq67dc9i4y00ypid0w7fa27qk-riscv-gnu-toolchain/lib/gcc/riscv64-unknown-elf/11.1.0/rv32i/ilp32/libgcc.a(_umoddi3.o)
 .data          0x000000000000501c        0x0 /nix/store/wxfd0xxbq67dc9i4y00ypid0w7fa27qk-riscv-gnu-toolchain/lib/gcc/riscv64-unknown-elf/11.1.0/rv32i/ilp32/libgcc.a(adddf3.o)
 .data          0x000000000000501c        0x0 /nix/store/wxfd0xxbq67dc9i4y00ypid0w7fa27qk-riscv-gnu-toolchain/lib/gcc/riscv64-unknown-elf/11.1.0/rv32i/ilp32/libgcc.a(divdf3.o)
 .data          0x000000000000501c        0x0 /nix/store/wxfd0xxbq67dc9i4y00ypid0w7fa27qk-riscv-gnu-toolchain/lib/gcc/riscv64-unknown-elf/11.1.0/rv32i/ilp32/libgcc.a(eqdf2.o)
 .data          0x000000000000501c        0x0 /nix/store/wxfd0xxbq67dc9i4y00ypid0w7fa27qk-riscv-gnu-toolchain/lib/gcc/riscv64-unknown-elf/11.1.0/rv32i/ilp32/libgcc.a(gedf2.o)
 .data          0x000000000000501c        0x0 /nix/store/wxfd0xxbq67dc9i4y00ypid0w7fa27qk-riscv-gnu-toolchain/lib/gcc/riscv64-unknown-elf/11.1.0/rv32i/ilp32/libgcc.a(ledf2.o)
 .data          0x000000000000501c        0x0 /nix/store/wxfd0xxbq67dc9i4y00ypid0w7fa27qk-riscv-gnu-toolchain/lib/gcc/riscv64-unknown-elf/11.1.0/rv32i/ilp32/libgcc.a(muldf3.o)
 .data          0x000000000000501c        0x0 /nix/store/wxfd0xxbq67dc9i4y00ypid0w7fa27qk-riscv-gnu-toolchain/lib/gcc/riscv64-unknown-elf/11.1.0/rv32i/ilp32/libgcc.a(subdf3.o)
 .data          0x000000000000501c        0x0 /nix/store/wxfd0xxbq67dc9i4y00ypid0w7fa27qk-riscv-gnu-toolchain/lib/gcc/riscv64-unknown-elf/11.1.0/rv32i/ilp32/libgcc.a(fixdfsi.o)
 .data          0x000000000000501c        0x0 /nix/store/wxfd0xxbq67dc9i4y00ypid0w7fa27qk-riscv-gnu-toolchain/lib/gcc/riscv64-unknown-elf/11.1.0/rv32i/ilp32/libgcc.a(fixunsdfsi.o)
 .data          0x000000000000501c        0x0 /nix/store/wxfd0xxbq67dc9i4y00ypid0w7fa27qk-riscv-gnu-toolchain/lib/gcc/riscv64-unknown-elf/11.1.0/rv32i/ilp32/libgcc.a(floatsidf.o)
 .data          0x000000000000501c        0x0 /nix/store/wxfd0xxbq67dc9i4y00ypid0w7fa27qk-riscv-gnu-toolchain/lib/gcc/riscv64-unknown-elf/11.1.0/rv32i/ilp32/libgcc.a(floatunsidf.o)
 .data          0x000000000000501c        0x0 /nix/store/wxfd0xxbq67dc9i4y00ypid0w7fa27qk-riscv-gnu-toolchain/lib/gcc/riscv64-unknown-elf/11.1.0/rv32i/ilp32/libgcc.a(muldi3.o)
 .data          0x000000000000501c        0x0 /nix/store/wxfd0xxbq67dc9i4y00ypid0w7fa27qk-riscv-gnu-toolchain/lib/gcc/riscv64-unknown-elf/11.1.0/rv32i/ilp32/libgcc.a(div.o)
 .data          0x000000000000501c        0x0 /nix/store/wxfd0xxbq67dc9i4y00ypid0w7fa27qk-riscv-gnu-toolchain/lib/gcc/riscv64-unknown-elf/11.1.0/rv32i/ilp32/libgcc.a(_clz.o)
 .data          0x000000000000501c        0x0 /nix/store/wxfd0xxbq67dc9i4y00ypid0w7fa27qk-riscv-gnu-toolchain/lib/gcc/riscv64-unknown-elf/11.1.0/rv32i/ilp32/libgcc.a(_clzsi2.o)
 .data          0x000000000000501c        0x0 /nix/store/wxfd0xxbq67dc9i4y00ypid0w7fa27qk-riscv-gnu-toolchain/lib/gcc/riscv64-unknown-elf/11.1.0/../../../../riscv64-unknown-elf/lib/rv32i/ilp32/libc_nano.a(lib_a-malloc.o)
 .data          0x000000000000501c        0x0 /nix/store/wxfd0xxbq67dc9i4y00ypid0w7fa27qk-riscv-gnu-toolchain/lib/gcc/riscv64-unknown-elf/11.1.0/../../../../riscv64-unknown-elf/lib/rv32i/ilp32/libc_nano.a(lib_a-memcpy-asm.o)
 .data          0x000000000000501c        0x0 /nix/store/wxfd0xxbq67dc9i4y00ypid0w7fa27qk-riscv-gnu-toolchain/lib/gcc/riscv64-unknown-elf/11.1.0/../../../../riscv64-unknown-elf/lib/rv32i/ilp32/libc_nano.a(lib_a-nano-freer.o)
 .data          0x000000000000501c        0x0 /nix/store/wxfd0xxbq67dc9i4y00ypid0w7fa27qk-riscv-gnu-toolchain/lib/gcc/riscv64-unknown-elf/11.1.0/../../../../riscv64-unknown-elf/lib/rv32i/ilp32/libc_nano.a(lib_a-nano-mallocr.o)
 .data          0x000000000000501c        0x0 /nix/store/wxfd0xxbq67dc9i4y00ypid0w7fa27qk-riscv-gnu-toolchain/lib/gcc/riscv64-unknown-elf/11.1.0/../../../../riscv64-unknown-elf/lib/rv32i/ilp32/libc_nano.a(lib_a-sbrkr.o)
 .data          0x000000000000501c        0x0 /nix/store/wxfd0xxbq67dc9i4y00ypid0w7fa27qk-riscv-gnu-toolchain/lib/gcc/riscv64-unknown-elf/11.1.0/../../../../riscv64-unknown-elf/lib/rv32i/ilp32/libc_nano.a(lib_a-strcmp.o)
 .data          0x000000000000501c        0x0 /nix/store/wxfd0xxbq67dc9i4y00ypid0w7fa27qk-riscv-gnu-toolchain/lib/gcc/riscv64-unknown-elf/11.1.0/../../../../riscv64-unknown-elf/lib/rv32i/ilp32/libc_nano.a(lib_a-strcpy.o)
 .data          0x000000000000501c        0x0 /nix/store/wxfd0xxbq67dc9i4y00ypid0w7fa27qk-riscv-gnu-toolchain/lib/gcc/riscv64-unknown-elf/11.1.0/../../../../riscv64-unknown-elf/lib/rv32i/ilp32/libc_nano.a(lib_a-strlen.o)
 .data          0x000000000000501c        0x0 /nix/store/wxfd0xxbq67dc9i4y00ypid0w7fa27qk-riscv-gnu-toolchain/lib/gcc/riscv64-unknown-elf/11.1.0/../../../../riscv64-unknown-elf/lib/rv32i/ilp32/libc_nano.a(lib_a-impure.o)
 .data          0x000000000000501c        0x0 /nix/store/wxfd0xxbq67dc9i4y00ypid0w7fa27qk-riscv-gnu-toolchain/lib/gcc/riscv64-unknown-elf/11.1.0/../../../../riscv64-unknown-elf/lib/rv32i/ilp32/libc_nano.a(lib_a-mlock.o)
 .data          0x000000000000501c        0x0 /nix/store/wxfd0xxbq67dc9i4y00ypid0w7fa27qk-riscv-gnu-toolchain/lib/gcc/riscv64-unknown-elf/11.1.0/../../../../riscv64-unknown-elf/lib/rv32i/ilp32/libc_nano.a(lib_a-reent.o)
 .data          0x000000000000501c        0x0 /nix/store/wxfd0xxbq67dc9i4y00ypid0w7fa27qk-riscv-gnu-toolchain/lib/gcc/riscv64-unknown-elf/11.1.0/../../../../riscv64-unknown-elf/lib/rv32i/ilp32/libnosys.a(sbrk.o)
 *(.bss)
 .bss           0x000000000000501c        0x0 /tmp/ccP03mWo.o
 .bss           0x000000000000501c        0x0 /tmp/ccmAgf6J.o
 .bss           0x000000000000501c        0x0 /tmp/ccaB0YJ8.o
 .bss           0x000000000000501c        0x0 /tmp/ccsK5sQM.o
 .bss           0x000000000000501c        0x0 /tmp/cctivW9i.o
 .bss           0x000000000000501c        0x0 /tmp/cccZSrGt.o
 .bss           0x000000000000501c        0x0 /tmp/cc5mHe5i.o
 .bss           0x000000000000501c        0x0 /nix/store/wxfd0xxbq67dc9i4y00ypid0w7fa27qk-riscv-gnu-toolchain/lib/gcc/riscv64-unknown-elf/11.1.0/rv32i/ilp32/libgcc.a(_udivdi3.o)
 .bss           0x000000000000501c        0x0 /nix/store/wxfd0xxbq67dc9i4y00ypid0w7fa27qk-riscv-gnu-toolchain/lib/gcc/riscv64-unknown-elf/11.1.0/rv32i/ilp32/libgcc.a(_umoddi3.o)
 .bss           0x000000000000501c        0x0 /nix/store/wxfd0xxbq67dc9i4y00ypid0w7fa27qk-riscv-gnu-toolchain/lib/gcc/riscv64-unknown-elf/11.1.0/rv32i/ilp32/libgcc.a(adddf3.o)
 .bss           0x000000000000501c        0x0 /nix/store/wxfd0xxbq67dc9i4y00ypid0w7fa27qk-riscv-gnu-toolchain/lib/gcc/riscv64-unknown-elf/11.1.0/rv32i/ilp32/libgcc.a(divdf3.o)
 .bss           0x000000000000501c        0x0 /nix/store/wxfd0xxbq67dc9i4y00ypid0w7fa27qk-riscv-gnu-toolchain/lib/gcc/riscv64-unknown-elf/11.1.0/rv32i/ilp32/libgcc.a(eqdf2.o)
 .bss           0x000000000000501c        0x0 /nix/store/wxfd0xxbq67dc9i4y00ypid0w7fa27qk-riscv-gnu-toolchain/lib/gcc/riscv64-unknown-elf/11.1.0/rv32i/ilp32/libgcc.a(gedf2.o)
 .bss           0x000000000000501c        0x0 /nix/store/wxfd0xxbq67dc9i4y00ypid0w7fa27qk-riscv-gnu-toolchain/lib/gcc/riscv64-unknown-elf/11.1.0/rv32i/ilp32/libgcc.a(ledf2.o)
 .bss           0x000000000000501c        0x0 /nix/store/wxfd0xxbq67dc9i4y00ypid0w7fa27qk-riscv-gnu-toolchain/lib/gcc/riscv64-unknown-elf/11.1.0/rv32i/ilp32/libgcc.a(muldf3.o)
 .bss           0x000000000000501c        0x0 /nix/store/wxfd0xxbq67dc9i4y00ypid0w7fa27qk-riscv-gnu-toolchain/lib/gcc/riscv64-unknown-elf/11.1.0/rv32i/ilp32/libgcc.a(subdf3.o)
 .bss           0x000000000000501c        0x0 /nix/store/wxfd0xxbq67dc9i4y00ypid0w7fa27qk-riscv-gnu-toolchain/lib/gcc/riscv64-unknown-elf/11.1.0/rv32i/ilp32/libgcc.a(fixdfsi.o)
 .bss           0x000000000000501c        0x0 /nix/store/wxfd0xxbq67dc9i4y00ypid0w7fa27qk-riscv-gnu-toolchain/lib/gcc/riscv64-unknown-elf/11.1.0/rv32i/ilp32/libgcc.a(fixunsdfsi.o)
 .bss           0x000000000000501c        0x0 /nix/store/wxfd0xxbq67dc9i4y00ypid0w7fa27qk-riscv-gnu-toolchain/lib/gcc/riscv64-unknown-elf/11.1.0/rv32i/ilp32/libgcc.a(floatsidf.o)
 .bss           0x000000000000501c        0x0 /nix/store/wxfd0xxbq67dc9i4y00ypid0w7fa27qk-riscv-gnu-toolchain/lib/gcc/riscv64-unknown-elf/11.1.0/rv32i/ilp32/libgcc.a(floatunsidf.o)
 .bss           0x000000000000501c        0x0 /nix/store/wxfd0xxbq67dc9i4y00ypid0w7fa27qk-riscv-gnu-toolchain/lib/gcc/riscv64-unknown-elf/11.1.0/rv32i/ilp32/libgcc.a(muldi3.o)
 .bss           0x000000000000501c        0x0 /nix/store/wxfd0xxbq67dc9i4y00ypid0w7fa27qk-riscv-gnu-toolchain/lib/gcc/riscv64-unknown-elf/11.1.0/rv32i/ilp32/libgcc.a(div.o)
 .bss           0x000000000000501c        0x0 /nix/store/wxfd0xxbq67dc9i4y00ypid0w7fa27qk-riscv-gnu-toolchain/lib/gcc/riscv64-unknown-elf/11.1.0/rv32i/ilp32/libgcc.a(_clz.o)
 .bss           0x000000000000501c        0x0 /nix/store/wxfd0xxbq67dc9i4y00ypid0w7fa27qk-riscv-gnu-toolchain/lib/gcc/riscv64-unknown-elf/11.1.0/rv32i/ilp32/libgcc.a(_clzsi2.o)
 .bss           0x000000000000501c        0x0 /nix/store/wxfd0xxbq67dc9i4y00ypid0w7fa27qk-riscv-gnu-toolchain/lib/gcc/riscv64-unknown-elf/11.1.0/../../../../riscv64-unknown-elf/lib/rv32i/ilp32/libc_nano.a(lib_a-malloc.o)
 .bss           0x000000000000501c        0x0 /nix/store/wxfd0xxbq67dc9i4y00ypid0w7fa27qk-riscv-gnu-toolchain/lib/gcc/riscv64-unknown-elf/11.1.0/../../../../riscv64-unknown-elf/lib/rv32i/ilp32/libc_nano.a(lib_a-memcpy-asm.o)
 .bss           0x000000000000501c        0x0 /nix/store/wxfd0xxbq67dc9i4y00ypid0w7fa27qk-riscv-gnu-toolchain/lib/gcc/riscv64-unknown-elf/11.1.0/../../../../riscv64-unknown-elf/lib/rv32i/ilp32/libc_nano.a(lib_a-nano-freer.o)
 .bss           0x000000000000501c        0x0 /nix/store/wxfd0xxbq67dc9i4y00ypid0w7fa27qk-riscv-gnu-toolchain/lib/gcc/riscv64-unknown-elf/11.1.0/../../../../riscv64-unknown-elf/lib/rv32i/ilp32/libc_nano.a(lib_a-nano-mallocr.o)
 .bss           0x000000000000501c        0x0 /nix/store/wxfd0xxbq67dc9i4y00ypid0w7fa27qk-riscv-gnu-toolchain/lib/gcc/riscv64-unknown-elf/11.1.0/../../../../riscv64-unknown-elf/lib/rv32i/ilp32/libc_nano.a(lib_a-sbrkr.o)
 .bss           0x000000000000501c        0x0 /nix/store/wxfd0xxbq67dc9i4y00ypid0w7fa27qk-riscv-gnu-toolchain/lib/gcc/riscv64-unknown-elf/11.1.0/../../../../riscv64-unknown-elf/lib/rv32i/ilp32/libc_nano.a(lib_a-strcmp.o)
 .bss           0x000000000000501c        0x0 /nix/store/wxfd0xxbq67dc9i4y00ypid0w7fa27qk-riscv-gnu-toolchain/lib/gcc/riscv64-unknown-elf/11.1.0/../../../../riscv64-unknown-elf/lib/rv32i/ilp32/libc_nano.a(lib_a-strcpy.o)
 .bss           0x000000000000501c        0x0 /nix/store/wxfd0xxbq67dc9i4y00ypid0w7fa27qk-riscv-gnu-toolchain/lib/gcc/riscv64-unknown-elf/11.1.0/../../../../riscv64-unknown-elf/lib/rv32i/ilp32/libc_nano.a(lib_a-strlen.o)
 .bss           0x000000000000501c        0x0 /nix/store/wxfd0xxbq67dc9i4y00ypid0w7fa27qk-riscv-gnu-toolchain/lib/gcc/riscv64-unknown-elf/11.1.0/../../../../riscv64-unknown-elf/lib/rv32i/ilp32/libc_nano.a(lib_a-impure.o)
 .bss           0x000000000000501c        0x0 /nix/store/wxfd0xxbq67dc9i4y00ypid0w7fa27qk-riscv-gnu-toolchain/lib/gcc/riscv64-unknown-elf/11.1.0/../../../../riscv64-unknown-elf/lib/rv32i/ilp32/libc_nano.a(lib_a-mlock.o)
 .bss           0x000000000000501c        0x0 /nix/store/wxfd0xxbq67dc9i4y00ypid0w7fa27qk-riscv-gnu-toolchain/lib/gcc/riscv64-unknown-elf/11.1.0/../../../../riscv64-unknown-elf/lib/rv32i/ilp32/libc_nano.a(lib_a-reent.o)
 .bss           0x000000000000501c        0x0 /nix/store/wxfd0xxbq67dc9i4y00ypid0w7fa27qk-riscv-gnu-toolchain/lib/gcc/riscv64-unknown-elf/11.1.0/../../../../riscv64-unknown-elf/lib/rv32i/ilp32/libnosys.a(sbrk.o)
 *(*)
 .riscv.attributes
                0x000000000000501c       0x1a /tmp/ccP03mWo.o
 .rela.data.impure_data
                0x0000000000005036        0x0 /tmp/ccP03mWo.o
 .rela.text._sbrk
                0x0000000000005036        0x0 /tmp/ccP03mWo.o
 *fill*         0x0000000000005036        0x2 
 .rodata.str1.4
                0x0000000000005038      0x259 /tmp/ccmAgf6J.o
 *fill*         0x0000000000005291        0x3 
 .text.startup  0x0000000000005294      0x170 /tmp/ccmAgf6J.o
                0x0000000000005294                main
 *fill*         0x0000000000005404        0x4 
 .srodata.cst8  0x0000000000005408        0x8 /tmp/ccmAgf6J.o
 .sdata         0x0000000000005410        0x4 /tmp/ccmAgf6J.o
                0x0000000000005410                send_string
 .comment       0x0000000000005414       0x10 /tmp/ccmAgf6J.o
                                         0x11 (size before relaxing)
 .riscv.attributes
                0x0000000000005424       0x1c /tmp/ccmAgf6J.o
 .rodata.str1.4
                0x0000000000005440       0x15 /tmp/ccaB0YJ8.o
 *fill*         0x0000000000005455        0x3 
 .srodata.cst8  0x0000000000005458       0x98 /tmp/ccaB0YJ8.o
 .sbss          0x00000000000054f0        0x4 /tmp/ccaB0YJ8.o
 .comment       0x00000000000054f4       0x11 /tmp/ccaB0YJ8.o
 .riscv.attributes
                0x00000000000054f4       0x1c /tmp/ccaB0YJ8.o
 .rodata.str1.4
                0x0000000000005510       0x69 /tmp/ccsK5sQM.o
 .comment       0x0000000000005579       0x11 /tmp/ccsK5sQM.o
 .riscv.attributes
                0x0000000000005579       0x1c /tmp/ccsK5sQM.o
 .comment       0x0000000000005595       0x11 /tmp/cctivW9i.o
 .riscv.attributes
                0x0000000000005595       0x1c /tmp/cctivW9i.o
 *fill*         0x00000000000055b1        0x3 
 .sbss          0x00000000000055b4        0x4 /tmp/cccZSrGt.o
 .comment       0x00000000000055b8       0x11 /tmp/cccZSrGt.o
 .riscv.attributes
                0x00000000000055b8       0x1c /tmp/cccZSrGt.o
 .sbss          0x00000000000055d4        0x4 /tmp/cc5mHe5i.o
 .comment       0x00000000000055d8       0x11 /tmp/cc5mHe5i.o
 .riscv.attributes
                0x00000000000055d8       0x1c /tmp/cc5mHe5i.o
 .comment       0x00000000000055f4       0x11 /nix/store/wxfd0xxbq67dc9i4y00ypid0w7fa27qk-riscv-gnu-toolchain/lib/gcc/riscv64-unknown-elf/11.1.0/rv32i/ilp32/libgcc.a(_udivdi3.o)
 .eh_frame      0x00000000000055f4       0x60 /nix/store/wxfd0xxbq67dc9i4y00ypid0w7fa27qk-riscv-gnu-toolchain/lib/gcc/riscv64-unknown-elf/11.1.0/rv32i/ilp32/libgcc.a(_udivdi3.o)
 .riscv.attributes
                0x0000000000005654       0x1c /nix/store/wxfd0xxbq67dc9i4y00ypid0w7fa27qk-riscv-gnu-toolchain/lib/gcc/riscv64-unknown-elf/11.1.0/rv32i/ilp32/libgcc.a(_udivdi3.o)
 .comment       0x0000000000005670       0x11 /nix/store/wxfd0xxbq67dc9i4y00ypid0w7fa27qk-riscv-gnu-toolchain/lib/gcc/riscv64-unknown-elf/11.1.0/rv32i/ilp32/libgcc.a(_umoddi3.o)
 .eh_frame      0x0000000000005670       0x64 /nix/store/wxfd0xxbq67dc9i4y00ypid0w7fa27qk-riscv-gnu-toolchain/lib/gcc/riscv64-unknown-elf/11.1.0/rv32i/ilp32/libgcc.a(_umoddi3.o)
 .riscv.attributes
                0x00000000000056d4       0x1c /nix/store/wxfd0xxbq67dc9i4y00ypid0w7fa27qk-riscv-gnu-toolchain/lib/gcc/riscv64-unknown-elf/11.1.0/rv32i/ilp32/libgcc.a(_umoddi3.o)
 .comment       0x00000000000056f0       0x11 /nix/store/wxfd0xxbq67dc9i4y00ypid0w7fa27qk-riscv-gnu-toolchain/lib/gcc/riscv64-unknown-elf/11.1.0/rv32i/ilp32/libgcc.a(adddf3.o)
 .riscv.attributes
                0x00000000000056f0       0x1c /nix/store/wxfd0xxbq67dc9i4y00ypid0w7fa27qk-riscv-gnu-toolchain/lib/gcc/riscv64-unknown-elf/11.1.0/rv32i/ilp32/libgcc.a(adddf3.o)
 .comment       0x000000000000570c       0x11 /nix/store/wxfd0xxbq67dc9i4y00ypid0w7fa27qk-riscv-gnu-toolchain/lib/gcc/riscv64-unknown-elf/11.1.0/rv32i/ilp32/libgcc.a(divdf3.o)
 .riscv.attributes
                0x000000000000570c       0x1c /nix/store/wxfd0xxbq67dc9i4y00ypid0w7fa27qk-riscv-gnu-toolchain/lib/gcc/riscv64-unknown-elf/11.1.0/rv32i/ilp32/libgcc.a(divdf3.o)
 .comment       0x0000000000005728       0x11 /nix/store/wxfd0xxbq67dc9i4y00ypid0w7fa27qk-riscv-gnu-toolchain/lib/gcc/riscv64-unknown-elf/11.1.0/rv32i/ilp32/libgcc.a(eqdf2.o)
 .riscv.attributes
                0x0000000000005728       0x1c /nix/store/wxfd0xxbq67dc9i4y00ypid0w7fa27qk-riscv-gnu-toolchain/lib/gcc/riscv64-unknown-elf/11.1.0/rv32i/ilp32/libgcc.a(eqdf2.o)
 .comment       0x0000000000005744       0x11 /nix/store/wxfd0xxbq67dc9i4y00ypid0w7fa27qk-riscv-gnu-toolchain/lib/gcc/riscv64-unknown-elf/11.1.0/rv32i/ilp32/libgcc.a(gedf2.o)
 .riscv.attributes
                0x0000000000005744       0x1c /nix/store/wxfd0xxbq67dc9i4y00ypid0w7fa27qk-riscv-gnu-toolchain/lib/gcc/riscv64-unknown-elf/11.1.0/rv32i/ilp32/libgcc.a(gedf2.o)
 .comment       0x0000000000005760       0x11 /nix/store/wxfd0xxbq67dc9i4y00ypid0w7fa27qk-riscv-gnu-toolchain/lib/gcc/riscv64-unknown-elf/11.1.0/rv32i/ilp32/libgcc.a(ledf2.o)
 .riscv.attributes
                0x0000000000005760       0x1c /nix/store/wxfd0xxbq67dc9i4y00ypid0w7fa27qk-riscv-gnu-toolchain/lib/gcc/riscv64-unknown-elf/11.1.0/rv32i/ilp32/libgcc.a(ledf2.o)
 .comment       0x000000000000577c       0x11 /nix/store/wxfd0xxbq67dc9i4y00ypid0w7fa27qk-riscv-gnu-toolchain/lib/gcc/riscv64-unknown-elf/11.1.0/rv32i/ilp32/libgcc.a(muldf3.o)
 .riscv.attributes
                0x000000000000577c       0x1c /nix/store/wxfd0xxbq67dc9i4y00ypid0w7fa27qk-riscv-gnu-toolchain/lib/gcc/riscv64-unknown-elf/11.1.0/rv32i/ilp32/libgcc.a(muldf3.o)
 .comment       0x0000000000005798       0x11 /nix/store/wxfd0xxbq67dc9i4y00ypid0w7fa27qk-riscv-gnu-toolchain/lib/gcc/riscv64-unknown-elf/11.1.0/rv32i/ilp32/libgcc.a(subdf3.o)
 .riscv.attributes
                0x0000000000005798       0x1c /nix/store/wxfd0xxbq67dc9i4y00ypid0w7fa27qk-riscv-gnu-toolchain/lib/gcc/riscv64-unknown-elf/11.1.0/rv32i/ilp32/libgcc.a(subdf3.o)
 .comment       0x00000000000057b4       0x11 /nix/store/wxfd0xxbq67dc9i4y00ypid0w7fa27qk-riscv-gnu-toolchain/lib/gcc/riscv64-unknown-elf/11.1.0/rv32i/ilp32/libgcc.a(fixdfsi.o)
 .riscv.attributes
                0x00000000000057b4       0x1c /nix/store/wxfd0xxbq67dc9i4y00ypid0w7fa27qk-riscv-gnu-toolchain/lib/gcc/riscv64-unknown-elf/11.1.0/rv32i/ilp32/libgcc.a(fixdfsi.o)
 .comment       0x00000000000057d0       0x11 /nix/store/wxfd0xxbq67dc9i4y00ypid0w7fa27qk-riscv-gnu-toolchain/lib/gcc/riscv64-unknown-elf/11.1.0/rv32i/ilp32/libgcc.a(fixunsdfsi.o)
 .riscv.attributes
                0x00000000000057d0       0x1c /nix/store/wxfd0xxbq67dc9i4y00ypid0w7fa27qk-riscv-gnu-toolchain/lib/gcc/riscv64-unknown-elf/11.1.0/rv32i/ilp32/libgcc.a(fixunsdfsi.o)
 .comment       0x00000000000057ec       0x11 /nix/store/wxfd0xxbq67dc9i4y00ypid0w7fa27qk-riscv-gnu-toolchain/lib/gcc/riscv64-unknown-elf/11.1.0/rv32i/ilp32/libgcc.a(floatsidf.o)
 .riscv.attributes
                0x00000000000057ec       0x1c /nix/store/wxfd0xxbq67dc9i4y00ypid0w7fa27qk-riscv-gnu-toolchain/lib/gcc/riscv64-unknown-elf/11.1.0/rv32i/ilp32/libgcc.a(floatsidf.o)
 .comment       0x0000000000005808       0x11 /nix/store/wxfd0xxbq67dc9i4y00ypid0w7fa27qk-riscv-gnu-toolchain/lib/gcc/riscv64-unknown-elf/11.1.0/rv32i/ilp32/libgcc.a(floatunsidf.o)
 .riscv.attributes
                0x0000000000005808       0x1c /nix/store/wxfd0xxbq67dc9i4y00ypid0w7fa27qk-riscv-gnu-toolchain/lib/gcc/riscv64-unknown-elf/11.1.0/rv32i/ilp32/libgcc.a(floatunsidf.o)
 .riscv.attributes
                0x0000000000005824       0x1a /nix/store/wxfd0xxbq67dc9i4y00ypid0w7fa27qk-riscv-gnu-toolchain/lib/gcc/riscv64-unknown-elf/11.1.0/rv32i/ilp32/libgcc.a(muldi3.o)
 .riscv.attributes
                0x000000000000583e       0x1a /nix/store/wxfd0xxbq67dc9i4y00ypid0w7fa27qk-riscv-gnu-toolchain/lib/gcc/riscv64-unknown-elf/11.1.0/rv32i/ilp32/libgcc.a(div.o)
 .comment       0x0000000000005858       0x11 /nix/store/wxfd0xxbq67dc9i4y00ypid0w7fa27qk-riscv-gnu-toolchain/lib/gcc/riscv64-unknown-elf/11.1.0/rv32i/ilp32/libgcc.a(_clz.o)
 .riscv.attributes
                0x0000000000005858       0x1c /nix/store/wxfd0xxbq67dc9i4y00ypid0w7fa27qk-riscv-gnu-toolchain/lib/gcc/riscv64-unknown-elf/11.1.0/rv32i/ilp32/libgcc.a(_clz.o)
 .comment       0x0000000000005874       0x11 /nix/store/wxfd0xxbq67dc9i4y00ypid0w7fa27qk-riscv-gnu-toolchain/lib/gcc/riscv64-unknown-elf/11.1.0/rv32i/ilp32/libgcc.a(_clzsi2.o)
 .riscv.attributes
                0x0000000000005874       0x1c /nix/store/wxfd0xxbq67dc9i4y00ypid0w7fa27qk-riscv-gnu-toolchain/lib/gcc/riscv64-unknown-elf/11.1.0/rv32i/ilp32/libgcc.a(_clzsi2.o)
 .text.malloc   0x0000000000005890       0x10 /nix/store/wxfd0xxbq67dc9i4y00ypid0w7fa27qk-riscv-gnu-toolchain/lib/gcc/riscv64-unknown-elf/11.1.0/../../../../riscv64-unknown-elf/lib/rv32i/ilp32/libc_nano.a(lib_a-malloc.o)
                0x0000000000005890                malloc
 .text.free     0x00000000000058a0       0x10 /nix/store/wxfd0xxbq67dc9i4y00ypid0w7fa27qk-riscv-gnu-toolchain/lib/gcc/riscv64-unknown-elf/11.1.0/../../../../riscv64-unknown-elf/lib/rv32i/ilp32/libc_nano.a(lib_a-malloc.o)
                0x00000000000058a0                free
 .comment       0x00000000000058b0       0x12 /nix/store/wxfd0xxbq67dc9i4y00ypid0w7fa27qk-riscv-gnu-toolchain/lib/gcc/riscv64-unknown-elf/11.1.0/../../../../riscv64-unknown-elf/lib/rv32i/ilp32/libc_nano.a(lib_a-malloc.o)
                                         0x13 (size before relaxing)
 .riscv.attributes
                0x00000000000058c2       0x1c /nix/store/wxfd0xxbq67dc9i4y00ypid0w7fa27qk-riscv-gnu-toolchain/lib/gcc/riscv64-unknown-elf/11.1.0/../../../../riscv64-unknown-elf/lib/rv32i/ilp32/libc_nano.a(lib_a-malloc.o)
 .riscv.attributes
                0x00000000000058de       0x1a /nix/store/wxfd0xxbq67dc9i4y00ypid0w7fa27qk-riscv-gnu-toolchain/lib/gcc/riscv64-unknown-elf/11.1.0/../../../../riscv64-unknown-elf/lib/rv32i/ilp32/libc_nano.a(lib_a-memcpy-asm.o)
 .text._free_r  0x00000000000058f8       0xfc /nix/store/wxfd0xxbq67dc9i4y00ypid0w7fa27qk-riscv-gnu-toolchain/lib/gcc/riscv64-unknown-elf/11.1.0/../../../../riscv64-unknown-elf/lib/rv32i/ilp32/libc_nano.a(lib_a-nano-freer.o)
                0x00000000000058f8                _free_r
 .comment       0x00000000000059f4       0x13 /nix/store/wxfd0xxbq67dc9i4y00ypid0w7fa27qk-riscv-gnu-toolchain/lib/gcc/riscv64-unknown-elf/11.1.0/../../../../riscv64-unknown-elf/lib/rv32i/ilp32/libc_nano.a(lib_a-nano-freer.o)
 .riscv.attributes
                0x00000000000059f4       0x1c /nix/store/wxfd0xxbq67dc9i4y00ypid0w7fa27qk-riscv-gnu-toolchain/lib/gcc/riscv64-unknown-elf/11.1.0/../../../../riscv64-unknown-elf/lib/rv32i/ilp32/libc_nano.a(lib_a-nano-freer.o)
 .text._malloc_r
                0x0000000000005a10      0x158 /nix/store/wxfd0xxbq67dc9i4y00ypid0w7fa27qk-riscv-gnu-toolchain/lib/gcc/riscv64-unknown-elf/11.1.0/../../../../riscv64-unknown-elf/lib/rv32i/ilp32/libc_nano.a(lib_a-nano-mallocr.o)
                0x0000000000005a10                _malloc_r
 .sbss.__malloc_free_list
                0x0000000000005b68        0x4 /nix/store/wxfd0xxbq67dc9i4y00ypid0w7fa27qk-riscv-gnu-toolchain/lib/gcc/riscv64-unknown-elf/11.1.0/../../../../riscv64-unknown-elf/lib/rv32i/ilp32/libc_nano.a(lib_a-nano-mallocr.o)
                0x0000000000005b68                __malloc_free_list
 .sbss.__malloc_sbrk_start
                0x0000000000005b6c        0x4 /nix/store/wxfd0xxbq67dc9i4y00ypid0w7fa27qk-riscv-gnu-toolchain/lib/gcc/riscv64-unknown-elf/11.1.0/../../../../riscv64-unknown-elf/lib/rv32i/ilp32/libc_nano.a(lib_a-nano-mallocr.o)
                0x0000000000005b6c                __malloc_sbrk_start
 .comment       0x0000000000005b70       0x13 /nix/store/wxfd0xxbq67dc9i4y00ypid0w7fa27qk-riscv-gnu-toolchain/lib/gcc/riscv64-unknown-elf/11.1.0/../../../../riscv64-unknown-elf/lib/rv32i/ilp32/libc_nano.a(lib_a-nano-mallocr.o)
 .riscv.attributes
                0x0000000000005b70       0x1c /nix/store/wxfd0xxbq67dc9i4y00ypid0w7fa27qk-riscv-gnu-toolchain/lib/gcc/riscv64-unknown-elf/11.1.0/../../../../riscv64-unknown-elf/lib/rv32i/ilp32/libc_nano.a(lib_a-nano-mallocr.o)
 .text._sbrk_r  0x0000000000005b8c       0x4c /nix/store/wxfd0xxbq67dc9i4y00ypid0w7fa27qk-riscv-gnu-toolchain/lib/gcc/riscv64-unknown-elf/11.1.0/../../../../riscv64-unknown-elf/lib/rv32i/ilp32/libc_nano.a(lib_a-sbrkr.o)
                0x0000000000005b8c                _sbrk_r
 .comment       0x0000000000005bd8       0x13 /nix/store/wxfd0xxbq67dc9i4y00ypid0w7fa27qk-riscv-gnu-toolchain/lib/gcc/riscv64-unknown-elf/11.1.0/../../../../riscv64-unknown-elf/lib/rv32i/ilp32/libc_nano.a(lib_a-sbrkr.o)
 .riscv.attributes
                0x0000000000005bd8       0x1c /nix/store/wxfd0xxbq67dc9i4y00ypid0w7fa27qk-riscv-gnu-toolchain/lib/gcc/riscv64-unknown-elf/11.1.0/../../../../riscv64-unknown-elf/lib/rv32i/ilp32/libc_nano.a(lib_a-sbrkr.o)
 .riscv.attributes
                0x0000000000005bf4       0x1a /nix/store/wxfd0xxbq67dc9i4y00ypid0w7fa27qk-riscv-gnu-toolchain/lib/gcc/riscv64-unknown-elf/11.1.0/../../../../riscv64-unknown-elf/lib/rv32i/ilp32/libc_nano.a(lib_a-strcmp.o)
 *fill*         0x0000000000005c0e        0x2 
 .text.strcpy   0x0000000000005c10       0x1c /nix/store/wxfd0xxbq67dc9i4y00ypid0w7fa27qk-riscv-gnu-toolchain/lib/gcc/riscv64-unknown-elf/11.1.0/../../../../riscv64-unknown-elf/lib/rv32i/ilp32/libc_nano.a(lib_a-strcpy.o)
                0x0000000000005c10                strcpy
 .comment       0x0000000000005c2c       0x13 /nix/store/wxfd0xxbq67dc9i4y00ypid0w7fa27qk-riscv-gnu-toolchain/lib/gcc/riscv64-unknown-elf/11.1.0/../../../../riscv64-unknown-elf/lib/rv32i/ilp32/libc_nano.a(lib_a-strcpy.o)
 .riscv.attributes
                0x0000000000005c2c       0x1c /nix/store/wxfd0xxbq67dc9i4y00ypid0w7fa27qk-riscv-gnu-toolchain/lib/gcc/riscv64-unknown-elf/11.1.0/../../../../riscv64-unknown-elf/lib/rv32i/ilp32/libc_nano.a(lib_a-strcpy.o)
 .text.strlen   0x0000000000005c48       0x1c /nix/store/wxfd0xxbq67dc9i4y00ypid0w7fa27qk-riscv-gnu-toolchain/lib/gcc/riscv64-unknown-elf/11.1.0/../../../../riscv64-unknown-elf/lib/rv32i/ilp32/libc_nano.a(lib_a-strlen.o)
                0x0000000000005c48                strlen
 .comment       0x0000000000005c64       0x13 /nix/store/wxfd0xxbq67dc9i4y00ypid0w7fa27qk-riscv-gnu-toolchain/lib/gcc/riscv64-unknown-elf/11.1.0/../../../../riscv64-unknown-elf/lib/rv32i/ilp32/libc_nano.a(lib_a-strlen.o)
 .riscv.attributes
                0x0000000000005c64       0x1c /nix/store/wxfd0xxbq67dc9i4y00ypid0w7fa27qk-riscv-gnu-toolchain/lib/gcc/riscv64-unknown-elf/11.1.0/../../../../riscv64-unknown-elf/lib/rv32i/ilp32/libc_nano.a(lib_a-strlen.o)
 .data.impure_data
                0x0000000000005c80       0x60 /nix/store/wxfd0xxbq67dc9i4y00ypid0w7fa27qk-riscv-gnu-toolchain/lib/gcc/riscv64-unknown-elf/11.1.0/../../../../riscv64-unknown-elf/lib/rv32i/ilp32/libc_nano.a(lib_a-impure.o)
 .sdata._impure_ptr
                0x0000000000005ce0        0x4 /nix/store/wxfd0xxbq67dc9i4y00ypid0w7fa27qk-riscv-gnu-toolchain/lib/gcc/riscv64-unknown-elf/11.1.0/../../../../riscv64-unknown-elf/lib/rv32i/ilp32/libc_nano.a(lib_a-impure.o)
                0x0000000000005ce0                _impure_ptr
 .srodata._global_impure_ptr
                0x0000000000005ce4        0x4 /nix/store/wxfd0xxbq67dc9i4y00ypid0w7fa27qk-riscv-gnu-toolchain/lib/gcc/riscv64-unknown-elf/11.1.0/../../../../riscv64-unknown-elf/lib/rv32i/ilp32/libc_nano.a(lib_a-impure.o)
                0x0000000000005ce4                _global_impure_ptr
 .comment       0x0000000000005ce8       0x13 /nix/store/wxfd0xxbq67dc9i4y00ypid0w7fa27qk-riscv-gnu-toolchain/lib/gcc/riscv64-unknown-elf/11.1.0/../../../../riscv64-unknown-elf/lib/rv32i/ilp32/libc_nano.a(lib_a-impure.o)
 .riscv.attributes
                0x0000000000005ce8       0x1c /nix/store/wxfd0xxbq67dc9i4y00ypid0w7fa27qk-riscv-gnu-toolchain/lib/gcc/riscv64-unknown-elf/11.1.0/../../../../riscv64-unknown-elf/lib/rv32i/ilp32/libc_nano.a(lib_a-impure.o)
 .text.__malloc_lock
                0x0000000000005d04        0x4 /nix/store/wxfd0xxbq67dc9i4y00ypid0w7fa27qk-riscv-gnu-toolchain/lib/gcc/riscv64-unknown-elf/11.1.0/../../../../riscv64-unknown-elf/lib/rv32i/ilp32/libc_nano.a(lib_a-mlock.o)
                0x0000000000005d04                __malloc_lock
 .text.__malloc_unlock
                0x0000000000005d08        0x4 /nix/store/wxfd0xxbq67dc9i4y00ypid0w7fa27qk-riscv-gnu-toolchain/lib/gcc/riscv64-unknown-elf/11.1.0/../../../../riscv64-unknown-elf/lib/rv32i/ilp32/libc_nano.a(lib_a-mlock.o)
                0x0000000000005d08                __malloc_unlock
 .comment       0x0000000000005d0c       0x13 /nix/store/wxfd0xxbq67dc9i4y00ypid0w7fa27qk-riscv-gnu-toolchain/lib/gcc/riscv64-unknown-elf/11.1.0/../../../../riscv64-unknown-elf/lib/rv32i/ilp32/libc_nano.a(lib_a-mlock.o)
 .riscv.attributes
                0x0000000000005d0c       0x1c /nix/store/wxfd0xxbq67dc9i4y00ypid0w7fa27qk-riscv-gnu-toolchain/lib/gcc/riscv64-unknown-elf/11.1.0/../../../../riscv64-unknown-elf/lib/rv32i/ilp32/libc_nano.a(lib_a-mlock.o)
 .text.cleanup_glue
                0x0000000000005d28       0x40 /nix/store/wxfd0xxbq67dc9i4y00ypid0w7fa27qk-riscv-gnu-toolchain/lib/gcc/riscv64-unknown-elf/11.1.0/../../../../riscv64-unknown-elf/lib/rv32i/ilp32/libc_nano.a(lib_a-reent.o)
                0x0000000000005d28                cleanup_glue
 .text._reclaim_reent
                0x0000000000005d68      0x16c /nix/store/wxfd0xxbq67dc9i4y00ypid0w7fa27qk-riscv-gnu-toolchain/lib/gcc/riscv64-unknown-elf/11.1.0/../../../../riscv64-unknown-elf/lib/rv32i/ilp32/libc_nano.a(lib_a-reent.o)
                0x0000000000005d68                _reclaim_reent
 .sbss.errno    0x0000000000005ed4        0x4 /nix/store/wxfd0xxbq67dc9i4y00ypid0w7fa27qk-riscv-gnu-toolchain/lib/gcc/riscv64-unknown-elf/11.1.0/../../../../riscv64-unknown-elf/lib/rv32i/ilp32/libc_nano.a(lib_a-reent.o)
                0x0000000000005ed4                errno
 .comment       0x0000000000005ed8       0x13 /nix/store/wxfd0xxbq67dc9i4y00ypid0w7fa27qk-riscv-gnu-toolchain/lib/gcc/riscv64-unknown-elf/11.1.0/../../../../riscv64-unknown-elf/lib/rv32i/ilp32/libc_nano.a(lib_a-reent.o)
 .riscv.attributes
                0x0000000000005ed8       0x1c /nix/store/wxfd0xxbq67dc9i4y00ypid0w7fa27qk-riscv-gnu-toolchain/lib/gcc/riscv64-unknown-elf/11.1.0/../../../../riscv64-unknown-elf/lib/rv32i/ilp32/libc_nano.a(lib_a-reent.o)
 .text._sbrk    0x0000000000005ef4       0x38 /nix/store/wxfd0xxbq67dc9i4y00ypid0w7fa27qk-riscv-gnu-toolchain/lib/gcc/riscv64-unknown-elf/11.1.0/../../../../riscv64-unknown-elf/lib/rv32i/ilp32/libnosys.a(sbrk.o)
                0x0000000000005ef4                _sbrk
 .sbss.heap_end.0
                0x0000000000005f2c        0x4 /nix/store/wxfd0xxbq67dc9i4y00ypid0w7fa27qk-riscv-gnu-toolchain/lib/gcc/riscv64-unknown-elf/11.1.0/../../../../riscv64-unknown-elf/lib/rv32i/ilp32/libnosys.a(sbrk.o)
 .comment       0x0000000000005f30       0x13 /nix/store/wxfd0xxbq67dc9i4y00ypid0w7fa27qk-riscv-gnu-toolchain/lib/gcc/riscv64-unknown-elf/11.1.0/../../../../riscv64-unknown-elf/lib/rv32i/ilp32/libnosys.a(sbrk.o)
 .riscv.attributes
                0x0000000000005f30       0x1c /nix/store/wxfd0xxbq67dc9i4y00ypid0w7fa27qk-riscv-gnu-toolchain/lib/gcc/riscv64-unknown-elf/11.1.0/../../../../riscv64-unknown-elf/lib/rv32i/ilp32/libnosys.a(sbrk.o)
                0x0000000000005f4c                stack_start = .

.stack
 *(.stack)
                0x0000000000005f4c                stack_end = .
                0x0000000000005f4c                . = ALIGN (0x4)
                0x0000000000005f4c                _heap_start = .
                0x0000000000005f4c                end = .
LOAD /tmp/ccP03mWo.o
LOAD /tmp/ccmAgf6J.o
LOAD /tmp/ccaB0YJ8.o
LOAD /tmp/ccsK5sQM.o
LOAD /tmp/cctivW9i.o
LOAD /tmp/cccZSrGt.o
LOAD /tmp/cc5mHe5i.o
LOAD /nix/store/wxfd0xxbq67dc9i4y00ypid0w7fa27qk-riscv-gnu-toolchain/lib/gcc/riscv64-unknown-elf/11.1.0/rv32i/ilp32/libgcc.a
LOAD /nix/store/wxfd0xxbq67dc9i4y00ypid0w7fa27qk-riscv-gnu-toolchain/lib/gcc/riscv64-unknown-elf/11.1.0/../../../../riscv64-unknown-elf/lib/rv32i/ilp32/libc_nano.a
LOAD /nix/store/wxfd0xxbq67dc9i4y00ypid0w7fa27qk-riscv-gnu-toolchain/lib/gcc/riscv64-unknown-elf/11.1.0/../../../../riscv64-unknown-elf/lib/rv32i/ilp32/libnosys.a
OUTPUT(iob_soc_firmware.elf elf32-littleriscv)
